D/SIGNAL_ICON(  821): return iconLevel=2
D/StatusBar.NetworkController(  821): dumpIconState[dataVisible=false dataIconId=stat_sys_data_connected_hplus signalIconId=stat_sys_5signal_2 wifiVisible=true wifiIconId=stat_sys_wifi_signal_4 airplaneMode=false]
D/StateMachine(  580): handleMessage: E msg.what=131155
D/StateMachine(  580): processMsg: ConnectedState
D/WifiStateMachine(  580): ConnectedState{ what=131155 when=-5ms target=Handler (com.android.internal.util.StateMachine$SmHandler) {41a048c8} arg1=63 }
D/StateMachine(  580): processMsg: L2ConnectedState
D/WifiStateMachine(  580): L2ConnectedState{ what=131155 when=-6ms target=Handler (com.android.internal.util.StateMachine$SmHandler) {41a048c8} arg1=63 }
D/WifiStateMachine(  580): fetchRssiAndLinkSpeedNative RSSI = -38
D/StateMachine(  580): handleMessage: X
D/StateMachine(  580): handleMessage: E msg.what=131155
D/StateMachine(  580): processMsg: ConnectedState
D/WifiStateMachine(  580): ConnectedState{ what=131155 when=-4ms target=Handler (com.android.internal.util.StateMachine$SmHandler) {41a048c8} arg1=63 }
D/StateMachine(  580): processMsg: L2ConnectedState
D/WifiStateMachine(  580): L2ConnectedState{ what=131155 when=-5ms target=Handler (com.android.internal.util.StateMachine$SmHandler) {41a048c8} arg1=63 }
D/WifiStateMachine(  580): fetchRssiAndLinkSpeedNative RSSI = -38
D/StateMachine(  580): handleMessage: X
D/StateMachine(  580): handleMessage: E msg.what=131155
D/StateMachine(  580): processMsg: ConnectedState
D/WifiStateMachine(  580): ConnectedState{ what=131155 when=-2ms target=Handler (com.android.internal.util.StateMachine$SmHandler) {41a048c8} arg1=63 }
D/StateMachine(  580): processMsg: L2ConnectedState
D/WifiStateMachine(  580): L2ConnectedState{ what=131155 when=-3ms target=Handler (com.android.internal.util.StateMachine$SmHandler) {41a048c8} arg1=63 }
D/WifiStateMachine(  580): fetchRssiAndLinkSpeedNative RSSI = -39
D/StateMachine(  580): handleMessage: X
D/AutoSetting(  903): service - mHandler: cancel location update
D/AutoSetting(  903): service -           changes count: 3
D/LocationManagerService(  580): [LPS] In removeUpdatesLocked.p.setMinTime:
D/LocationManagerService(  580): _removeUpdates: listener = Receiver{41b41018 Listener android.os.BinderProxy@41e89df8}mUpdateRecords: {network=UpdateRecord{41fce2b8 mProvider: network mUid: 10014}}
I/LocationManagerService(  580): remove network (pid 903), next minTime = 86400000
D/StateMachine(  580): handleMessage: E msg.what=131073
D/StateMachine(  580): processMsg: ConnectedState
D/PowerManagerService(  580): acquireWakeLock(42207820): PARTIAL_WAKE_LOCK , tag=NetworkLocationLocator, flags=0x1, pid=1068, uid=10017, mUserState=0x3
D/WifiService(  580): acquireWifiLockLocked: WifiLock{NetworkLocationLocator type=2 binder=android.os.BinderProxy@41e1e678}
D/WifiService(  580): updateWifiState(): wifiApEnabled: false, wifiApAirplaneMode: falsegetWifiEnabledState(): 3, getWifiApEnabledState: 11
D/WifiService(  580): updateWifiState(): mAirplaneModeOn.get(): false, mPersistWifiState.get(): 1
D/WifiService(  580): updateWifiState(): mEmergencyCallbackMode: false, mDeviceIdle: false, lockHeld: true, mStopWifiRequested:false
D/WifiService(  580): updateWifiState(): enable and start wifi
D/WifiStateMachine(  580): ConnectedState{ what=131073 when=-6ms target=Handler (com.android.internal.util.StateMachine$SmHandler) {41a048c8} arg1=2 }
D/StateMachine(  580): processMsg: L2ConnectedState
D/WifiStateMachine(  580): L2ConnectedState{ what=131073 when=-10ms target=Handler (com.android.internal.util.StateMachine$SmHandler) {41a048c8} arg1=2 }
D/StateMachine(  580): processMsg: ConnectModeState
D/WifiStateMachine(  580): ConnectModeState{ what=131073 when=-19ms target=Handler (com.android.internal.util.StateMachine$SmHandler) {41a048c8} arg1=2 }
D/StateMachine(  580): processMsg: DriverStartedState
D/WifiStateMachine(  580): DriverStartedState{ what=131073 when=-20ms target=Handler (com.android.internal.util.StateMachine$SmHandler) {41a048c8} arg1=2 }
D/StateMachine(  580): processMsg: SupplicantStartedState
D/WifiStateMachine(  580): SupplicantStartedState{ what=131073 when=-22ms target=Handler (com.android.internal.util.StateMachine$SmHandler) {41a048c8} arg1=2 }
D/StateMachine(  580): processMsg: SoftApStartedState
D/PowerManagerService(  580): acquireWakeLock(41dcb2b8): PARTIAL_WAKE_LOCK , tag=AlarmManager, flags=0x1, pid=580, uid=1000, mUserState=0x3
V/AlarmManager(  580): sending alarm PendingIntent{421c6848: PendingIntentRecord{41cf7fc0 com.google.android.location broadcastIntent}}, intent=com.google.android.location.nlp.ALARM_WAKEUP_LOCATOR, type=ELAPSED_REALTIME_WAKEUP, count=1, when=17982981, repeateInterval=0
D/WifiStateMachine(  580): SoftApStartedState{ what=131073 when=-28ms target=Handler (com.android.internal.util.StateMachine$SmHandler) {41a048c8} arg1=2 }
D/StateMachine(  580): processMsg: DefaultState
D/WifiStateMachine(  580): DefaultState{ what=131073 when=-36ms target=Handler (com.android.internal.util.StateMachine$SmHandler) {41a048c8} arg1=2 }
D/StateMachine(  580): handleMessage: X
D/StateMachine(  580): handleMessage: E msg.what=131083
D/StateMachine(  580): processMsg: ConnectedState
D/WifiStateMachine(  580): ConnectedState{ what=131083 when=-39ms target=Handler (com.android.internal.util.StateMachine$SmHandler) {41a048c8} }
D/StateMachine(  580): processMsg: L2ConnectedState
D/WifiStateMachine(  580): L2ConnectedState{ what=131083 when=-40ms target=Handler (com.android.internal.util.StateMachine$SmHandler) {41a048c8} }
D/StateMachine(  580): processMsg: ConnectModeState
D/WifiStateMachine(  580): ConnectModeState{ what=131083 when=-42ms target=Handler (com.android.internal.util.StateMachine$SmHandler) {41a048c8} }
D/StateMachine(  580): processMsg: DriverStartedState
D/WifiStateMachine(  580): DriverStartedState{ what=131083 when=-42ms target=Handler (com.android.internal.util.StateMachine$SmHandler) {41a048c8} }
D/StateMachine(  580): processMsg: SupplicantStartedState
D/WifiStateMachine(  580): SupplicantStartedState{ what=131083 when=-44ms target=Handler (com.android.internal.util.StateMachine$SmHandler) {41a048c8} }
D/StateMachine(  580): processMsg: SoftApStartedState
D/WifiStateMachine(  580): SoftApStartedState{ what=131083 when=-45ms target=Handler (com.android.internal.util.StateMachine$SmHandler) {41a048c8} }
D/StateMachine(  580): processMsg: DefaultState
D/WifiStateMachine(  580): DefaultState{ what=131083 when=-46ms target=Handler (com.android.internal.util.StateMachine$SmHandler) {41a048c8} }
D/StateMachine(  580): handleMessage: X
D/StateMachine(  580): handleMessage: E msg.what=131144
D/StateMachine(  580): processMsg: ConnectedState
D/WifiStateMachine(  580): ConnectedState{ what=131144 when=-48ms target=Handler (com.android.internal.util.StateMachine$SmHandler) {41a048c8} arg1=1 }
D/StateMachine(  580): processMsg: L2ConnectedState
D/WifiStateMachine(  580): L2ConnectedState{ what=131144 when=-49ms target=Handler (com.android.internal.util.StateMachine$SmHandler) {41a048c8} arg1=1 }
D/StateMachine(  580): handleMessage: X
D/StateMachine(  580): handleMessage: E msg.what=131085
D/StateMachine(  580): processMsg: ConnectedState
D/WifiStateMachine(  580): ConnectedState{ what=131085 when=-50ms target=Handler (com.android.internal.util.StateMachine$SmHandler) {41a048c8} }
D/StateMachine(  580): processMsg: L2ConnectedState
D/WifiStateMachine(  580): L2ConnectedState{ what=131085 when=-51ms target=Handler (com.android.internal.util.StateMachine$SmHandler) {41a048c8} }
D/StateMachine(  580): processMsg: ConnectModeState
D/WifiStateMachine(  580): ConnectModeState{ what=131085 when=-52ms target=Handler (com.android.internal.util.StateMachine$SmHandler) {41a048c8} }
D/StateMachine(  580): processMsg: DriverStartedState
D/WifiStateMachine(  580): DriverStartedState{ what=131085 when=-55ms target=Handler (com.android.internal.util.StateMachine$SmHandler) {41a048c8} }
D/StateMachine(  580): handleMessage: X
D/StateMachine(  580): handleMessage: E msg.what=131149
D/StateMachine(  580): processMsg: ConnectedState
D/WifiStateMachine(  580): ConnectedState{ what=131149 when=-57ms target=Handler (com.android.internal.util.StateMachine$SmHandler) {41a048c8} }
D/StateMachine(  580): processMsg: L2ConnectedState
D/WifiStateMachine(  580): L2ConnectedState{ what=131149 when=-57ms target=Handler (com.android.internal.util.StateMachine$SmHandler) {41a048c8} }
D/StateMachine(  580): processMsg: ConnectModeState
D/WifiStateMachine(  580): ConnectModeState{ what=131149 when=-60ms target=Handler (com.android.internal.util.StateMachine$SmHandler) {41a048c8} }
D/StateMachine(  580): processMsg: DriverStartedState
D/WifiStateMachine(  580): DriverStartedState{ what=131149 when=-61ms target=Handler (com.android.internal.util.StateMachine$SmHandler) {41a048c8} }
D/StateMachine(  580): handleMessage: X
D/StateMachine(  580): handleMessage: E msg.what=131143
D/StateMachine(  580): processMsg: ConnectedState
D/WifiStateMachine(  580): ConnectedState{ what=131143 when=-53ms target=Handler (com.android.internal.util.StateMachine$SmHandler) {41a048c8} arg1=2 }
D/StateMachine(  580): processMsg: L2ConnectedState
D/WifiStateMachine(  580): L2ConnectedState{ what=131143 when=-54ms target=Handler (com.android.internal.util.StateMachine$SmHandler) {41a048c8} arg1=2 }
D/StateMachine(  580): processMsg: ConnectModeState
D/WifiStateMachine(  580): ConnectModeState{ what=131143 when=-56ms target=Handler (com.android.internal.util.StateMachine$SmHandler) {41a048c8} arg1=2 }
D/StateMachine(  580): processMsg: DriverStartedState
D/WifiStateMachine(  580): DriverStartedState{ what=131143 when=-57ms target=Handler (com.android.internal.util.StateMachine$SmHandler) {41a048c8} arg1=2 }
I/wpa_supplicant(  795): SCAN enter
I/wpa_supplicant(  795): wlan0: wpa_supplicant_scan enter
I/wpa_supplicant(  795): wlan0: wpa_supplicant_scan wpa_s->conf->ap_scan=2 , scan_req =2
I/wpa_supplicant(  795): wpa_supplicant_trigger_scan +
D/StateMachine(  580): handleMessage: X
D/PowerManagerService(  580): acquireWakeLock(41e4d060): PARTIAL_WAKE_LOCK , tag=NetworkLocationCallbackRunner, flags=0x1, pid=1068, uid=10017, mUserState=0x3
D/PowerManagerService(  580): releaseWakeLock(41dcb2b8): PARTIAL_WAKE_LOCK , tag=AlarmManager, flags=0x1
D/PowerManagerService(  580): acquireWakeLock(41c58b80): PARTIAL_WAKE_LOCK , tag=RILJ, flags=0x1, pid=974, uid=1001, mUserState=0x3
D/PowerManagerService(  580): releaseWakeLock(41c58b80): PARTIAL_WAKE_LOCK , tag=RILJ, flags=0x1
D/PowerManagerService(  580): releaseWakeLock(41e4d060): PARTIAL_WAKE_LOCK , tag=NetworkLocationCallbackRunner, flags=0x1
I/wpa_supplicant(  795): wlan0: [HTC] wpa_supplicant_event():2758- Got an original EVENT_SCAN_RESULTS
I/wpa_supplicant(  795): Got an original EVENT_SCAN_RESULTS
I/wpa_supplicant(  795): _wpa_supplicant_event_scan_results -
I/wpa_supplicant(  795): [Horizon Wi-Free] 72:54:d2:ae:26:95 freq=2412 qual=0 noise=0 level=-37 flags=0xb
I/wpa_supplicant(  795): [Moulin Rouge] 70:54:d2:ae:26:93 freq=2412 qual=0 noise=0 level=-39 flags=0x2b
I/wpa_supplicant(  795): [Horizon Wi-Free] c6:27:95:bc:5c:55 freq=2412 qual=0 noise=0 level=-63 flags=0xb
I/wpa_supplicant(  795): [UPC2532832] c4:27:95:bc:5c:53 freq=2412 qual=0 noise=0 level=-63 flags=0xb
I/wpa_supplicant(  795): [Horizon Wi-Free] 14:49:e0:ad:3d:19 freq=2462 qual=0 noise=0 level=-87 flags=0xb
D/StateMachine(  580): handleMessage: E msg.what=147461
D/StateMachine(  580): processMsg: ConnectedState
D/WifiStateMachine(  580): ConnectedState{ what=147461 when=-3ms target=Handler (com.android.internal.util.StateMachine$SmHandler) {41a048c8} }
D/StateMachine(  580): processMsg: L2ConnectedState
D/WifiStateMachine(  580): L2ConnectedState{ what=147461 when=-4ms target=Handler (com.android.internal.util.StateMachine$SmHandler) {41a048c8} }
D/StateMachine(  580): processMsg: ConnectModeState
D/WifiStateMachine(  580): ConnectModeState{ what=147461 when=-5ms target=Handler (com.android.internal.util.StateMachine$SmHandler) {41a048c8} }
D/StateMachine(  580): processMsg: DriverStartedState
D/WifiStateMachine(  580): DriverStartedState{ what=147461 when=-6ms target=Handler (com.android.internal.util.StateMachine$SmHandler) {41a048c8} }
D/StateMachine(  580): processMsg: SupplicantStartedState
D/WifiStateMachine(  580): SupplicantStartedState{ what=147461 when=-8ms target=Handler (com.android.internal.util.StateMachine$SmHandler) {41a048c8} }
D/WirelessDisplayService(  580): Receive Wifi scan results available intent.
D/WirelessDisplayService(  580): HANDLE_WIFI_SCAN_RESULT_AVAILABLE, dongle scan = 0
D/WirelessDisplayService(  580): constructDongleInfoFromWifi() dongleScan = false
D/WirelessDisplayService(  580): wfdservice: true, finger gesture: true, don't sendBroadcast
D/WirelessDisplayService(  580): getDiscoveryDongleList
D/StateMachine(  580): handleMessage: X
D/HybridProvider(  580): getName
D/HybridProvider(  580): updateLocation.Not supported
D/StateMachine(  580): handleMessage: E msg.what=131073
D/StateMachine(  580): processMsg: ConnectedState
D/GpsLocationProvider(  580): [handleMessage] message :7
D/GpsLocationProvider(  580): Gps MessageHandler. msg.what 7 msg.arg1:0 msg.arg2: 0
D/GpsLocationProvider(  580): [handleMessage] UPDATE_LOCATION
D/GpsLocationProvider(  580): handleUpdateLocation
D/WifiStateMachine(  580): ConnectedState{ what=131073 when=0 target=Handler (com.android.internal.util.StateMachine$SmHandler) {41a048c8} arg1=2 }
D/StateMachine(  580): processMsg: L2ConnectedState
D/WifiStateMachine(  580): L2ConnectedState{ what=131073 when=-1ms target=Handler (com.android.internal.util.StateMachine$SmHandler) {41a048c8} arg1=2 }
D/StateMachine(  580): processMsg: ConnectModeState
D/WifiStateMachine(  580): ConnectModeState{ what=131073 when=-2ms target=Handler (com.android.internal.util.StateMachine$SmHandler) {41a048c8} arg1=2 }
D/StateMachine(  580): processMsg: DriverStartedState
D/WifiStateMachine(  580): DriverStartedState{ what=131073 when=-2ms target=Handler (com.android.internal.util.StateMachine$SmHandler) {41a048c8} arg1=2 }
D/StateMachine(  580): processMsg: SupplicantStartedState
D/WifiStateMachine(  580): SupplicantStartedState{ what=131073 when=-3ms target=Handler (com.android.internal.util.StateMachine$SmHandler) {41a048c8} arg1=2 }
D/StateMachine(  580): processMsg: SoftApStartedState
D/WifiStateMachine(  580): SoftApStartedState{ what=131073 when=-3ms target=Handler (com.android.internal.util.StateMachine$SmHandler) {41a048c8} arg1=2 }
D/StateMachine(  580): processMsg: DefaultState
D/WifiStateMachine(  580): DefaultState{ what=131073 when=-4ms target=Handler (com.android.internal.util.StateMachine$SmHandler) {41a048c8} arg1=2 }
D/StateMachine(  580): handleMessage: X
D/StateMachine(  580): handleMessage: E msg.what=131083
D/StateMachine(  580): processMsg: ConnectedState
D/WifiStateMachine(  580): ConnectedState{ what=131083 when=-4ms target=Handler (com.android.internal.util.StateMachine$SmHandler) {41a048c8} }
D/StateMachine(  580): processMsg: L2ConnectedState
D/WifiStateMachine(  580): L2ConnectedState{ what=131083 when=-5ms target=Handler (com.android.internal.util.StateMachine$SmHandler) {41a048c8} }
D/StateMachine(  580): processMsg: ConnectModeState
D/WifiStateMachine(  580): ConnectModeState{ what=131083 when=-5ms target=Handler (com.android.internal.util.StateMachine$SmHandler) {41a048c8} }
D/StateMachine(  580): processMsg: DriverStartedState
D/WifiStateMachine(  580): DriverStartedState{ what=131083 when=-5ms target=Handler (com.android.internal.util.StateMachine$SmHandler) {41a048c8} }
D/StateMachine(  580): processMsg: SupplicantStartedState
D/WifiStateMachine(  580): SupplicantStartedState{ what=131083 when=-6ms target=Handler (com.android.internal.util.StateMachine$SmHandler) {41a048c8} }
D/StateMachine(  580): processMsg: SoftApStartedState
D/WifiService(  580): releaseWifiLockLocked: WifiLock{NetworkLocationLocator type=2 binder=android.os.BinderProxy@41e1e678}
D/WifiService(  580): updateWifiState(): wifiApEnabled: false, wifiApAirplaneMode: falsegetWifiEnabledState(): 3, getWifiApEnabledState: 11
D/WifiService(  580): updateWifiState(): mAirplaneModeOn.get(): false, mPersistWifiState.get(): 1
D/WifiService(  580): updateWifiState(): mEmergencyCallbackMode: false, mDeviceIdle: false, lockHeld: true, mStopWifiRequested:false
D/PowerManagerService(  580): acquireWakeLock(41e83f50): PARTIAL_WAKE_LOCK , tag=GpsLocationProvider, flags=0x1, pid=580, uid=1000, mUserState=0x3
D/WifiService(  580): updateWifiState(): enable and start wifi
V/LocationManagerService(  580): In handleLocationChangedLocked.For provider: network
D/QMI_FW  (  580): QCCI: QMI_CCI_TX: cntl_flag - 00, txn_id - 0135, msg_id - 0039, msg_len - 0021
D/QMI_FW  (  580): QCCI: Sent[299]: 40 bytes to port 2816
D/PowerManagerService(  580): releaseWakeLock(41e83f50): PARTIAL_WAKE_LOCK , tag=GpsLocationProvider, flags=0x1
D/PowerManagerService(  580): releaseWakeLock(42207820): PARTIAL_WAKE_LOCK , tag=NetworkLocationLocator, flags=0x1
V/LocationManagerService(  580): In handleLocationChangedLocked.For provider: passive
D/PowerManagerService(  580): acquireWakeLock(41f93388): PARTIAL_WAKE_LOCK , tag=LocationManagerService, flags=0x1, pid=580, uid=1000, mUserState=0x3
D/QMI_FW  (  580): QCCI: reader_thread: Received 14 bytes from 299
D/QMI_FW  (  580): QCCI: QMI_CCI_RX: cntl_flag - 02, txn_id - 0135, msg_id - 0039, msg_len - 0007
D/QMI_FW  (  580): QCCI: reader_thread: Received 14 bytes from 299
D/WifiStateMachine(  580): SoftApStartedState{ what=131083 when=-7ms target=Handler (com.android.internal.util.StateMachine$SmHandler) {41a048c8} }
D/GpsLocationProvider(  580): [reportHTCStatus] eventMask = 2 , status = 0
D/GpsLocationProvider(  580): [reportHTCStatus] HTC_GPS_STATUS_INJECT_LOCATION
D/StateMachine(  580): processMsg: DefaultState
D/WifiStateMachine(  580): DefaultState{ what=131083 when=-7ms target=Handler (com.android.internal.util.StateMachine$SmHandler) {41a048c8} }
D/StateMachine(  580): handleMessage: X
D/StateMachine(  580): handleMessage: E msg.what=131144
D/StateMachine(  580): processMsg: ConnectedState
D/WifiStateMachine(  580): ConnectedState{ what=131144 when=-8ms target=Handler (com.android.internal.util.StateMachine$SmHandler) {41a048c8} arg1=1 }
D/StateMachine(  580): processMsg: L2ConnectedState
D/WifiStateMachine(  580): L2ConnectedState{ what=131144 when=-9ms target=Handler (com.android.internal.util.StateMachine$SmHandler) {41a048c8} arg1=1 }
D/StateMachine(  580): handleMessage: X
D/StateMachine(  580): handleMessage: E msg.what=131085
D/StateMachine(  580): processMsg: ConnectedState
D/WifiStateMachine(  580): ConnectedState{ what=131085 when=-9ms target=Handler (com.android.internal.util.StateMachine$SmHandler) {41a048c8} }
D/StateMachine(  580): processMsg: L2ConnectedState
D/WifiStateMachine(  580): L2ConnectedState{ what=131085 when=-10ms target=Handler (com.android.internal.util.StateMachine$SmHandler) {41a048c8} }
D/StateMachine(  580): processMsg: ConnectModeState
D/WifiStateMachine(  580): ConnectModeState{ what=131085 when=-10ms target=Handler (com.android.internal.util.StateMachine$SmHandler) {41a048c8} }
D/StateMachine(  580): processMsg: DriverStartedState
D/WifiStateMachine(  580): DriverStartedState{ what=131085 when=-10ms target=Handler (com.android.internal.util.StateMachine$SmHandler) {41a048c8} }
D/StateMachine(  580): handleMessage: X
D/StateMachine(  580): handleMessage: E msg.what=131149
D/StateMachine(  580): processMsg: ConnectedState
D/WifiStateMachine(  580): ConnectedState{ what=131149 when=-10ms target=Handler (com.android.internal.util.StateMachine$SmHandler) {41a048c8} }
D/StateMachine(  580): processMsg: L2ConnectedState
D/WifiStateMachine(  580): L2ConnectedState{ what=131149 when=-10ms target=Handler (com.android.internal.util.StateMachine$SmHandler) {41a048c8} }
D/StateMachine(  580): processMsg: ConnectModeState
D/AutoSetting(  903): service - onStartCommand() action: com.htc.app.autosetting.location
D/WifiStateMachine(  580): ConnectModeState{ what=131149 when=-11ms target=Handler (com.android.internal.util.StateMachine$SmHandler) {41a048c8} }
D/StateMachine(  580): processMsg: DriverStartedState
D/AutoSetting(  903): service - handleMessage() incoming message, what:1
D/WifiStateMachine(  580): DriverStartedState{ what=131149 when=-11ms target=Handler (com.android.internal.util.StateMachine$SmHandler) {41a048c8} }
D/StateMachine(  580): handleMessage: X
D/AutoSetting(  903): service - handleMessage() within range
D/QMI_FW  (  580): QCCI: QMI_CCI_RX: cntl_flag - 04, txn_id - 0000, msg_id - 0039, msg_len - 0007
D/PowerManagerService(  580): releaseWakeLock(41f93388): PARTIAL_WAKE_LOCK , tag=LocationManagerService, flags=0x1
D/PowerManagerService(  580): acquireWakeLock(41c11ec0): PARTIAL_WAKE_LOCK , tag=LocationManagerService, flags=0x1, pid=580, uid=1000, mUserState=0x3
D/PowerManagerService(  580): releaseWakeLock(41c11ec0): PARTIAL_WAKE_LOCK , tag=LocationManagerService, flags=0x1
D/PowerManagerService(  580): acquireWakeLock(41e40530): PARTIAL_WAKE_LOCK , tag=LocationManagerService, flags=0x1, pid=580, uid=1000, mUserState=0x3
D/PowerManagerService(  580): releaseWakeLock(41e40530): PARTIAL_WAKE_LOCK , tag=LocationManagerService, flags=0x1
D/StateMachine(  580): handleMessage: E msg.what=131155
D/StateMachine(  580): processMsg: ConnectedState
D/WifiStateMachine(  580): ConnectedState{ what=131155 when=-3ms target=Handler (com.android.internal.util.StateMachine$SmHandler) {41a048c8} arg1=63 }
D/StateMachine(  580): processMsg: L2ConnectedState
D/WifiStateMachine(  580): L2ConnectedState{ what=131155 when=-5ms target=Handler (com.android.internal.util.StateMachine$SmHandler) {41a048c8} arg1=63 }
D/WifiStateMachine(  580): fetchRssiAndLinkSpeedNative RSSI = -38
D/StateMachine(  580): handleMessage: X
I/ActivityManager(  580): Start proc com.google.android.googlequicksearchbox:search for service com.google.android.googlequicksearchbox/com.google.android.search.core.icingsync.UpdateIcingCorporaService: pid=28771 uid=10038 gids={3003, 3001, 1028, 3002, 1015, 1006}
D/PowerManagerService(  580): acquireWakeLock(41b16cb0): PARTIAL_WAKE_LOCK , tag=AlarmManager, flags=0x1, pid=580, uid=1000, mUserState=0x3
V/AlarmManager(  580): sending alarm PendingIntent{4225c260: PendingIntentRecord{421db108 com.google.android.googlequicksearchbox startService}}, intent=ACTION_MAYBE_UPDATE_CONTACTS, type=ELAPSED_REALTIME_WAKEUP, count=1, when=17988557, repeateInterval=0
D/PowerManagerService(  580): releaseWakeLock(41b16cb0): PARTIAL_WAKE_LOCK , tag=AlarmManager, flags=0x1
E/Trace   (28771): error opening trace file: No such file or directory (2)
D/StateMachine(  580): handleMessage: E msg.what=131155
D/StateMachine(  580): processMsg: ConnectedState
D/WifiStateMachine(  580): ConnectedState{ what=131155 when=-3ms target=Handler (com.android.internal.util.StateMachine$SmHandler) {41a048c8} arg1=63 }
D/StateMachine(  580): processMsg: L2ConnectedState
D/WifiStateMachine(  580): L2ConnectedState{ what=131155 when=-4ms target=Handler (com.android.internal.util.StateMachine$SmHandler) {41a048c8} arg1=63 }
D/WifiStateMachine(  580): fetchRssiAndLinkSpeedNative RSSI = -39
D/StateMachine(  580): handleMessage: X
I/ActivityThread(28771): Pub com.google.android.googlequicksearchbox.google: com.google.android.search.core.google.GoogleSuggestionProvider
I/ActivityThread(28771): Pub com.google.android.googlequicksearchbox.AudioProvider: com.google.android.speech.audio.AudioProvider
I/ActivityThread(28771): Pub com.google.android.googlequicksearchbox.icing: com.google.android.search.core.icingsync.InternalIcingCorporaProvider
W/dalvikvm(28771): VFY: unable to resolve static field 219 (CONTENT_URI) in Landroid/provider/ContactsContract$DeletedContacts;
W/dalvikvm(28771): VFY: unable to resolve virtual method 260: Landroid/app/ActivityManager;.isLowRamDevice ()Z
W/dalvikvm(28771): VFY: unable to resolve static method 1963: Landroid/provider/Settings$Global;.getInt (Landroid/content/ContentResolver;Ljava/lang/String;I)I
W/dalvikvm(28771): VFY: unable to resolve virtual method 5445: Landroid/view/View;.isInLayout ()Z
I/ActivityThread(28771): Pub com.google.android.googlequicksearchbox.NetworkImageLoaderContentProvider: com.google.android.search.core.imageloader.NetworkImageLoaderContentProvider
I/ActivityThread(28771): Pub com.google.android.velvet.extradex.ExtraDexHostProvider: com.google.android.velvet.extradex.ExtraDexHostProvider
I/ActivityThread(28771): Pub com.google.android.velvet.util.statedumpprovider: com.google.android.velvet.util.StateDumpProvider
I/ActivityThread(28771): Pub com.google.android.projection.CarAudioProvider: com.google.android.projection.CarAudioProvider
I/ActivityManager(  580): Start proc com.google.android.partnersetup for content provider com.google.android.partnersetup/.RlzAppProvider: pid=28793 uid=10037 gids={3003, 1028}
E/Trace   (28793): error opening trace file: No such file or directory (2)
W/dalvikvm(28771): VFY: unable to resolve virtual method 268: Landroid/app/AlarmManager;.setExact (IJLandroid/app/PendingIntent;)V
D/HybridProvider(  580): getName
I/ActivityThread(28793): Pub com.google.android.partnersetup.rlzprovider: com.google.android.partnersetup.RlzProvider
D/Socket_Alarm(28771): registerHTCSocketMonitorCallBack
D/Socket_Alarm(28771): set mSocketMonitor
D/Socket_Alarm(28771): HTCSocketMonitorImpl::HTCSocketMonitorImpl
V/LocationManagerService(  580): getProviders
I/ActivityThread(28793): Pub com.google.android.partnersetup.rlzappprovider: com.google.android.partnersetup.RlzAppProvider
W/dalvikvm(28771): VFY: unable to resolve virtual method 902: Landroid/content/pm/PackageManager;.getPackageInstaller ()Landroid/content/pm/PackageInstaller;
I/UpdateIcingCorporaServi(28771): Updating corpora: APPS=MAYBE, CONTACTS=FORCE_ALL
D/PowerManagerService(  580): acquireWakeLock(41b37920): PARTIAL_WAKE_LOCK , tag=AlarmManager, flags=0x1, pid=580, uid=1000, mUserState=0x3
V/AlarmManager(  580): sending alarm PendingIntent{412e64c8: PendingIntentRecord{418eb9c8 android broadcastIntent}}, intent=android.content.syncmanager.SYNC_ALARM, type=ELAPSED_REALTIME_WAKEUP, count=1, when=17990521, repeateInterval=0
D/PowerManagerService(  580): acquireWakeLock(420b5d50): PARTIAL_WAKE_LOCK , tag=SyncManagerHandleSyncAlarm, flags=0x1, pid=580, uid=1000, mUserState=0x3
D/PowerManagerService(  580): releaseWakeLock(41b37920): PARTIAL_WAKE_LOCK , tag=AlarmManager, flags=0x1
D/PowerManagerService(  580): acquireWakeLock(41c676e0): PARTIAL_WAKE_LOCK , tag=SyncLoopWakeLock, flags=0x1, pid=580, uid=1000, mUserState=0x3
D/PowerManagerService(  580): releaseWakeLock(420b5d50): PARTIAL_WAKE_LOCK , tag=SyncManagerHandleSyncAlarm, flags=0x1
D/PowerManagerService(  580): releaseWakeLock(41c676e0): PARTIAL_WAKE_LOCK , tag=SyncLoopWakeLock, flags=0x1
I/ApplicationLogger(28771): canRun() : Opted Out
D/StateMachine(  580): handleMessage: E msg.what=131155
D/StateMachine(  580): processMsg: ConnectedState
D/WifiStateMachine(  580): ConnectedState{ what=131155 when=-3ms target=Handler (com.android.internal.util.StateMachine$SmHandler) {41a048c8} arg1=63 }
D/StateMachine(  580): processMsg: L2ConnectedState
D/WifiStateMachine(  580): L2ConnectedState{ what=131155 when=-4ms target=Handler (com.android.internal.util.StateMachine$SmHandler) {41a048c8} arg1=63 }
D/WifiStateMachine(  580): fetchRssiAndLinkSpeedNative RSSI = -39
D/StateMachine(  580): handleMessage: X
D/PowerManagerService(  580): acquireWakeLock(41ecfa18): PARTIAL_WAKE_LOCK , tag=Icing, flags=0x1, pid=1291, uid=10017, mUserState=0x3
I/ContactLogger(28771): canRun() : Opted Out
I/UpdateIcingCorporaServi(28771): UpdateCorporaTask done [took 4132 ms] updated apps [took 1026 ms] updated contacts [took 3106 ms]
I/ActivityManager(  580): Recipient 28244
I/ActivityManager(  580): Process com.htc.task (pid 28244) has died.
W/dalvikvm(27511): disableGcForExternalAlloc: true
W/dalvikvm(27511): disableGcForExternalAlloc: false
I/Icing   ( 1291): Indexing D144ACD9D3D8EF936CBE21364A20ABC14FE3B9FE from com.google.android.googlequicksearchbox
I/Icing   ( 1291): Not enough disk space for indexing trimmable
D/StateMachine(  580): handleMessage: E msg.what=131155
D/StateMachine(  580): processMsg: ConnectedState
D/WifiStateMachine(  580): ConnectedState{ what=131155 when=-6ms target=Handler (com.android.internal.util.StateMachine$SmHandler) {41a048c8} arg1=63 }
D/StateMachine(  580): processMsg: L2ConnectedState
D/WifiStateMachine(  580): L2ConnectedState{ what=131155 when=-7ms target=Handler (com.android.internal.util.StateMachine$SmHandler) {41a048c8} arg1=63 }
D/WifiStateMachine(  580): fetchRssiAndLinkSpeedNative RSSI = -39
D/StateMachine(  580): handleMessage: X
I/Icing   ( 1291): Not enough disk space for indexing trimmable
I/Icing   ( 1291): Indexing done D144ACD9D3D8EF936CBE21364A20ABC14FE3B9FE
D/PowerManagerService(  580): releaseWakeLock(41ecfa18): PARTIAL_WAKE_LOCK , tag=Icing, flags=0x1
D/TELEPHONY_CALLBACK(  821): @onSignalStrengthChanged: SignalStrength: 6 -1 -1 -1 -1 -1 -1 -1 -1 -1 2147483647 -1 gsm|lte
D/StatusBar.NetworkController(  821): dumpState[hasService=true ServiceState=0 home 3 3 27202  HSPA CSS not supported -1 -1 RoamInd=-1 DefRoamInd=-1EriInd= -1EriMode= -1RadioPowerSv: false EmergOnly=false PhoneType: 1 IsCdma=false SimState=UNKNOWN GprsState=0 DataState=Disconnected DataActivity=NONE NetworkType=HSPA HtcModemLinkOn=false HspaDataDistinquishable=true]
D/SIGNAL_ICON(  821): updateTelephonySignalStrength
D/SIGNAL_ICON(  821): fakeui srv=0 mTimerEnabled=false asu=6
D/SIGNAL_ICON(  821): asu=6
D/SIGNAL_ICON(  821): SUPPORT_5_LEVEL_SIGNAL
D/SIGNAL_ICON(  821): mapTelephonySignalStrength
D/SIGNAL_ICON(  821): maxLevel=5 asu=6 networkType=HSPA
D/SIGNAL_ICON(  821): return iconLevel=2
D/StatusBar.NetworkController(  821): dumpIconState[dataVisible=false dataIconId=stat_sys_data_connected_hplus signalIconId=stat_sys_5signal_2 wifiVisible=true wifiIconId=stat_sys_wifi_signal_4 airplaneMode=false]
D/StateMachine(  580): handleMessage: E msg.what=131155
D/StateMachine(  580): processMsg: ConnectedState
D/WifiStateMachine(  580): ConnectedState{ what=131155 when=-4ms target=Handler (com.android.internal.util.StateMachine$SmHandler) {41a048c8} arg1=63 }
D/StateMachine(  580): processMsg: L2ConnectedState
D/WifiStateMachine(  580): L2ConnectedState{ what=131155 when=-5ms target=Handler (com.android.internal.util.StateMachine$SmHandler) {41a048c8} arg1=63 }
D/WifiStateMachine(  580): fetchRssiAndLinkSpeedNative RSSI = -40
D/StateMachine(  580): handleMessage: X
D/TELEPHONY_CALLBACK(  821): @onSignalStrengthChanged: SignalStrength: 5 -1 -1 -1 -1 -1 -1 -1 -1 -1 2147483647 -1 gsm|lte
D/StatusBar.NetworkController(  821): dumpState[hasService=true ServiceState=0 home 3 3 27202  HSPA CSS not supported -1 -1 RoamInd=-1 DefRoamInd=-1EriInd= -1EriMode= -1RadioPowerSv: false EmergOnly=false PhoneType: 1 IsCdma=false SimState=UNKNOWN GprsState=0 DataState=Disconnected DataActivity=NONE NetworkType=HSPA HtcModemLinkOn=false HspaDataDistinquishable=true]
D/SIGNAL_ICON(  821): updateTelephonySignalStrength
D/SIGNAL_ICON(  821): fakeui srv=0 mTimerEnabled=false asu=5
D/SIGNAL_ICON(  821): asu=5
D/SIGNAL_ICON(  821): SUPPORT_5_LEVEL_SIGNAL
D/SIGNAL_ICON(  821): mapTelephonySignalStrength
D/SIGNAL_ICON(  821): maxLevel=5 asu=5 networkType=HSPA
D/SIGNAL_ICON(  821): return iconLevel=2
D/StatusBar.NetworkController(  821): dumpIconState[dataVisible=false dataIconId=stat_sys_data_connected_hplus signalIconId=stat_sys_5signal_2 wifiVisible=true wifiIconId=stat_sys_wifi_signal_4 airplaneMode=false]
D/PowerManagerService(  580): acquireWakeLock(418d1840): PARTIAL_WAKE_LOCK , tag=AlarmManager, flags=0x1, pid=580, uid=1000, mUserState=0x3
V/AlarmManager(  580): sending alarm PendingIntent{41632fe8: PendingIntentRecord{419e8c78 android broadcastIntent}}, intent=android.intent.action.TIME_TICK, type=RTC, count=1, when=1427641920000, repeateInterval=0
V/AlarmManager(  580): sending alarm PendingIntent{421b8c18: PendingIntentRecord{4186d298 com.facebook.orca broadcastIntent}}, intent=com.facebook.push.mqtt.keepalive.b.ACTION_INEXACT_ALARM.com.facebook.orca, type=ELAPSED_REALTIME_WAKEUP, count=1, when=18900000, repeateInterval=900000
V/AlarmManager(  580): sending alarm PendingIntent{41c5ce98: PendingIntentRecord{416e4870 com.facebook.katana broadcastIntent}}, intent=com.facebook.push.mqtt.keepalive.KeepaliveManager.ACTION_INEXACT_ALARM.com.facebook.katana, type=ELAPSED_REALTIME_WAKEUP, count=1, when=18900000, repeateInterval=900000
V/AlarmManager(  580): sending alarm PendingIntent{41e0ef20: PendingIntentRecord{41a68598 com.whatsapp broadcastIntent}}, intent=DEVICE_INFO_ALARM_ACTION, type=ELAPSED_REALTIME, count=1, when=21600000, repeateInterval=3600000
V/NetworkStatsFactory(  580): readNetworkStatsDetail(-1) start
V/NetworkStatsFactory(  580): readNetworkStatsDetail(-1) line 114, tooks 20 ms
V/NetworkStats(  580): groupedByUid() size=114
V/NetworkStats(  580): groupedByUid() tooks 3 ms
D/PowerManagerService(  580): releaseWakeLock(418d1840): PARTIAL_WAKE_LOCK , tag=AlarmManager, flags=0x1
D/StateMachine(  580): handleMessage: E msg.what=131155
D/StateMachine(  580): processMsg: ConnectedState
D/WifiStateMachine(  580): ConnectedState{ what=131155 when=-3ms target=Handler (com.android.internal.util.StateMachine$SmHandler) {41a048c8} arg1=63 }
D/StateMachine(  580): processMsg: L2ConnectedState
D/WifiStateMachine(  580): L2ConnectedState{ what=131155 when=-4ms target=Handler (com.android.internal.util.StateMachine$SmHandler) {41a048c8} arg1=63 }
D/WifiStateMachine(  580): fetchRssiAndLinkSpeedNative RSSI = -40
D/StateMachine(  580): handleMessage: X
D/StateMachine(  580): handleMessage: E msg.what=131155
D/StateMachine(  580): processMsg: ConnectedState
D/WifiStateMachine(  580): ConnectedState{ what=131155 when=-2ms target=Handler (com.android.internal.util.StateMachine$SmHandler) {41a048c8} arg1=63 }
D/StateMachine(  580): processMsg: L2ConnectedState
D/WifiStateMachine(  580): L2ConnectedState{ what=131155 when=-3ms target=Handler (com.android.internal.util.StateMachine$SmHandler) {41a048c8} arg1=63 }
D/WifiStateMachine(  580): fetchRssiAndLinkSpeedNative RSSI = -40
D/StateMachine(  580): handleMessage: X
I/NONPRIME(27511): <CallBackProxy> Send to WebViewClient.
W/CpuWake (  580): >>nativeAcquireCpuPerfWakeLock()
W/CpuWake (  580): <<nativeAcquireCpuPerfWakeLock()
I/ActivityManager(  580): START {act=android.intent.action.VIEW cat=[android.intent.category.BROWSABLE] dat=mailto cmp=android/com.android.internal.app.ResolverActivity u=0} from pid 27511
I/Intent  (  580): @test_code: getHtcIntentFlag: 0 obj: 1104450048
D/PowerManagerService(  580): acquireWakeLock(41dc11d8): PARTIAL_WAKE_LOCK , tag=ActivityManager-Launch, flags=0x1, pid=580, uid=1000, mUserState=0x3
D/CordovaActivity(27511): Paused the application!
D/CordovaWebView(27511): Handle the pause
W/dalvikvm(  580): disableGcForExternalAlloc: true
W/dalvikvm(  580): disableGcForExternalAlloc: false
D/PowerManagerService(  580): acquireWakeLock(41d12fb0): CPU_MIN_FREQ , tag=WindowManager-ScreenRotation-Freq, flags=0x100, pid=580, uid=1000, mUserState=0x3
W/dalvikvm(  580): disableGcForExternalAlloc: true
W/dalvikvm(  580): disableGcForExternalAlloc: false
D/PowerManagerService(  580): acquireWakeLock(41cc4d48): CPU_MIN_NUM , tag=WindowManager-ScreenRotation-Num, flags=0x400, pid=580, uid=1000, mUserState=0x3
D/PowerManagerService(  580): acquireWakeLock(41b52000): PARTIAL_WAKE_LOCK , tag=SCREEN_FROZEN, flags=0x1, pid=580, uid=1000, mUserState=0x3
I/ActivityManager(  580): Config changed: {1.0 272mcc2mnc en_FR sw360dp w360dp h614dp nrml long port finger -keyb/v/h -nav/h s.45 skin=default fontsize=3 hasNavBar=0}
I/CVW     (  945): Dismiss CandidateViewWindow WCLID:0
D/CommonListView(28371): delete screenshot file:/data/data/com.android.mms/cache/screenshot_1
D/CommonListView(28371): delete screenshot file:/data/data/com.android.mms/cache/screenshot_2
V/MfLog   (  983): BrowseLayerCarouselFragment{41166978 #0 id=0x36f8056f}, onConfigurationChanged
V/MfLog   (  983): Dialer{41213ac0 #1 id=0x40000001 i2537c.BrowseLayerCarouselFragment.1.PEOPLE_DIALER}, onConfigurationChanged
D/memalloc(  821): ion: Unmapping buffer  base:0x53a90000 size:208896
D/memalloc(  821): ion: Unmapping buffer  base:0x509cc000 size:4096
D/memalloc(  821): ion: Unmapping buffer  base:0x53c1a000 size:208896
D/memalloc(  821): ion: Unmapping buffer  base:0x50ef8000 size:4096
D/memalloc(  821): ion: Unmapping buffer  base:0x53ddf000 size:208896
D/memalloc(  821): ion: Unmapping buffer  base:0x50efa000 size:4096
W/dalvikvm(27511): disableGcForExternalAlloc: false
D/memalloc(  240): ion: Freeing buffer base:0x42381000 size:208896 fd:50
D/memalloc(  240): ion: Unmapping buffer  base:0x42381000 size:208896
D/memalloc(  240): ion: Freeing buffer base:0x40456000 size:4096 fd:51
D/memalloc(  240): ion: Unmapping buffer  base:0x40456000 size:4096
D/memalloc(  240): ion: Freeing buffer base:0x4273e000 size:208896 fd:67
D/memalloc(  240): ion: Unmapping buffer  base:0x4273e000 size:208896
D/memalloc(  240): ion: Freeing buffer base:0x40457000 size:4096 fd:80
D/memalloc(  240): ion: Unmapping buffer  base:0x40457000 size:4096
D/memalloc(  240): ion: Allocated buffer base:0x41a50000 size:69632 fd:50
D/memalloc(  240): ion: Allocated buffer base:0x4028d000 size:4096 fd:51
D/memalloc(  821): ion: Mapped buffer base:0x53762000 size:69632 offset:0 fd:85
D/memalloc(  821): ion: Mapped buffer base:0x509cc000 size:4096 offset:0 fd:88
D/SizeAdaptiveLayout(  821): com.android.internal.widget.SizeAdaptiveLayout@41275cf0child view android.widget.LinearLayout@41277c40 measured out of bounds at 95px clamped to 96px
D/SizeAdaptiveLayout(  821): com.android.internal.widget.SizeAdaptiveLayout@410ad540child view android.widget.FrameLayout@410ade98 measured out of bounds at 95px clamped to 96px
D/SizeAdaptiveLayout(  821): com.android.internal.widget.SizeAdaptiveLayout@411f6f88child view android.widget.FrameLayout@41127518 measured out of bounds at 95px clamped to 96px
D/SizeAdaptiveLayout(  821): com.android.internal.widget.SizeAdaptiveLayout@410bea98child view android.widget.FrameLayout@412fd7a0 measured out of bounds at 95px clamped to 96px
D/memalloc(27511): ion: Unmapping buffer  base:0x53e23000 size:1949696
D/memalloc(27511): ion: Unmapping buffer  base:0x40c1e000 size:4096
D/memalloc(27511): ion: Unmapping buffer  base:0x5425f000 size:1949696
D/memalloc(27511): ion: Unmapping buffer  base:0x49168000 size:4096
D/memalloc(27511): ion: Unmapping buffer  base:0x58417000 size:1949696
D/memalloc(27511): ion: Unmapping buffer  base:0x4ff6e000 size:4096
D/memalloc(  240): ion: Freeing buffer base:0x43c47000 size:1949696 fd:44
D/memalloc(  240): ion: Unmapping buffer  base:0x43c47000 size:1949696
D/memalloc(  240): ion: Freeing buffer base:0x401e6000 size:4096 fd:45
D/memalloc(  240): ion: Unmapping buffer  base:0x401e6000 size:4096
D/memalloc(  240): ion: Freeing buffer base:0x43e23000 size:1949696 fd:110
D/memalloc(  240): ion: Unmapping buffer  base:0x43e23000 size:1949696
D/memalloc(  240): ion: Freeing buffer base:0x40469000 size:4096 fd:111
D/memalloc(  240): ion: Unmapping buffer  base:0x40469000 size:4096
D/memalloc(  240): ion: Allocated buffer base:0x4260a000 size:2088960 fd:44
D/memalloc(  240): ion: Allocated buffer base:0x4003c000 size:4096 fd:45
D/memalloc(27511): ion: Mapped buffer base:0x5425f000 size:2088960 offset:0 fd:77
D/memalloc(27511): ion: Mapped buffer base:0x40c1e000 size:4096 offset:0 fd:79
D/SizeAdaptiveLayout(  821): com.android.internal.widget.SizeAdaptiveLayout@41284580child view android.widget.FrameLayout@41286448 measured out of bounds at 95px clamped to 96px
D/SizeAdaptiveLayout(  821): com.android.internal.widget.SizeAdaptiveLayout@411d0088child view android.widget.FrameLayout@411d2360 measured out of bounds at 95px clamped to 96px
D/memalloc(  240): ion: Allocated buffer base:0x42ec4000 size:2088960 fd:62
D/memalloc(  240): ion: Allocated buffer base:0x401e6000 size:4096 fd:63
D/memalloc(27511): ion: Mapped buffer base:0x58c4a000 size:2088960 offset:0 fd:81
D/memalloc(27511): ion: Mapped buffer base:0x49168000 size:4096 offset:0 fd:83
D/memalloc(  240): ion: Freeing buffer base:0x43a6b000 size:1949696 fd:106
D/memalloc(  240): ion: Unmapping buffer  base:0x43a6b000 size:1949696
D/memalloc(  240): ion: Freeing buffer base:0x40468000 size:4096 fd:107
D/memalloc(  240): ion: Unmapping buffer  base:0x40468000 size:4096
D/PowerManagerService(  580): releaseWakeLock(41b52000): PARTIAL_WAKE_LOCK , tag=SCREEN_FROZEN, flags=0x1
D/CarrierLabel(  821): CarrierLabel mIntentReceiver : android.intent.action.CONFIGURATION_CHANGED
D/CarrierLabel(  821): updateResources()
W/CarrierLabel(  821): updateNetworkNameExt: mSimState = UNKNOWN
D/CarrierLabel(  821): updateNetworkName showSpn=false spn= showPlmn=true plmn=3
D/memalloc(  240): ion: Allocated buffer base:0x4355f000 size:2088960 fd:67
D/memalloc(  240): ion: Allocated buffer base:0x40297000 size:4096 fd:68
D/memalloc(27511): ion: Mapped buffer base:0x58e48000 size:2088960 offset:0 fd:85
D/memalloc(27511): ion: Mapped buffer base:0x4ff6e000 size:4096 offset:0 fd:100
D/ViewRootImpl(  580): @@@- disable SystemServer HW acceleration
I/VolumePanel(  580): ACTION_CONFIGURATION_CHANGED
D/memalloc(  240): ion: Allocated buffer base:0x42963000 size:905216 fd:79
D/memalloc(  240): ion: Allocated buffer base:0x4003e000 size:4096 fd:80
D/memalloc(  580): ion: Mapped buffer base:0x582fb000 size:905216 offset:0 fd:287
D/memalloc(  580): ion: Mapped buffer base:0x4009b000 size:4096 offset:0 fd:310
I/ActivityManager(  580): Displayed android/com.android.internal.app.ResolverActivity: +385ms
I/ActivityManager(  580): Recipient 28371
I/ActivityManager(  580): Process com.android.mms (pid 28371) has died.
D/memalloc(  240): ion: Allocated buffer base:0x4385d000 size:905216 fd:88
D/memalloc(  240): ion: Allocated buffer base:0x40027000 size:4096 fd:89
D/memalloc(  580): ion: Mapped buffer base:0x583d8000 size:905216 offset:0 fd:316
D/memalloc(  580): ion: Mapped buffer base:0x40c1e000 size:4096 offset:0 fd:318
D/PowerManagerService(  580): releaseWakeLock(41dc11d8): PARTIAL_WAKE_LOCK , tag=ActivityManager-Launch, flags=0x1
D/HtcDialer(  983): updateButtonTextPreferred() mShouldUpdateCallBtnPreferred=true slot=1
D/HtcDialer(  983): updateButtonTextPreferred() mShouldUpdateCallBtnPreferred=true slot=1
D/HtcDialer(  983): updateButtonTextPreferred() mShouldUpdateCallBtnPreferred=true slot=1
D/my      (  983): myGC1
D/TELEPHONY_CALLBACK(  821): @onSignalStrengthChanged: SignalStrength: 5 -1 -1 -1 -1 -1 -1 -1 -1 -1 2147483647 -1 gsm|lte
D/StatusBar.NetworkController(  821): dumpState[hasService=true ServiceState=0 home 3 3 27202  HSPA CSS not supported -1 -1 RoamInd=-1 DefRoamInd=-1EriInd= -1EriMode= -1RadioPowerSv: false EmergOnly=false PhoneType: 1 IsCdma=false SimState=UNKNOWN GprsState=0 DataState=Disconnected DataActivity=NONE NetworkType=HSPA HtcModemLinkOn=false HspaDataDistinquishable=true]
D/SIGNAL_ICON(  821): updateTelephonySignalStrength
D/SIGNAL_ICON(  821): fakeui srv=0 mTimerEnabled=false asu=5
D/SIGNAL_ICON(  821): asu=5
D/SIGNAL_ICON(  821): SUPPORT_5_LEVEL_SIGNAL
D/SIGNAL_ICON(  821): mapTelephonySignalStrength
D/SIGNAL_ICON(  821): maxLevel=5 asu=5 networkType=HSPA
D/SIGNAL_ICON(  821): return iconLevel=2
D/StatusBar.NetworkController(  821): dumpIconState[dataVisible=false dataIconId=stat_sys_data_connected_hplus signalIconId=stat_sys_5signal_2 wifiVisible=true wifiIconId=stat_sys_wifi_signal_4 airplaneMode=false]
D/PowerManagerService(  580): releaseWakeLock(41d12fb0): CPU_MIN_FREQ , tag=WindowManager-ScreenRotation-Freq, flags=0x100
D/PowerManagerService(  580): releaseWakeLock(41cc4d48): CPU_MIN_NUM , tag=WindowManager-ScreenRotation-Num, flags=0x400
D/memalloc(  240): ion: Allocated buffer base:0x42cc6000 size:905216 fd:93
D/memalloc(  240): ion: Allocated buffer base:0x4041f000 size:4096 fd:94
D/memalloc(  580): ion: Mapped buffer base:0x59298000 size:905216 offset:0 fd:321
D/memalloc(  580): ion: Mapped buffer base:0x4ff4d000 size:4096 offset:0 fd:323
D/PowerManagerService(  580): acquireWakeLock(41a44630): PARTIAL_WAKE_LOCK , tag=ActivityManager-Launch, flags=0x1, pid=580, uid=1000, mUserState=0x3
W/dalvikvm(  580): disableGcForExternalAlloc: true
W/dalvikvm(  580): disableGcForExternalAlloc: false
W/dalvikvm(  580): disableGcForExternalAlloc: true
W/dalvikvm(  580): disableGcForExternalAlloc: false
D/PowerManagerService(  580): acquireWakeLock(41e40618): CPU_MIN_FREQ , tag=WindowManager-ScreenRotation-Freq, flags=0x100, pid=580, uid=1000, mUserState=0x3
D/PowerManagerService(  580): acquireWakeLock(41e9b860): CPU_MIN_NUM , tag=WindowManager-ScreenRotation-Num, flags=0x400, pid=580, uid=1000, mUserState=0x3
D/PowerManagerService(  580): acquireWakeLock(41f3fa40): PARTIAL_WAKE_LOCK , tag=SCREEN_FROZEN, flags=0x1, pid=580, uid=1000, mUserState=0x3
I/ActivityManager(  580): Config changed: {1.0 272mcc2mnc en_FR sw360dp w360dp h566dp nrml long port finger -keyb/v/h -nav/h s.46 skin=default fontsize=3 hasNavBar=1}
I/CVW     (  945): Dismiss CandidateViewWindow WCLID:0
W/dalvikvm(27511): disableGcForExternalAlloc: false
D/CordovaActivity(27511): Resuming the App
W/InputMethodManagerService(  580): Window already focused, ignoring focus gain of: com.android.internal.view.IInputMethodClient$Stub$Proxy@41cca4b0 attribute=null
I/VolumePanel(  580): ACTION_CONFIGURATION_CHANGED
V/MfLog   (  983): BrowseLayerCarouselFragment{41166978 #0 id=0x36f8056f}, onConfigurationChanged
V/MfLog   (  983): Dialer{41213ac0 #1 id=0x40000001 i2537c.BrowseLayerCarouselFragment.1.PEOPLE_DIALER}, onConfigurationChanged
D/memalloc(  580): ion: Unmapping buffer  base:0x583d8000 size:905216
D/memalloc(  580): ion: Unmapping buffer  base:0x40c1e000 size:4096
D/memalloc(  580): ion: Unmapping buffer  base:0x59298000 size:905216
D/memalloc(  580): ion: Unmapping buffer  base:0x4ff4d000 size:4096
D/memalloc(  240): ion: Freeing buffer base:0x4385d000 size:905216 fd:88
D/memalloc(  240): ion: Unmapping buffer  base:0x4385d000 size:905216
D/memalloc(  240): ion: Freeing buffer base:0x40027000 size:4096 fd:89
D/memalloc(  240): ion: Unmapping buffer  base:0x40027000 size:4096
D/memalloc(  240): ion: Freeing buffer base:0x42cc6000 size:905216 fd:93
D/memalloc(  240): ion: Unmapping buffer  base:0x42cc6000 size:905216
D/memalloc(  240): ion: Freeing buffer base:0x4041f000 size:4096 fd:94
D/memalloc(  240): ion: Unmapping buffer  base:0x4041f000 size:4096
D/memalloc(  580): ion: Unmapping buffer  base:0x582fb000 size:905216
D/memalloc(  580): ion: Unmapping buffer  base:0x4009b000 size:4096
D/memalloc(  821): ion: Unmapping buffer  base:0x53762000 size:69632
D/memalloc(  821): ion: Unmapping buffer  base:0x509cc000 size:4096
D/memalloc(  240): ion: Freeing buffer base:0x41a50000 size:69632 fd:50
D/memalloc(  240): ion: Unmapping buffer  base:0x41a50000 size:69632
D/memalloc(  240): ion: Freeing buffer base:0x4028d000 size:4096 fd:51
D/memalloc(  240): ion: Unmapping buffer  base:0x4028d000 size:4096
D/memalloc(27511): ion: Unmapping buffer  base:0x5425f000 size:2088960
D/memalloc(27511): ion: Unmapping buffer  base:0x40c1e000 size:4096
D/memalloc(27511): ion: Unmapping buffer  base:0x58c4a000 size:2088960
D/memalloc(27511): ion: Unmapping buffer  base:0x49168000 size:4096
D/memalloc(27511): ion: Unmapping buffer  base:0x58e48000 size:2088960
D/memalloc(27511): ion: Unmapping buffer  base:0x4ff6e000 size:4096
D/memalloc(  240): ion: Allocated buffer base:0x42381000 size:208896 fd:50
D/memalloc(  240): ion: Allocated buffer base:0x4028d000 size:4096 fd:51
D/memalloc(  240): ion: Freeing buffer base:0x42ec4000 size:2088960 fd:62
D/memalloc(  240): ion: Unmapping buffer  base:0x42ec4000 size:2088960
D/memalloc(  821): ion: Mapped buffer base:0x53a90000 size:208896 offset:0 fd:85
D/memalloc(  821): ion: Mapped buffer base:0x509cc000 size:4096 offset:0 fd:88
D/memalloc(  240): ion: Freeing buffer base:0x401e6000 size:4096 fd:63
D/memalloc(  240): ion: Unmapping buffer  base:0x401e6000 size:4096
D/memalloc(  240): ion: Freeing buffer base:0x4355f000 size:2088960 fd:67
D/memalloc(  240): ion: Unmapping buffer  base:0x4355f000 size:2088960
D/memalloc(  240): ion: Freeing buffer base:0x40297000 size:4096 fd:68
D/memalloc(  240): ion: Unmapping buffer  base:0x40297000 size:4096
D/memalloc(  240): ion: Allocated buffer base:0x42808000 size:208896 fd:62
D/memalloc(  240): ion: Allocated buffer base:0x401e6000 size:4096 fd:63
D/memalloc(  240): ion: Allocated buffer base:0x42cc6000 size:1949696 fd:67
D/memalloc(  821): ion: Mapped buffer base:0x53c1a000 size:208896 offset:0 fd:93
D/memalloc(  821): ion: Mapped buffer base:0x50ef8000 size:4096 offset:0 fd:95
D/SizeAdaptiveLayout(  821): com.android.internal.widget.SizeAdaptiveLayout@41275cf0child view android.widget.LinearLayout@41277c40 measured out of bounds at 95px clamped to 96px
D/memalloc(  240): ion: Allocated buffer base:0x4002a000 size:4096 fd:68
D/memalloc(  240): ion: Freeing buffer base:0x42963000 size:905216 fd:79
D/memalloc(  240): ion: Unmapping buffer  base:0x42963000 size:905216
D/memalloc(  240): ion: Freeing buffer base:0x4003e000 size:4096 fd:80
D/memalloc(  240): ion: Unmapping buffer  base:0x4003e000 size:4096
D/memalloc(27511): ion: Mapped buffer base:0x5425f000 size:1949696 offset:0 fd:77
D/memalloc(27511): ion: Mapped buffer base:0x40c1e000 size:4096 offset:0 fd:79
D/SizeAdaptiveLayout(  821): com.android.internal.widget.SizeAdaptiveLayout@410ad540child view android.widget.FrameLayout@410ade98 measured out of bounds at 95px clamped to 96px
D/memalloc(  240): ion: Allocated buffer base:0x4283b000 size:1949696 fd:79
D/memalloc(  240): ion: Allocated buffer base:0x4002f000 size:4096 fd:80
D/memalloc(  240): ion: Freeing buffer base:0x42243000 size:208896 fd:38
