D/PowerManagerService(  580): acquireWakeLock(421679f0): PARTIAL_WAKE_LOCK , tag=GOOGLE_C2DM, flags=0x1, pid=1068, uid=10017, mUserState=0x3
D/PowerManagerService(  580): releaseWakeLock(41ad0788): PARTIAL_WAKE_LOCK , tag=GCM_CONN, flags=0x1
D/PowerManagerService(  580): acquireWakeLock(41a81f08): PARTIAL_WAKE_LOCK , tag=*net_scheduler*, flags=0x1, pid=1068, uid=10017, mUserState=0x3
D/PowerManagerService(  580): releaseWakeLock(41a81f08): PARTIAL_WAKE_LOCK , tag=*net_scheduler*, flags=0x1
D/PowerManagerService(  580): releaseWakeLock(421679f0): PARTIAL_WAKE_LOCK , tag=GOOGLE_C2DM, flags=0x1
I/vk_longpoll(28909): Before get long poll history, pts=81354
D/StateMachine(  580): handleMessage: E msg.what=131155
D/StateMachine(  580): processMsg: ConnectedState
D/WifiStateMachine(  580): ConnectedState{ what=131155 when=-3ms target=Handler (com.android.internal.util.StateMachine$SmHandler) {41a048c8} arg1=63 }
D/StateMachine(  580): processMsg: L2ConnectedState
D/WifiStateMachine(  580): L2ConnectedState{ what=131155 when=-4ms target=Handler (com.android.internal.util.StateMachine$SmHandler) {41a048c8} arg1=63 }
D/WifiStateMachine(  580): fetchRssiAndLinkSpeedNative RSSI = -37
D/StateMachine(  580): handleMessage: X
D/ConnectivityService(  580): handleInetConditionHoldEnd: net=1, condition=100, published condition=100
D/ConnectivityService(  580): sendStickyBroadcast: action=android.net.conn.INET_CONDITION_ACTION
D/WIFI_ICON(  821): updateConnectivity: type=1 connected=true
D/StatusBar.NetworkController(  821): dumpState[hasService=true ServiceState=0 home 3 3 27202  HSPA CSS not supported -1 -1 RoamInd=-1 DefRoamInd=-1EriInd= -1EriMode= -1RadioPowerSv: false EmergOnly=false PhoneType: 1 IsCdma=false SimState=UNKNOWN GprsState=0 DataState=Disconnected DataActivity=NONE NetworkType=HSPA HtcModemLinkOn=false HspaDataDistinquishable=true]
D/StatusBar.NetworkController(  821): dumpIconState[dataVisible=false dataIconId=stat_sys_data_connected_hplus signalIconId=stat_sys_5signal_2 wifiVisible=true wifiIconId=stat_sys_wifi_signal_4 airplaneMode=false]
D/StateMachine(  580): handleMessage: E msg.what=131218
D/StateMachine(  580): processMsg: ConnectedState
D/WifiStateMachine(  580): ConnectedState{ what=131218 when=-12ms target=Handler (com.android.internal.util.StateMachine$SmHandler) {41a048c8} }
D/StateMachine(  580): processMsg: L2ConnectedState
D/WifiStateMachine(  580): L2ConnectedState{ what=131218 when=-16ms target=Handler (com.android.internal.util.StateMachine$SmHandler) {41a048c8} }
D/StateMachine(  580): processMsg: ConnectModeState
D/WifiStateMachine(  580): ConnectModeState{ what=131218 when=-18ms target=Handler (com.android.internal.util.StateMachine$SmHandler) {41a048c8} }
D/StateMachine(  580): processMsg: DriverStartedState
D/WifiStateMachine(  580): DriverStartedState{ what=131218 when=-20ms target=Handler (com.android.internal.util.StateMachine$SmHandler) {41a048c8} }
D/StateMachine(  580): handleMessage: X
D/StateMachine(  580): handleMessage: E msg.what=131218
D/StateMachine(  580): processMsg: ConnectedState
D/WifiStateMachine(  580): ConnectedState{ what=131218 when=-8ms target=Handler (com.android.internal.util.StateMachine$SmHandler) {41a048c8} }
D/StateMachine(  580): processMsg: L2ConnectedState
D/WifiStateMachine(  580): L2ConnectedState{ what=131218 when=-12ms target=Handler (com.android.internal.util.StateMachine$SmHandler) {41a048c8} }
D/StateMachine(  580): processMsg: ConnectModeState
D/WifiStateMachine(  580): ConnectModeState{ what=131218 when=-16ms target=Handler (com.android.internal.util.StateMachine$SmHandler) {41a048c8} }
D/StateMachine(  580): processMsg: DriverStartedState
D/WifiStateMachine(  580): DriverStartedState{ what=131218 when=-19ms target=Handler (com.android.internal.util.StateMachine$SmHandler) {41a048c8} }
D/StateMachine(  580): handleMessage: X
D/memalloc(  240): ion: Freeing buffer base:0x42a3a000 size:278528 fd:102
D/memalloc(  240): ion: Unmapping buffer  base:0x42a3a000 size:278528
D/memalloc(  240): ion: Freeing buffer base:0x42fa2000 size:491520 fd:103
D/memalloc(  240): ion: Unmapping buffer  base:0x42fa2000 size:491520
D/memalloc(  240): ion: Freeing buffer base:0x43a6b000 size:3899392 fd:99
D/memalloc(  240): ion: Unmapping buffer  base:0x43a6b000 size:3899392
D/vk_longpoll(28909): Msg diff=1 [server=36047, client=36046]
I/vk_longpoll(28909): Get long poll history, old ts=81354
I/vk      (28909): count=20
D/StateMachine(  580): handleMessage: E msg.what=131155
D/StateMachine(  580): processMsg: ConnectedState
D/WifiStateMachine(  580): ConnectedState{ what=131155 when=-3ms target=Handler (com.android.internal.util.StateMachine$SmHandler) {41a048c8} arg1=63 }
D/StateMachine(  580): processMsg: L2ConnectedState
D/WifiStateMachine(  580): L2ConnectedState{ what=131155 when=-4ms target=Handler (com.android.internal.util.StateMachine$SmHandler) {41a048c8} arg1=63 }
D/WifiStateMachine(  580): fetchRssiAndLinkSpeedNative RSSI = -36
D/StateMachine(  580): handleMessage: X
I/vk      (28909): On users loaded [User {id=76597495, name=Elena Ivanova [Elena/Ivanova], photo=http://cs625216.vk.me/v625216495/1e9ec/M2z0X4IwRWE.jpg, online=0, extra=null, gender=true}]
D/vk      (28909): U={76597495=User {id=76597495, name=Elena Ivanova [Elena/Ivanova], photo=http://cs625216.vk.me/v625216495/1e9ec/M2z0X4IwRWE.jpg, online=0, extra=null, gender=true}}
D/vk_longpoll(28909): More=false
I/vk_longpoll(28909): Get long poll hisrory done.
I/vk_longpoll(28909): 1->1
V/LightsService(  580): setLight #8: color=#c8c800
D/lights  (  580): set_color_led color=13158400, mode=255, off_min=0, off_sec=0
D/lights  (  580): [LedInfo] without indicator attribute, red:c80000, green:c800, blue:0
V/NotificationService(  580): Battery Full, Charging
V/LightsService(  580): setLight #8: color=#c800
D/lights  (  580): set_color_led color=51200, mode=1, off_min=0, off_sec=0
D/lights  (  580): [LedInfo] without indicator attribute, red:0, green:c800, blue:0
D/lights  (  580): [LedInfo] write attr ok name=/sys/class/leds/amber/brightness string=0,len=1
D/lights  (  580): [LedInfo] write attr ok name=/sys/class/leds/amber/blink string=0,len=1
D/lights  (  580): [LedInfo] write attr ok name=/sys/class/leds/amber/off_timer string=0 0,len=3
D/lights  (  580): [LedInfo] write attr ok name=/sys/class/leds/green/brightness string=1,len=1
D/AudioService(  580): get device = speaker for stream = STREAM_NOTIFICATION
D/lights  (  580): [LedInfo] write attr ok name=/sys/class/leds/green/blink string=0,len=1
D/lights  (  580): [LedInfo] write attr ok name=/sys/class/leds/green/off_timer string=0 0,len=3
V/LightsService(  580): setLight #8: color=#c8c800
D/lights  (  580): set_color_led color=13158400, mode=255, off_min=0, off_sec=0
D/lights  (  580): [LedInfo] without indicator attribute, red:c80000, green:c800, blue:0
V/NotificationService(  580): Battery Full, Charging
V/LightsService(  580): setLight #8: color=#c800
D/lights  (  580): set_color_led color=51200, mode=1, off_min=0, off_sec=0
D/lights  (  580): [LedInfo] without indicator attribute, red:0, green:c800, blue:0
D/lights  (  580): [LedInfo] write attr ok name=/sys/class/leds/amber/brightness string=0,len=1
D/lights  (  580): [LedInfo] write attr ok name=/sys/class/leds/amber/blink string=0,len=1
D/lights  (  580): [LedInfo] write attr ok name=/sys/class/leds/amber/off_timer string=0 0,len=3
D/lights  (  580): [LedInfo] write attr ok name=/sys/class/leds/green/brightness string=1,len=1
D/lights  (  580): [LedInfo] write attr ok name=/sys/class/leds/green/blink string=0,len=1
D/lights  (  580): [LedInfo] write attr ok name=/sys/class/leds/green/off_timer string=0 0,len=3
D/PhoneStatusBar(  821): addNotification score=0
D/memalloc(  240): ion: Allocated buffer base:0x43a6b000 size:3899392 fd:99
D/memalloc(  240): ion: Allocated buffer base:0x42a3a000 size:278528 fd:102
D/memalloc(  240): ion: Allocated buffer base:0x42fa2000 size:491520 fd:103
D/OnDemandProgressBar(  821): release indeterminate drawable android.widget.OnDemandProgressBar@411ad5a0
D/OnDemandProgressBar(  821): new OnDemandProgressBar android.widget.OnDemandProgressBar@411ad5a0
D/OnDemandProgressBar(  821): release indeterminate drawable android.widget.OnDemandProgressBar@410c4678
D/OnDemandProgressBar(  821): new OnDemandProgressBar android.widget.OnDemandProgressBar@410c4678
D/SizeAdaptiveLayout(  821): com.android.internal.widget.SizeAdaptiveLayout@41195770child view android.widget.FrameLayout@412832b0 measured out of bounds at 95px clamped to 96px
D/PowerManagerService(  580): acquireWakeLock(4196e2b8): PARTIAL_WAKE_LOCK , tag=AlarmManager, flags=0x1, pid=580, uid=1000, mUserState=0x3
V/AlarmManager(  580): sending alarm PendingIntent{41b03db0: PendingIntentRecord{41cf7fc0 com.google.android.location broadcastIntent}}, intent=com.google.android.location.nlp.ALARM_WAKEUP_LOCATOR, type=ELAPSED_REALTIME_WAKEUP, count=1, when=18040496, repeateInterval=0
D/PowerManagerService(  580): acquireWakeLock(4219ef80): PARTIAL_WAKE_LOCK , tag=NetworkLocationCallbackRunner, flags=0x1, pid=1068, uid=10017, mUserState=0x3
D/PowerManagerService(  580): releaseWakeLock(4196e2b8): PARTIAL_WAKE_LOCK , tag=AlarmManager, flags=0x1
D/StateMachine(  580): handleMessage: E msg.what=131073
D/StateMachine(  580): processMsg: ConnectedState
D/WifiStateMachine(  580): ConnectedState{ what=131073 when=-2ms target=Handler (com.android.internal.util.StateMachine$SmHandler) {41a048c8} arg1=2 }
D/StateMachine(  580): processMsg: L2ConnectedState
D/PowerManagerService(  580): acquireWakeLock(41b412e0): PARTIAL_WAKE_LOCK , tag=NetworkLocationLocator, flags=0x1, pid=1068, uid=10017, mUserState=0x3
D/WifiService(  580): acquireWifiLockLocked: WifiLock{NetworkLocationLocator type=2 binder=android.os.BinderProxy@41fd1c40}
D/WifiService(  580): updateWifiState(): wifiApEnabled: false, wifiApAirplaneMode: falsegetWifiEnabledState(): 3, getWifiApEnabledState: 11
D/WifiService(  580): updateWifiState(): mAirplaneModeOn.get(): false, mPersistWifiState.get(): 1
D/WifiService(  580): updateWifiState(): mEmergencyCallbackMode: false, mDeviceIdle: false, lockHeld: true, mStopWifiRequested:false
D/WifiService(  580): updateWifiState(): enable and start wifi
D/WifiStateMachine(  580): L2ConnectedState{ what=131073 when=-7ms target=Handler (com.android.internal.util.StateMachine$SmHandler) {41a048c8} arg1=2 }
D/StateMachine(  580): processMsg: ConnectModeState
D/WifiStateMachine(  580): ConnectModeState{ what=131073 when=-10ms target=Handler (com.android.internal.util.StateMachine$SmHandler) {41a048c8} arg1=2 }
D/StateMachine(  580): processMsg: DriverStartedState
D/PowerManagerService(  580): releaseWakeLock(4219ef80): PARTIAL_WAKE_LOCK , tag=NetworkLocationCallbackRunner, flags=0x1
D/WifiStateMachine(  580): DriverStartedState{ what=131073 when=-13ms target=Handler (com.android.internal.util.StateMachine$SmHandler) {41a048c8} arg1=2 }
D/StateMachine(  580): processMsg: SupplicantStartedState
D/WifiStateMachine(  580): SupplicantStartedState{ what=131073 when=-18ms target=Handler (com.android.internal.util.StateMachine$SmHandler) {41a048c8} arg1=2 }
D/StateMachine(  580): processMsg: SoftApStartedState
D/WifiStateMachine(  580): SoftApStartedState{ what=131073 when=-19ms target=Handler (com.android.internal.util.StateMachine$SmHandler) {41a048c8} arg1=2 }
D/StateMachine(  580): processMsg: DefaultState
D/WifiStateMachine(  580): DefaultState{ what=131073 when=-19ms target=Handler (com.android.internal.util.StateMachine$SmHandler) {41a048c8} arg1=2 }
D/StateMachine(  580): handleMessage: X
D/StateMachine(  580): handleMessage: E msg.what=131083
D/StateMachine(  580): processMsg: ConnectedState
D/PowerManagerService(  580): acquireWakeLock(41b12560): PARTIAL_WAKE_LOCK , tag=RILJ, flags=0x1, pid=974, uid=1001, mUserState=0x3
D/PowerManagerService(  580): releaseWakeLock(41b12560): PARTIAL_WAKE_LOCK , tag=RILJ, flags=0x1
D/WifiStateMachine(  580): ConnectedState{ what=131083 when=-33ms target=Handler (com.android.internal.util.StateMachine$SmHandler) {41a048c8} }
D/StateMachine(  580): processMsg: L2ConnectedState
D/WifiStateMachine(  580): L2ConnectedState{ what=131083 when=-36ms target=Handler (com.android.internal.util.StateMachine$SmHandler) {41a048c8} }
D/StateMachine(  580): processMsg: ConnectModeState
D/WifiStateMachine(  580): ConnectModeState{ what=131083 when=-37ms target=Handler (com.android.internal.util.StateMachine$SmHandler) {41a048c8} }
D/StateMachine(  580): processMsg: DriverStartedState
D/WifiStateMachine(  580): DriverStartedState{ what=131083 when=-38ms target=Handler (com.android.internal.util.StateMachine$SmHandler) {41a048c8} }
D/StateMachine(  580): processMsg: SupplicantStartedState
D/WifiStateMachine(  580): SupplicantStartedState{ what=131083 when=-39ms target=Handler (com.android.internal.util.StateMachine$SmHandler) {41a048c8} }
D/StateMachine(  580): processMsg: SoftApStartedState
D/WifiStateMachine(  580): SoftApStartedState{ what=131083 when=-40ms target=Handler (com.android.internal.util.StateMachine$SmHandler) {41a048c8} }
D/StateMachine(  580): processMsg: DefaultState
D/WifiStateMachine(  580): DefaultState{ what=131083 when=-41ms target=Handler (com.android.internal.util.StateMachine$SmHandler) {41a048c8} }
D/StateMachine(  580): handleMessage: X
D/StateMachine(  580): handleMessage: E msg.what=131144
D/StateMachine(  580): processMsg: ConnectedState
D/WifiStateMachine(  580): ConnectedState{ what=131144 when=-42ms target=Handler (com.android.internal.util.StateMachine$SmHandler) {41a048c8} arg1=1 }
D/StateMachine(  580): processMsg: L2ConnectedState
D/WifiStateMachine(  580): L2ConnectedState{ what=131144 when=-43ms target=Handler (com.android.internal.util.StateMachine$SmHandler) {41a048c8} arg1=1 }
D/StateMachine(  580): handleMessage: X
D/StateMachine(  580): handleMessage: E msg.what=131085
D/StateMachine(  580): processMsg: ConnectedState
D/WifiStateMachine(  580): ConnectedState{ what=131085 when=-44ms target=Handler (com.android.internal.util.StateMachine$SmHandler) {41a048c8} }
D/StateMachine(  580): processMsg: L2ConnectedState
D/WifiStateMachine(  580): L2ConnectedState{ what=131085 when=-45ms target=Handler (com.android.internal.util.StateMachine$SmHandler) {41a048c8} }
D/StateMachine(  580): processMsg: ConnectModeState
D/WifiStateMachine(  580): ConnectModeState{ what=131085 when=-45ms target=Handler (com.android.internal.util.StateMachine$SmHandler) {41a048c8} }
D/StateMachine(  580): processMsg: DriverStartedState
D/WifiStateMachine(  580): DriverStartedState{ what=131085 when=-46ms target=Handler (com.android.internal.util.StateMachine$SmHandler) {41a048c8} }
D/StateMachine(  580): handleMessage: X
D/StateMachine(  580): handleMessage: E msg.what=131149
D/StateMachine(  580): processMsg: ConnectedState
D/WifiStateMachine(  580): ConnectedState{ what=131149 when=-48ms target=Handler (com.android.internal.util.StateMachine$SmHandler) {41a048c8} }
D/StateMachine(  580): processMsg: L2ConnectedState
D/WifiStateMachine(  580): L2ConnectedState{ what=131149 when=-48ms target=Handler (com.android.internal.util.StateMachine$SmHandler) {41a048c8} }
D/StateMachine(  580): processMsg: ConnectModeState
D/WifiStateMachine(  580): ConnectModeState{ what=131149 when=-49ms target=Handler (com.android.internal.util.StateMachine$SmHandler) {41a048c8} }
D/StateMachine(  580): processMsg: DriverStartedState
D/WifiStateMachine(  580): DriverStartedState{ what=131149 when=-49ms target=Handler (com.android.internal.util.StateMachine$SmHandler) {41a048c8} }
D/StateMachine(  580): handleMessage: X
D/StateMachine(  580): handleMessage: E msg.what=131143
D/StateMachine(  580): processMsg: ConnectedState
D/WifiStateMachine(  580): ConnectedState{ what=131143 when=-48ms target=Handler (com.android.internal.util.StateMachine$SmHandler) {41a048c8} arg1=2 }
D/StateMachine(  580): processMsg: L2ConnectedState
D/WifiStateMachine(  580): L2ConnectedState{ what=131143 when=-49ms target=Handler (com.android.internal.util.StateMachine$SmHandler) {41a048c8} arg1=2 }
D/StateMachine(  580): processMsg: ConnectModeState
D/WifiStateMachine(  580): ConnectModeState{ what=131143 when=-50ms target=Handler (com.android.internal.util.StateMachine$SmHandler) {41a048c8} arg1=2 }
D/StateMachine(  580): processMsg: DriverStartedState
D/WifiStateMachine(  580): DriverStartedState{ what=131143 when=-51ms target=Handler (com.android.internal.util.StateMachine$SmHandler) {41a048c8} arg1=2 }
I/wpa_supplicant(  795): SCAN enter
I/wpa_supplicant(  795): wlan0: wpa_supplicant_scan enter
I/wpa_supplicant(  795): wlan0: wpa_supplicant_scan wpa_s->conf->ap_scan=2 , scan_req =2
I/wpa_supplicant(  795): wpa_supplicant_trigger_scan +
D/StateMachine(  580): handleMessage: X
I/wpa_supplicant(  795): wlan0: [HTC] wpa_supplicant_event():2758- Got an original EVENT_SCAN_RESULTS
I/wpa_supplicant(  795): Got an original EVENT_SCAN_RESULTS
I/wpa_supplicant(  795): _wpa_supplicant_event_scan_results -
I/wpa_supplicant(  795): [Moulin Rouge] 70:54:d2:ae:26:93 freq=2412 qual=0 noise=0 level=-36 flags=0x2b
I/wpa_supplicant(  795): [Horizon Wi-Free] 72:54:d2:ae:26:95 freq=2412 qual=0 noise=0 level=-37 flags=0xb
I/wpa_supplicant(  795): [Horizon Wi-Free] c6:27:95:bc:5c:55 freq=2412 qual=0 noise=0 level=-67 flags=0xb
I/wpa_supplicant(  795): [UPC2532832] c4:27:95:bc:5c:53 freq=2412 qual=0 noise=0 level=-67 flags=0xb
I/wpa_supplicant(  795): [Horizon Wi-Free] 14:49:e0:ad:3d:19 freq=2462 qual=0 noise=0 level=-87 flags=0xb
D/StateMachine(  580): handleMessage: E msg.what=147461
D/StateMachine(  580): processMsg: ConnectedState
D/WifiStateMachine(  580): ConnectedState{ what=147461 when=-1ms target=Handler (com.android.internal.util.StateMachine$SmHandler) {41a048c8} }
D/StateMachine(  580): processMsg: L2ConnectedState
D/WifiStateMachine(  580): L2ConnectedState{ what=147461 when=-2ms target=Handler (com.android.internal.util.StateMachine$SmHandler) {41a048c8} }
D/StateMachine(  580): processMsg: ConnectModeState
D/WifiStateMachine(  580): ConnectModeState{ what=147461 when=-3ms target=Handler (com.android.internal.util.StateMachine$SmHandler) {41a048c8} }
D/StateMachine(  580): processMsg: DriverStartedState
D/WifiStateMachine(  580): DriverStartedState{ what=147461 when=-5ms target=Handler (com.android.internal.util.StateMachine$SmHandler) {41a048c8} }
D/StateMachine(  580): processMsg: SupplicantStartedState
D/WifiStateMachine(  580): SupplicantStartedState{ what=147461 when=-6ms target=Handler (com.android.internal.util.StateMachine$SmHandler) {41a048c8} }
D/WirelessDisplayService(  580): Receive Wifi scan results available intent.
D/WirelessDisplayService(  580): HANDLE_WIFI_SCAN_RESULT_AVAILABLE, dongle scan = 0
D/WirelessDisplayService(  580): constructDongleInfoFromWifi() dongleScan = false
D/WirelessDisplayService(  580): wfdservice: true, finger gesture: true, don't sendBroadcast
D/WirelessDisplayService(  580): getDiscoveryDongleList
D/StateMachine(  580): handleMessage: X
D/StateMachine(  580): handleMessage: E msg.what=131073
D/StateMachine(  580): processMsg: ConnectedState
D/WifiStateMachine(  580): ConnectedState{ what=131073 when=-1ms target=Handler (com.android.internal.util.StateMachine$SmHandler) {41a048c8} arg1=2 }
D/StateMachine(  580): processMsg: L2ConnectedState
D/WifiService(  580): releaseWifiLockLocked: WifiLock{NetworkLocationLocator type=2 binder=android.os.BinderProxy@41fd1c40}
D/WifiService(  580): updateWifiState(): wifiApEnabled: false, wifiApAirplaneMode: falsegetWifiEnabledState(): 3, getWifiApEnabledState: 11
D/WifiService(  580): updateWifiState(): mAirplaneModeOn.get(): false, mPersistWifiState.get(): 1
D/WifiService(  580): updateWifiState(): mEmergencyCallbackMode: false, mDeviceIdle: false, lockHeld: true, mStopWifiRequested:false
D/WifiService(  580): updateWifiState(): enable and start wifi
D/WifiStateMachine(  580): L2ConnectedState{ what=131073 when=-4ms target=Handler (com.android.internal.util.StateMachine$SmHandler) {41a048c8} arg1=2 }
D/StateMachine(  580): processMsg: ConnectModeState
D/WifiStateMachine(  580): ConnectModeState{ what=131073 when=-6ms target=Handler (com.android.internal.util.StateMachine$SmHandler) {41a048c8} arg1=2 }
D/StateMachine(  580): processMsg: DriverStartedState
D/WifiStateMachine(  580): DriverStartedState{ what=131073 when=-8ms target=Handler (com.android.internal.util.StateMachine$SmHandler) {41a048c8} arg1=2 }
D/StateMachine(  580): processMsg: SupplicantStartedState
D/WifiStateMachine(  580): SupplicantStartedState{ what=131073 when=-9ms target=Handler (com.android.internal.util.StateMachine$SmHandler) {41a048c8} arg1=2 }
D/StateMachine(  580): processMsg: SoftApStartedState
D/WifiStateMachine(  580): SoftApStartedState{ what=131073 when=-9ms target=Handler (com.android.internal.util.StateMachine$SmHandler) {41a048c8} arg1=2 }
D/StateMachine(  580): processMsg: DefaultState
D/WifiStateMachine(  580): DefaultState{ what=131073 when=-10ms target=Handler (com.android.internal.util.StateMachine$SmHandler) {41a048c8} arg1=2 }
D/StateMachine(  580): handleMessage: X
D/StateMachine(  580): handleMessage: E msg.what=131083
D/StateMachine(  580): processMsg: ConnectedState
D/PowerManagerService(  580): releaseWakeLock(41b412e0): PARTIAL_WAKE_LOCK , tag=NetworkLocationLocator, flags=0x1
D/WifiStateMachine(  580): ConnectedState{ what=131083 when=-12ms target=Handler (com.android.internal.util.StateMachine$SmHandler) {41a048c8} }
D/StateMachine(  580): processMsg: L2ConnectedState
D/WifiStateMachine(  580): L2ConnectedState{ what=131083 when=-13ms target=Handler (com.android.internal.util.StateMachine$SmHandler) {41a048c8} }
D/StateMachine(  580): processMsg: ConnectModeState
D/WifiStateMachine(  580): ConnectModeState{ what=131083 when=-13ms target=Handler (com.android.internal.util.StateMachine$SmHandler) {41a048c8} }
D/StateMachine(  580): processMsg: DriverStartedState
D/WifiStateMachine(  580): DriverStartedState{ what=131083 when=-14ms target=Handler (com.android.internal.util.StateMachine$SmHandler) {41a048c8} }
D/StateMachine(  580): processMsg: SupplicantStartedState
D/WifiStateMachine(  580): SupplicantStartedState{ what=131083 when=-15ms target=Handler (com.android.internal.util.StateMachine$SmHandler) {41a048c8} }
D/StateMachine(  580): processMsg: SoftApStartedState
D/WifiStateMachine(  580): SoftApStartedState{ what=131083 when=-15ms target=Handler (com.android.internal.util.StateMachine$SmHandler) {41a048c8} }
D/StateMachine(  580): processMsg: DefaultState
D/WifiStateMachine(  580): DefaultState{ what=131083 when=-16ms target=Handler (com.android.internal.util.StateMachine$SmHandler) {41a048c8} }
D/StateMachine(  580): handleMessage: X
D/StateMachine(  580): handleMessage: E msg.what=131144
D/StateMachine(  580): processMsg: ConnectedState
D/WifiStateMachine(  580): ConnectedState{ what=131144 when=-17ms target=Handler (com.android.internal.util.StateMachine$SmHandler) {41a048c8} arg1=1 }
D/StateMachine(  580): processMsg: L2ConnectedState
D/WifiStateMachine(  580): L2ConnectedState{ what=131144 when=-17ms target=Handler (com.android.internal.util.StateMachine$SmHandler) {41a048c8} arg1=1 }
D/StateMachine(  580): handleMessage: X
D/StateMachine(  580): handleMessage: E msg.what=131085
D/StateMachine(  580): processMsg: ConnectedState
D/WifiStateMachine(  580): ConnectedState{ what=131085 when=-18ms target=Handler (com.android.internal.util.StateMachine$SmHandler) {41a048c8} }
D/StateMachine(  580): processMsg: L2ConnectedState
D/WifiStateMachine(  580): L2ConnectedState{ what=131085 when=-19ms target=Handler (com.android.internal.util.StateMachine$SmHandler) {41a048c8} }
D/StateMachine(  580): processMsg: ConnectModeState
D/WifiStateMachine(  580): ConnectModeState{ what=131085 when=-19ms target=Handler (com.android.internal.util.StateMachine$SmHandler) {41a048c8} }
D/StateMachine(  580): processMsg: DriverStartedState
D/WifiStateMachine(  580): DriverStartedState{ what=131085 when=-20ms target=Handler (com.android.internal.util.StateMachine$SmHandler) {41a048c8} }
D/StateMachine(  580): handleMessage: X
D/StateMachine(  580): handleMessage: E msg.what=131149
D/StateMachine(  580): processMsg: ConnectedState
D/WifiStateMachine(  580): ConnectedState{ what=131149 when=-20ms target=Handler (com.android.internal.util.StateMachine$SmHandler) {41a048c8} }
D/StateMachine(  580): processMsg: L2ConnectedState
D/WifiStateMachine(  580): L2ConnectedState{ what=131149 when=-21ms target=Handler (com.android.internal.util.StateMachine$SmHandler) {41a048c8} }
D/StateMachine(  580): processMsg: ConnectModeState
D/WifiStateMachine(  580): ConnectModeState{ what=131149 when=-21ms target=Handler (com.android.internal.util.StateMachine$SmHandler) {41a048c8} }
D/StateMachine(  580): processMsg: DriverStartedState
D/WifiStateMachine(  580): DriverStartedState{ what=131149 when=-26ms target=Handler (com.android.internal.util.StateMachine$SmHandler) {41a048c8} }
D/StateMachine(  580): handleMessage: X
D/HybridProvider(  580): getName
D/HybridProvider(  580): updateLocation.Not supported
D/GpsLocationProvider(  580): [handleMessage] message :7
D/GpsLocationProvider(  580): Gps MessageHandler. msg.what 7 msg.arg1:0 msg.arg2: 0
D/GpsLocationProvider(  580): [handleMessage] UPDATE_LOCATION
D/GpsLocationProvider(  580): handleUpdateLocation
D/PowerManagerService(  580): acquireWakeLock(41c1f3a0): PARTIAL_WAKE_LOCK , tag=GpsLocationProvider, flags=0x1, pid=580, uid=1000, mUserState=0x3
V/LocationManagerService(  580): In handleLocationChangedLocked.For provider: network
D/QMI_FW  (  580): QCCI: QMI_CCI_TX: cntl_flag - 00, txn_id - 0137, msg_id - 0039, msg_len - 0021
D/GpsLocationProvider(  580): [reportHTCStatus] eventMask = 2 , status = 0
D/GpsLocationProvider(  580): [reportHTCStatus] HTC_GPS_STATUS_INJECT_LOCATION
D/QMI_FW  (  580): QCCI: Sent[299]: 40 bytes to port 2816
D/PowerManagerService(  580): releaseWakeLock(41c1f3a0): PARTIAL_WAKE_LOCK , tag=GpsLocationProvider, flags=0x1
D/PowerManagerService(  580): acquireWakeLock(418810f0): PARTIAL_WAKE_LOCK , tag=LocationManagerService, flags=0x1, pid=580, uid=1000, mUserState=0x3
D/PowerManagerService(  580): releaseWakeLock(418810f0): PARTIAL_WAKE_LOCK , tag=LocationManagerService, flags=0x1
V/LocationManagerService(  580): In handleLocationChangedLocked.For provider: passive
D/QMI_FW  (  580): QCCI: reader_thread: Received 14 bytes from 299
D/QMI_FW  (  580): QCCI: QMI_CCI_RX: cntl_flag - 02, txn_id - 0137, msg_id - 0039, msg_len - 0007
D/QMI_FW  (  580): QCCI: reader_thread: Received 14 bytes from 299
D/QMI_FW  (  580): QCCI: QMI_CCI_RX: cntl_flag - 04, txn_id - 0000, msg_id - 0039, msg_len - 0007
D/PowerManagerService(  580): acquireWakeLock(41db5740): PARTIAL_WAKE_LOCK , tag=LocationManagerService, flags=0x1, pid=580, uid=1000, mUserState=0x3
D/PowerManagerService(  580): releaseWakeLock(41db5740): PARTIAL_WAKE_LOCK , tag=LocationManagerService, flags=0x1
D/AutoSetting(  903): service - onStartCommand() action: com.htc.app.autosetting.location
D/AutoSetting(  903): service - handleMessage() incoming message, what:1
D/AutoSetting(  903): service - handleMessage() within range
D/PowerManagerService(  580): acquireWakeLock(421d0f20): PARTIAL_WAKE_LOCK , tag=LocationManagerService, flags=0x1, pid=580, uid=1000, mUserState=0x3
D/PowerManagerService(  580): releaseWakeLock(421d0f20): PARTIAL_WAKE_LOCK , tag=LocationManagerService, flags=0x1
D/PowerManagerService(  580): acquireWakeLock(418cf990): PARTIAL_WAKE_LOCK , tag=LocationManagerService, flags=0x1, pid=580, uid=1000, mUserState=0x3
D/PowerManagerService(  580): releaseWakeLock(418cf990): PARTIAL_WAKE_LOCK , tag=LocationManagerService, flags=0x1
D/PowerManagerService(  580): acquireWakeLock(41ed22c8): PARTIAL_WAKE_LOCK , tag=GCM_CONN, flags=0x1, pid=1068, uid=10017, mUserState=0x3
I/GCM     ( 1068): GCM message com.vkontakte.android 0:1427641962999703%8c73900f0001a781
D/ConnectivityService(  580): reportInetCondition for net 1, percentage: 100 by 1068/10017
D/ConnectivityService(  580): handleInetConditionChange: net=1, condition=100,mActiveDefaultNetwork=1
D/ConnectivityService(  580): handleInetConditionChange: starting a change hold
D/PowerManagerService(  580): acquireWakeLock(41aaf018): PARTIAL_WAKE_LOCK , tag=GOOGLE_C2DM, flags=0x1, pid=1068, uid=10017, mUserState=0x3
D/PowerManagerService(  580): acquireWakeLock(41de7da8): PARTIAL_WAKE_LOCK , tag=*net_scheduler*, flags=0x1, pid=1068, uid=10017, mUserState=0x3
D/PowerManagerService(  580): releaseWakeLock(41de7da8): PARTIAL_WAKE_LOCK , tag=*net_scheduler*, flags=0x1
D/PowerManagerService(  580): releaseWakeLock(41ed22c8): PARTIAL_WAKE_LOCK , tag=GCM_CONN, flags=0x1
D/PowerManagerService(  580): releaseWakeLock(41aaf018): PARTIAL_WAKE_LOCK , tag=GOOGLE_C2DM, flags=0x1
I/vk_longpoll(28909): Before get long poll history, pts=81356
D/vk_longpoll(28909): Msg diff=1 [server=36048, client=36047]
I/vk_longpoll(28909): Get long poll history, old ts=81356
D/StateMachine(  580): handleMessage: E msg.what=131218
D/StateMachine(  580): processMsg: ConnectedState
D/WifiStateMachine(  580): ConnectedState{ what=131218 when=-1ms target=Handler (com.android.internal.util.StateMachine$SmHandler) {41a048c8} }
D/StateMachine(  580): processMsg: L2ConnectedState
D/WifiStateMachine(  580): L2ConnectedState{ what=131218 when=-1ms target=Handler (com.android.internal.util.StateMachine$SmHandler) {41a048c8} }
D/ConnectivityService(  580): handleInetConditionHoldEnd: net=1, condition=100, published condition=100
D/ConnectivityService(  580): sendStickyBroadcast: action=android.net.conn.INET_CONDITION_ACTION
D/WIFI_ICON(  821): updateConnectivity: type=1 connected=true
D/StateMachine(  580): processMsg: ConnectModeState
D/WifiStateMachine(  580): ConnectModeState{ what=131218 when=-3ms target=Handler (com.android.internal.util.StateMachine$SmHandler) {41a048c8} }
D/StateMachine(  580): processMsg: DriverStartedState
D/WifiStateMachine(  580): DriverStartedState{ what=131218 when=-4ms target=Handler (com.android.internal.util.StateMachine$SmHandler) {41a048c8} }
D/StatusBar.NetworkController(  821): dumpState[hasService=true ServiceState=0 home 3 3 27202  HSPA CSS not supported -1 -1 RoamInd=-1 DefRoamInd=-1EriInd= -1EriMode= -1RadioPowerSv: false EmergOnly=false PhoneType: 1 IsCdma=false SimState=UNKNOWN GprsState=0 DataState=Disconnected DataActivity=NONE NetworkType=HSPA HtcModemLinkOn=false HspaDataDistinquishable=true]
D/StateMachine(  580): handleMessage: X
D/StateMachine(  580): handleMessage: E msg.what=131218
D/StateMachine(  580): processMsg: ConnectedState
D/WifiStateMachine(  580): ConnectedState{ what=131218 when=-11ms target=Handler (com.android.internal.util.StateMachine$SmHandler) {41a048c8} }
D/StateMachine(  580): processMsg: L2ConnectedState
D/WifiStateMachine(  580): L2ConnectedState{ what=131218 when=-12ms target=Handler (com.android.internal.util.StateMachine$SmHandler) {41a048c8} }
D/StateMachine(  580): processMsg: ConnectModeState
D/WifiStateMachine(  580): ConnectModeState{ what=131218 when=-12ms target=Handler (com.android.internal.util.StateMachine$SmHandler) {41a048c8} }
D/StateMachine(  580): processMsg: DriverStartedState
D/WifiStateMachine(  580): DriverStartedState{ what=131218 when=-13ms target=Handler (com.android.internal.util.StateMachine$SmHandler) {41a048c8} }
D/StateMachine(  580): handleMessage: X
D/StatusBar.NetworkController(  821): dumpIconState[dataVisible=false dataIconId=stat_sys_data_connected_hplus signalIconId=stat_sys_5signal_2 wifiVisible=true wifiIconId=stat_sys_wifi_signal_4 airplaneMode=false]
I/vk      (28909): count=20
I/vk      (28909): On users loaded [User {id=76597495, name=Elena Ivanova [Elena/Ivanova], photo=http://cs625216.vk.me/v625216495/1e9ec/M2z0X4IwRWE.jpg, online=0, extra=null, gender=true}]
D/vk      (28909): U={76597495=User {id=76597495, name=Elena Ivanova [Elena/Ivanova], photo=http://cs625216.vk.me/v625216495/1e9ec/M2z0X4IwRWE.jpg, online=0, extra=null, gender=true}}
D/vk_longpoll(28909): More=false
I/vk_longpoll(28909): Get long poll hisrory done.
I/vk_longpoll(28909): 1->1
V/LightsService(  580): setLight #8: color=#c8c800
D/lights  (  580): set_color_led color=13158400, mode=255, off_min=0, off_sec=0
D/lights  (  580): [LedInfo] without indicator attribute, red:c80000, green:c800, blue:0
V/NotificationService(  580): Battery Full, Charging
V/LightsService(  580): setLight #8: color=#c800
D/lights  (  580): set_color_led color=51200, mode=1, off_min=0, off_sec=0
D/lights  (  580): [LedInfo] without indicator attribute, red:0, green:c800, blue:0
D/lights  (  580): [LedInfo] write attr ok name=/sys/class/leds/amber/brightness string=0,len=1
D/lights  (  580): [LedInfo] write attr ok name=/sys/class/leds/amber/blink string=0,len=1
D/lights  (  580): [LedInfo] write attr ok name=/sys/class/leds/amber/off_timer string=0 0,len=3
D/lights  (  580): [LedInfo] write attr ok name=/sys/class/leds/green/brightness string=1,len=1
D/lights  (  580): [LedInfo] write attr ok name=/sys/class/leds/green/blink string=0,len=1
D/lights  (  580): [LedInfo] write attr ok name=/sys/class/leds/green/off_timer string=0 0,len=3
D/AudioService(  580): get device = speaker for stream = STREAM_NOTIFICATION
V/LightsService(  580): setLight #8: color=#c8c800
D/lights  (  580): set_color_led color=13158400, mode=255, off_min=0, off_sec=0
D/lights  (  580): [LedInfo] without indicator attribute, red:c80000, green:c800, blue:0
V/NotificationService(  580): Battery Full, Charging
V/LightsService(  580): setLight #8: color=#c800
D/lights  (  580): set_color_led color=51200, mode=1, off_min=0, off_sec=0
D/lights  (  580): [LedInfo] without indicator attribute, red:0, green:c800, blue:0
D/lights  (  580): [LedInfo] write attr ok name=/sys/class/leds/amber/brightness string=0,len=1
D/lights  (  580): [LedInfo] write attr ok name=/sys/class/leds/amber/blink string=0,len=1
D/lights  (  580): [LedInfo] write attr ok name=/sys/class/leds/amber/off_timer string=0 0,len=3
D/lights  (  580): [LedInfo] write attr ok name=/sys/class/leds/green/brightness string=1,len=1
D/lights  (  580): [LedInfo] write attr ok name=/sys/class/leds/green/blink string=0,len=1
D/lights  (  580): [LedInfo] write attr ok name=/sys/class/leds/green/off_timer string=0 0,len=3
D/PhoneStatusBar(  821): addNotification score=0
D/OnDemandProgressBar(  821): release indeterminate drawable android.widget.OnDemandProgressBar@411f0df8
D/OnDemandProgressBar(  821): new OnDemandProgressBar android.widget.OnDemandProgressBar@411f0df8
D/OnDemandProgressBar(  821): release indeterminate drawable android.widget.OnDemandProgressBar@413604a8
D/OnDemandProgressBar(  821): new OnDemandProgressBar android.widget.OnDemandProgressBar@413604a8
D/SizeAdaptiveLayout(  821): com.android.internal.widget.SizeAdaptiveLayout@412195b8child view android.widget.FrameLayout@4102b600 measured out of bounds at 95px clamped to 96px
D/StateMachine(  580): handleMessage: E msg.what=131155
D/StateMachine(  580): processMsg: ConnectedState
D/WifiStateMachine(  580): ConnectedState{ what=131155 when=-2ms target=Handler (com.android.internal.util.StateMachine$SmHandler) {41a048c8} arg1=63 }
D/StateMachine(  580): processMsg: L2ConnectedState
D/WifiStateMachine(  580): L2ConnectedState{ what=131155 when=-4ms target=Handler (com.android.internal.util.StateMachine$SmHandler) {41a048c8} arg1=63 }
D/WifiStateMachine(  580): fetchRssiAndLinkSpeedNative RSSI = -36
D/StateMachine(  580): handleMessage: X
D/PowerManagerService(  580): acquireWakeLock(421b34b8): PARTIAL_WAKE_LOCK , tag=MqttPush, flags=0x1, pid=25965, uid=10000, mUserState=0x3
D/PowerManagerService(  580): acquireWakeLock(41d67e90): PARTIAL_WAKE_LOCK , tag=wake:com.facebook.katana/com.facebook.push.mqtt.receiver.MqttReceiver, flags=0x1, pid=25630, uid=10028, mUserState=0x3
D/StateMachine(  580): handleMessage: E msg.what=131218
D/StateMachine(  580): processMsg: ConnectedState
D/WifiStateMachine(  580): ConnectedState{ what=131218 when=0 target=Handler (com.android.internal.util.StateMachine$SmHandler) {41a048c8} }
D/StateMachine(  580): processMsg: L2ConnectedState
D/WifiStateMachine(  580): L2ConnectedState{ what=131218 when=-1ms target=Handler (com.android.internal.util.StateMachine$SmHandler) {41a048c8} }
D/StateMachine(  580): processMsg: ConnectModeState
D/WifiStateMachine(  580): ConnectModeState{ what=131218 when=-1ms target=Handler (com.android.internal.util.StateMachine$SmHandler) {41a048c8} }
D/StateMachine(  580): processMsg: DriverStartedState
D/WifiStateMachine(  580): DriverStartedState{ what=131218 when=-2ms target=Handler (com.android.internal.util.StateMachine$SmHandler) {41a048c8} }
D/StateMachine(  580): handleMessage: X
D/StateMachine(  580): handleMessage: E msg.what=131218
D/StateMachine(  580): processMsg: ConnectedState
D/WifiStateMachine(  580): ConnectedState{ what=131218 when=-1ms target=Handler (com.android.internal.util.StateMachine$SmHandler) {41a048c8} }
D/StateMachine(  580): processMsg: L2ConnectedState
D/WifiStateMachine(  580): L2ConnectedState{ what=131218 when=-1ms target=Handler (com.android.internal.util.StateMachine$SmHandler) {41a048c8} }
D/StateMachine(  580): processMsg: ConnectModeState
D/WifiStateMachine(  580): ConnectModeState{ what=131218 when=-1ms target=Handler (com.android.internal.util.StateMachine$SmHandler) {41a048c8} }
D/StateMachine(  580): processMsg: DriverStartedState
D/WifiStateMachine(  580): DriverStartedState{ what=131218 when=-2ms target=Handler (com.android.internal.util.StateMachine$SmHandler) {41a048c8} }
D/StateMachine(  580): handleMessage: X
D/StateMachine(  580): handleMessage: E msg.what=131218
D/StateMachine(  580): processMsg: ConnectedState
D/WifiStateMachine(  580): ConnectedState{ what=131218 when=-1ms target=Handler (com.android.internal.util.StateMachine$SmHandler) {41a048c8} }
D/StateMachine(  580): processMsg: L2ConnectedState
D/WifiStateMachine(  580): L2ConnectedState{ what=131218 when=-1ms target=Handler (com.android.internal.util.StateMachine$SmHandler) {41a048c8} }
D/StateMachine(  580): processMsg: ConnectModeState
D/WifiStateMachine(  580): ConnectModeState{ what=131218 when=-1ms target=Handler (com.android.internal.util.StateMachine$SmHandler) {41a048c8} }
D/StateMachine(  580): processMsg: DriverStartedState
D/WifiStateMachine(  580): DriverStartedState{ what=131218 when=-2ms target=Handler (com.android.internal.util.StateMachine$SmHandler) {41a048c8} }
D/StateMachine(  580): handleMessage: X
D/PowerManagerService(  580): releaseWakeLock(421b34b8): PARTIAL_WAKE_LOCK , tag=MqttPush, flags=0x1
D/StateMachine(  580): handleMessage: E msg.what=131218
D/StateMachine(  580): processMsg: ConnectedState
D/WifiStateMachine(  580): ConnectedState{ what=131218 when=-1ms target=Handler (com.android.internal.util.StateMachine$SmHandler) {41a048c8} }
D/StateMachine(  580): processMsg: L2ConnectedState
D/WifiStateMachine(  580): L2ConnectedState{ what=131218 when=-1ms target=Handler (com.android.internal.util.StateMachine$SmHandler) {41a048c8} }
D/StateMachine(  580): processMsg: ConnectModeState
D/WifiStateMachine(  580): ConnectModeState{ what=131218 when=-1ms target=Handler (com.android.internal.util.StateMachine$SmHandler) {41a048c8} }
D/StateMachine(  580): processMsg: DriverStartedState
D/WifiStateMachine(  580): DriverStartedState{ what=131218 when=-1ms target=Handler (com.android.internal.util.StateMachine$SmHandler) {41a048c8} }
D/StateMachine(  580): handleMessage: X
E/ActivityThread(25965): Failed to find provider info for com.facebook.wakizashi.provider.MessagesForegroundProvider
W/msgr(:<default>):h(25965): Falling back to graph url for pic: https://graph.facebook.com/710878035/picture?type=square&width=96&height=96
W/msgr(:<default>):h(25965): Falling back to graph url for pic: https://graph.facebook.com/710878035/picture?type=square&width=96&height=96
D/StateMachine(  580): handleMessage: E msg.what=131218
D/StateMachine(  580): processMsg: ConnectedState
D/WifiStateMachine(  580): ConnectedState{ what=131218 when=0 target=Handler (com.android.internal.util.StateMachine$SmHandler) {41a048c8} }
D/StateMachine(  580): processMsg: L2ConnectedState
D/WifiStateMachine(  580): L2ConnectedState{ what=131218 when=0 target=Handler (com.android.internal.util.StateMachine$SmHandler) {41a048c8} }
D/StateMachine(  580): processMsg: ConnectModeState
D/WifiStateMachine(  580): ConnectModeState{ what=131218 when=-1ms target=Handler (com.android.internal.util.StateMachine$SmHandler) {41a048c8} }
D/StateMachine(  580): processMsg: DriverStartedState
D/WifiStateMachine(  580): DriverStartedState{ what=131218 when=-1ms target=Handler (com.android.internal.util.StateMachine$SmHandler) {41a048c8} }
D/StateMachine(  580): handleMessage: X
D/StateMachine(  580): handleMessage: E msg.what=131218
D/StateMachine(  580): processMsg: ConnectedState
D/WifiStateMachine(  580): ConnectedState{ what=131218 when=0 target=Handler (com.android.internal.util.StateMachine$SmHandler) {41a048c8} }
D/StateMachine(  580): processMsg: L2ConnectedState
D/WifiStateMachine(  580): L2ConnectedState{ what=131218 when=0 target=Handler (com.android.internal.util.StateMachine$SmHandler) {41a048c8} }
D/StateMachine(  580): processMsg: ConnectModeState
D/WifiStateMachine(  580): ConnectModeState{ what=131218 when=0 target=Handler (com.android.internal.util.StateMachine$SmHandler) {41a048c8} }
D/StateMachine(  580): processMsg: DriverStartedState
D/WifiStateMachine(  580): DriverStartedState{ what=131218 when=0 target=Handler (com.android.internal.util.StateMachine$SmHandler) {41a048c8} }
D/StateMachine(  580): handleMessage: X
V/LightsService(  580): setLight #8: color=#c8c800
D/lights  (  580): set_color_led color=13158400, mode=255, off_min=0, off_sec=0
D/lights  (  580): [LedInfo] without indicator attribute, red:c80000, green:c800, blue:0
V/NotificationService(  580): Battery Full, Charging
V/LightsService(  580): setLight #8: color=#c800
D/lights  (  580): set_color_led color=51200, mode=1, off_min=0, off_sec=0
D/lights  (  580): [LedInfo] without indicator attribute, red:0, green:c800, blue:0
D/lights  (  580): [LedInfo] write attr ok name=/sys/class/leds/amber/brightness string=0,len=1
D/lights  (  580): [LedInfo] write attr ok name=/sys/class/leds/amber/blink string=0,len=1
D/lights  (  580): [LedInfo] write attr ok name=/sys/class/leds/amber/off_timer string=0 0,len=3
D/lights  (  580): [LedInfo] write attr ok name=/sys/class/leds/green/brightness string=1,len=1
D/lights  (  580): [LedInfo] write attr ok name=/sys/class/leds/green/blink string=0,len=1
D/lights  (  580): [LedInfo] write attr ok name=/sys/class/leds/green/off_timer string=0 0,len=3
E/ActivityThread(25965): Failed to find provider info for com.facebook.wakizashi.provider.MessagesForegroundProvider
D/OnDemandProgressBar(  821): release indeterminate drawable android.widget.OnDemandProgressBar@411bdd40
D/OnDemandProgressBar(  821): new OnDemandProgressBar android.widget.OnDemandProgressBar@411bdd40
D/OnDemandProgressBar(  821): release indeterminate drawable android.widget.OnDemandProgressBar@410aa568
D/OnDemandProgressBar(  821): new OnDemandProgressBar android.widget.OnDemandProgressBar@410aa568
D/SizeAdaptiveLayout(  821): com.android.internal.widget.SizeAdaptiveLayout@41397da0child view android.widget.FrameLayout@4127ebf8 measured out of bounds at 95px clamped to 96px
W/msgr(:<default>):h(25965): Falling back to graph url for pic: https://graph.facebook.com/710878035/picture?type=square&width=96&height=96
D/PowerManagerService(  580): releaseWakeLock(41d67e90): PARTIAL_WAKE_LOCK , tag=wake:com.facebook.katana/com.facebook.push.mqtt.receiver.MqttReceiver, flags=0x1
D/PowerManagerService(  580): acquireWakeLock(42198c00): PARTIAL_WAKE_LOCK , tag=GCM_CONN, flags=0x1, pid=1068, uid=10017, mUserState=0x3
D/StateMachine(  580): handleMessage: E msg.what=131155
D/StateMachine(  580): processMsg: ConnectedState
D/WifiStateMachine(  580): ConnectedState{ what=131155 when=-2ms target=Handler (com.android.internal.util.StateMachine$SmHandler) {41a048c8} arg1=63 }
D/StateMachine(  580): processMsg: L2ConnectedState
D/WifiStateMachine(  580): L2ConnectedState{ what=131155 when=-2ms target=Handler (com.android.internal.util.StateMachine$SmHandler) {41a048c8} arg1=63 }
D/WifiStateMachine(  580): fetchRssiAndLinkSpeedNative RSSI = -37
D/StateMachine(  580): handleMessage: X
I/GCM     ( 1068): GCM message com.vkontakte.android 0:1427641967724893%8c73900f0001a781
D/ConnectivityService(  580): reportInetCondition for net 1, percentage: 100 by 1068/10017
D/ConnectivityService(  580): handleInetConditionChange: net=1, condition=100,mActiveDefaultNetwork=1
D/ConnectivityService(  580): handleInetConditionChange: starting a change hold
D/PowerManagerService(  580): acquireWakeLock(41fd41e8): PARTIAL_WAKE_LOCK , tag=GOOGLE_C2DM, flags=0x1, pid=1068, uid=10017, mUserState=0x3
D/PowerManagerService(  580): acquireWakeLock(41ec24a8): PARTIAL_WAKE_LOCK , tag=*net_scheduler*, flags=0x1, pid=1068, uid=10017, mUserState=0x3
D/PowerManagerService(  580): releaseWakeLock(41ec24a8): PARTIAL_WAKE_LOCK , tag=*net_scheduler*, flags=0x1
D/PowerManagerService(  580): releaseWakeLock(42198c00): PARTIAL_WAKE_LOCK , tag=GCM_CONN, flags=0x1
D/PowerManagerService(  580): releaseWakeLock(41fd41e8): PARTIAL_WAKE_LOCK , tag=GOOGLE_C2DM, flags=0x1
I/vk_longpoll(28909): Before get long poll history, pts=81358
D/vk_longpoll(28909): Msg diff=1 [server=36049, client=36048]
I/vk_longpoll(28909): Get long poll history, old ts=81358
I/vk      (28909): count=20
D/ConnectivityService(  580): handleInetConditionHoldEnd: net=1, condition=100, published condition=100
D/ConnectivityService(  580): sendStickyBroadcast: action=android.net.conn.INET_CONDITION_ACTION
I/vk      (28909): On users loaded [User {id=76597495, name=Elena Ivanova [Elena/Ivanova], photo=http://cs625216.vk.me/v625216495/1e9ec/M2z0X4IwRWE.jpg, online=0, extra=null, gender=true}]
D/vk      (28909): U={76597495=User {id=76597495, name=Elena Ivanova [Elena/Ivanova], photo=http://cs625216.vk.me/v625216495/1e9ec/M2z0X4IwRWE.jpg, online=0, extra=null, gender=true}}
D/StateMachine(  580): handleMessage: E msg.what=131218
D/StateMachine(  580): processMsg: ConnectedState
D/WifiStateMachine(  580): ConnectedState{ what=131218 when=-1ms target=Handler (com.android.internal.util.StateMachine$SmHandler) {41a048c8} }
D/StateMachine(  580): processMsg: L2ConnectedState
D/WifiStateMachine(  580): L2ConnectedState{ what=131218 when=-1ms target=Handler (com.android.internal.util.StateMachine$SmHandler) {41a048c8} }
D/StateMachine(  580): processMsg: ConnectModeState
D/WifiStateMachine(  580): ConnectModeState{ what=131218 when=-1ms target=Handler (com.android.internal.util.StateMachine$SmHandler) {41a048c8} }
D/StateMachine(  580): processMsg: DriverStartedState
D/WifiStateMachine(  580): DriverStartedState{ what=131218 when=-1ms target=Handler (com.android.internal.util.StateMachine$SmHandler) {41a048c8} }
D/WIFI_ICON(  821): updateConnectivity: type=1 connected=true
D/StatusBar.NetworkController(  821): dumpState[hasService=true ServiceState=0 home 3 3 27202  HSPA CSS not supported -1 -1 RoamInd=-1 DefRoamInd=-1EriInd= -1EriMode= -1RadioPowerSv: false EmergOnly=false PhoneType: 1 IsCdma=false SimState=UNKNOWN GprsState=0 DataState=Disconnected DataActivity=NONE NetworkType=HSPA HtcModemLinkOn=false HspaDataDistinquishable=true]
D/StatusBar.NetworkController(  821): dumpIconState[dataVisible=false dataIconId=stat_sys_data_connected_hplus signalIconId=stat_sys_5signal_2 wifiVisible=true wifiIconId=stat_sys_wifi_signal_4 airplaneMode=false]
D/StateMachine(  580): handleMessage: X
D/StateMachine(  580): handleMessage: E msg.what=131218
D/StateMachine(  580): processMsg: ConnectedState
D/WifiStateMachine(  580): ConnectedState{ what=131218 when=-1ms target=Handler (com.android.internal.util.StateMachine$SmHandler) {41a048c8} }
D/StateMachine(  580): processMsg: L2ConnectedState
D/WifiStateMachine(  580): L2ConnectedState{ what=131218 when=-1ms target=Handler (com.android.internal.util.StateMachine$SmHandler) {41a048c8} }
D/StateMachine(  580): processMsg: ConnectModeState
D/WifiStateMachine(  580): ConnectModeState{ what=131218 when=-1ms target=Handler (com.android.internal.util.StateMachine$SmHandler) {41a048c8} }
D/StateMachine(  580): processMsg: DriverStartedState
D/WifiStateMachine(  580): DriverStartedState{ what=131218 when=-1ms target=Handler (com.android.internal.util.StateMachine$SmHandler) {41a048c8} }
D/StateMachine(  580): handleMessage: X
D/vk_longpoll(28909): More=false
I/vk_longpoll(28909): Get long poll hisrory done.
I/vk_longpoll(28909): 1->1
V/LightsService(  580): setLight #8: color=#c8c800
D/lights  (  580): set_color_led color=13158400, mode=255, off_min=0, off_sec=0
D/lights  (  580): [LedInfo] without indicator attribute, red:c80000, green:c800, blue:0
V/NotificationService(  580): Battery Full, Charging
V/LightsService(  580): setLight #8: color=#c800
D/lights  (  580): set_color_led color=51200, mode=1, off_min=0, off_sec=0
D/lights  (  580): [LedInfo] without indicator attribute, red:0, green:c800, blue:0
D/lights  (  580): [LedInfo] write attr ok name=/sys/class/leds/amber/brightness string=0,len=1
D/lights  (  580): [LedInfo] write attr ok name=/sys/class/leds/amber/blink string=0,len=1
D/lights  (  580): [LedInfo] write attr ok name=/sys/class/leds/amber/off_timer string=0 0,len=3
D/lights  (  580): [LedInfo] write attr ok name=/sys/class/leds/green/brightness string=1,len=1
D/lights  (  580): [LedInfo] write attr ok name=/sys/class/leds/green/blink string=0,len=1
D/lights  (  580): [LedInfo] write attr ok name=/sys/class/leds/green/off_timer string=0 0,len=3
D/AudioService(  580): get device = speaker for stream = STREAM_NOTIFICATION
V/LightsService(  580): setLight #8: color=#c8c800
D/lights  (  580): set_color_led color=13158400, mode=255, off_min=0, off_sec=0
