D/PowerManagerService(  580): acquireWakeLock(41d99010): PARTIAL_WAKE_LOCK , tag=RILJ, flags=0x1, pid=974, uid=1001, mUserState=0x3
D/MobileDataStateTracker(  580): ims: Broadcast received: ignore android.intent.action.SERVICE_STATE
D/MobileDataStateTracker(  580): null: Broadcast received: ignore android.intent.action.SERVICE_STATE
D/MobileDataStateTracker(  580): httpproxy: Broadcast received: ignore android.intent.action.SERVICE_STATE
D/PowerManagerService(  580): releaseWakeLock(41d99010): PARTIAL_WAKE_LOCK , tag=RILJ, flags=0x1
D/MobileDataStateTracker(  580): admin: Broadcast received: ignore android.intent.action.SERVICE_STATE
D/MobileDataStateTracker(  580): internet: Broadcast received: ignore android.intent.action.SERVICE_STATE
D/MobileDataStateTracker(  580): null: Broadcast received: ignore android.intent.action.SERVICE_STATE
D/MobileDataStateTracker(  580): cmmail: Broadcast received: ignore android.intent.action.SERVICE_STATE
D/MobileDataStateTracker(  580): null: Broadcast received: ignore android.intent.action.SERVICE_STATE
D/MobileDataStateTracker(  580): cmail: Broadcast received: ignore android.intent.action.SERVICE_STATE
D/MobileDataStateTracker(  580): entitle: Broadcast received: ignore android.intent.action.SERVICE_STATE
D/MobileDataStateTracker(  580): null: Broadcast received: ignore android.intent.action.SERVICE_STATE
D/MobileDataStateTracker(  580): bip: Broadcast received: ignore android.intent.action.SERVICE_STATE
D/MobileDataStateTracker(  580): default: Broadcast received: ACTION_ANY_DATA_CONNECTION_STATE_CHANGED mApnType=default == received apnType=default
D/MobileDataStateTracker(  580): default: Received state=DISCONNECTED, old=DISCONNECTED, reason=nwTypeChanged
D/MobileDataStateTracker(  580): default: mMobileDataState=DISCONNECTED mTeardownRequested=true got [AnyDataCSC] : type=default state=DISCONNECTED reason=nwTypeChanged apn=null roaming=false unavailable=false NetworkType=10 NetworkTypeName=HSPA entitleError=0
D/PowerManagerService(  580): acquireWakeLock(41dbbf60): PARTIAL_WAKE_LOCK , tag=SWITCH_NETWORK_MODE_WAKE_LOCK, flags=0x1, pid=903, uid=10014, mUserState=0x3
D/PowerManagerService(  580): acquireWakeLock(4190e810): PARTIAL_WAKE_LOCK , tag=RILJ, flags=0x1, pid=974, uid=1001, mUserState=0x3
D/PowerManagerService(  580): releaseWakeLock(41dbbf60): PARTIAL_WAKE_LOCK , tag=SWITCH_NETWORK_MODE_WAKE_LOCK, flags=0x1
D/PowerManagerService(  580): releaseWakeLock(4190e810): PARTIAL_WAKE_LOCK , tag=RILJ, flags=0x1
D/PowerManagerService(  580): TPE algorithm. remove timeout.
D/PowerManagerService(  580): ALG=2, lsvalue=2600(8th)->10240(9th), last_level=6, lValue=125->125, bValue=0, kValue=0, mPowerState=0x3, mSkippedScreenOn=false, mInitialAnimation=false, immediate=false
D/PowerManagerService(  580): acquireWakeLock(41d06bb8): PARTIAL_WAKE_LOCK , tag=AlarmManager, flags=0x1, pid=580, uid=1000, mUserState=0x3
V/AlarmManager(  580): sending alarm PendingIntent{41632fe8: PendingIntentRecord{419e8c78 android broadcastIntent}}, intent=android.intent.action.TIME_TICK, type=RTC, count=1, when=1427641860000, repeateInterval=0
D/PowerManagerService(  580): releaseWakeLock(41d06bb8): PARTIAL_WAKE_LOCK , tag=AlarmManager, flags=0x1
D/PowerManagerService(  580): acquireWakeLock(41a359d0): PARTIAL_WAKE_LOCK , tag=AlarmManager, flags=0x1, pid=580, uid=1000, mUserState=0x3
V/AlarmManager(  580): sending alarm PendingIntent{41cd3ab0: PendingIntentRecord{41cf7fc0 com.google.android.location broadcastIntent}}, intent=com.google.android.location.nlp.ALARM_WAKEUP_LOCATOR, type=ELAPSED_REALTIME_WAKEUP, count=1, when=17942883, repeateInterval=0
D/PowerManagerService(  580): acquireWakeLock(41a81760): PARTIAL_WAKE_LOCK , tag=NetworkLocationCallbackRunner, flags=0x1, pid=1068, uid=10017, mUserState=0x3
D/PowerManagerService(  580): acquireWakeLock(41cf7788): PARTIAL_WAKE_LOCK , tag=NetworkLocationLocator, flags=0x1, pid=1068, uid=10017, mUserState=0x3
D/WifiService(  580): acquireWifiLockLocked: WifiLock{NetworkLocationLocator type=2 binder=android.os.BinderProxy@41e1e678}
D/WifiService(  580): updateWifiState(): wifiApEnabled: false, wifiApAirplaneMode: falsegetWifiEnabledState(): 3, getWifiApEnabledState: 11
D/WifiService(  580): updateWifiState(): mAirplaneModeOn.get(): false, mPersistWifiState.get(): 1
D/WifiService(  580): updateWifiState(): mEmergencyCallbackMode: false, mDeviceIdle: false, lockHeld: true, mStopWifiRequested:false
D/WifiService(  580): updateWifiState(): enable and start wifi
D/PowerManagerService(  580): releaseWakeLock(41a359d0): PARTIAL_WAKE_LOCK , tag=AlarmManager, flags=0x1
D/PowerManagerService(  580): releaseWakeLock(41a81760): PARTIAL_WAKE_LOCK , tag=NetworkLocationCallbackRunner, flags=0x1
D/PowerManagerService(  580): acquireWakeLock(41b4f768): PARTIAL_WAKE_LOCK , tag=RILJ, flags=0x1, pid=974, uid=1001, mUserState=0x3
D/PowerManagerService(  580): releaseWakeLock(41b4f768): PARTIAL_WAKE_LOCK , tag=RILJ, flags=0x1
D/WifiService(  580): releaseWifiLockLocked: WifiLock{NetworkLocationLocator type=2 binder=android.os.BinderProxy@41e1e678}
D/WifiService(  580): updateWifiState(): wifiApEnabled: false, wifiApAirplaneMode: falsegetWifiEnabledState(): 3, getWifiApEnabledState: 11
D/WifiService(  580): updateWifiState(): mAirplaneModeOn.get(): false, mPersistWifiState.get(): 1
D/WifiService(  580): updateWifiState(): mEmergencyCallbackMode: false, mDeviceIdle: false, lockHeld: true, mStopWifiRequested:false
D/WifiService(  580): updateWifiState(): enable and start wifi
--------- beginning of /dev/log/main
D/StateMachine(  580): processMsg: ConnectedState
D/WifiStateMachine(  580): ConnectedState{ what=131149 when=-13ms target=Handler (com.android.internal.util.StateMachine$SmHandler) {41a048c8} }
D/StateMachine(  580): processMsg: L2ConnectedState
D/WifiStateMachine(  580): L2ConnectedState{ what=131149 when=-13ms target=Handler (com.android.internal.util.StateMachine$SmHandler) {41a048c8} }
D/StateMachine(  580): processMsg: ConnectModeState
D/WifiStateMachine(  580): ConnectModeState{ what=131149 when=-15ms target=Handler (com.android.internal.util.StateMachine$SmHandler) {41a048c8} }
D/StateMachine(  580): processMsg: DriverStartedState
D/WifiStateMachine(  580): DriverStartedState{ what=131149 when=-16ms target=Handler (com.android.internal.util.StateMachine$SmHandler) {41a048c8} }
D/StateMachine(  580): handleMessage: X
D/PowerManagerService(  580): acquireWakeLock(41e98d30): PARTIAL_WAKE_LOCK , tag=GpsLocationProvider, flags=0x1, pid=580, uid=1000, mUserState=0x3
D/PowerManagerService(  580): releaseWakeLock(41cf7788): PARTIAL_WAKE_LOCK , tag=NetworkLocationLocator, flags=0x1
D/GpsLocationProvider(  580): [handleMessage] message :7
D/GpsLocationProvider(  580): Gps MessageHandler. msg.what 7 msg.arg1:0 msg.arg2: 0
D/GpsLocationProvider(  580): [handleMessage] UPDATE_LOCATION
D/GpsLocationProvider(  580): handleUpdateLocation
V/LocationManagerService(  580): In handleLocationChangedLocked.For provider: network
D/QMI_FW  (  580): QCCI: QMI_CCI_TX: cntl_flag - 00, txn_id - 0133, msg_id - 0039, msg_len - 0021
D/QMI_FW  (  580): QCCI: Sent[299]: 40 bytes to port 2816
D/PowerManagerService(  580): releaseWakeLock(41e98d30): PARTIAL_WAKE_LOCK , tag=GpsLocationProvider, flags=0x1
D/GpsLocationProvider(  580): [reportHTCStatus] eventMask = 2 , status = 0
D/GpsLocationProvider(  580): [reportHTCStatus] HTC_GPS_STATUS_INJECT_LOCATION
D/AutoSetting(  903): service - onStartCommand() action: com.htc.app.autosetting.location
D/AutoSetting(  903): service - handleMessage() incoming message, what:1
D/AutoSetting(  903): service - handleMessage() within range
D/PowerManagerService(  580): acquireWakeLock(41e093a0): PARTIAL_WAKE_LOCK , tag=LocationManagerService, flags=0x1, pid=580, uid=1000, mUserState=0x3
V/LocationManagerService(  580): In handleLocationChangedLocked.For provider: passive
D/PowerManagerService(  580): releaseWakeLock(41e093a0): PARTIAL_WAKE_LOCK , tag=LocationManagerService, flags=0x1
D/QMI_FW  (  580): QCCI: reader_thread: Received 14 bytes from 299
D/PowerManagerService(  580): acquireWakeLock(4214d178): PARTIAL_WAKE_LOCK , tag=LocationManagerService, flags=0x1, pid=580, uid=1000, mUserState=0x3
D/QMI_FW  (  580): QCCI: QMI_CCI_RX: cntl_flag - 02, txn_id - 0133, msg_id - 0039, msg_len - 0007
D/QMI_FW  (  580): QCCI: reader_thread: Received 14 bytes from 299
D/QMI_FW  (  580): QCCI: QMI_CCI_RX: cntl_flag - 04, txn_id - 0000, msg_id - 0039, msg_len - 0007
D/PowerManagerService(  580): releaseWakeLock(4214d178): PARTIAL_WAKE_LOCK , tag=LocationManagerService, flags=0x1
D/PowerManagerService(  580): acquireWakeLock(41b65288): PARTIAL_WAKE_LOCK , tag=LocationManagerService, flags=0x1, pid=580, uid=1000, mUserState=0x3
D/PowerManagerService(  580): releaseWakeLock(41b65288): PARTIAL_WAKE_LOCK , tag=LocationManagerService, flags=0x1
D/PowerManagerService(  580): TPE algorithm. schedule timeout.
D/PowerManagerService(  580): ALG=2, lsvalue=10240(9th)->2600(8th), last_level=9, lValue=125->125, bValue=0, kValue=0, mPowerState=0x3, mSkippedScreenOn=false, mInitialAnimation=false, immediate=false
D/StateMachine(  580): handleMessage: E msg.what=131155
D/StateMachine(  580): processMsg: ConnectedState
D/WifiStateMachine(  580): ConnectedState{ what=131155 when=-1ms target=Handler (com.android.internal.util.StateMachine$SmHandler) {41a048c8} arg1=63 }
D/StateMachine(  580): processMsg: L2ConnectedState
D/WifiStateMachine(  580): L2ConnectedState{ what=131155 when=-2ms target=Handler (com.android.internal.util.StateMachine$SmHandler) {41a048c8} arg1=63 }
D/WifiStateMachine(  580): fetchRssiAndLinkSpeedNative RSSI = -47
D/StateMachine(  580): handleMessage: X
D/ContactMessageStore(  974): MSG_NOTIFY_CS_TO_SYNC >>
D/ContactMessageStore(  974): MSG_NOTIFY_CS_TO_SYNC <<
D/TELEPHONY_CALLBACK(  821): @onSignalStrengthChanged: SignalStrength: 9 -1 -1 -1 -1 -1 -1 -1 -1 -1 2147483647 -1 gsm|lte
D/StatusBar.NetworkController(  821): dumpState[hasService=true ServiceState=0 home 3 3 27202  HSPA CSS not supported -1 -1 RoamInd=-1 DefRoamInd=-1EriInd= -1EriMode= -1RadioPowerSv: false EmergOnly=false PhoneType: 1 IsCdma=false SimState=UNKNOWN GprsState=0 DataState=Disconnected DataActivity=NONE NetworkType=HSPA HtcModemLinkOn=false HspaDataDistinquishable=true]
D/SIGNAL_ICON(  821): updateTelephonySignalStrength
D/SIGNAL_ICON(  821): fakeui srv=0 mTimerEnabled=false asu=9
D/SIGNAL_ICON(  821): asu=9
D/SIGNAL_ICON(  821): SUPPORT_5_LEVEL_SIGNAL
D/SIGNAL_ICON(  821): mapTelephonySignalStrength
D/SIGNAL_ICON(  821): maxLevel=5 asu=9 networkType=HSPA
D/SIGNAL_ICON(  821): return iconLevel=3
D/StatusBar.NetworkController(  821): dumpIconState[dataVisible=false dataIconId=stat_sys_data_connected_hplus signalIconId=stat_sys_5signal_3 wifiVisible=true wifiIconId=stat_sys_wifi_signal_4 airplaneMode=false]
D/PowerManagerService(  580): TPE algorithm. remove timeout.
D/PowerManagerService(  580): ALG=2, lsvalue=2600(8th)->10240(9th), last_level=9, lValue=125->125, bValue=0, kValue=0, mPowerState=0x3, mSkippedScreenOn=false, mInitialAnimation=false, immediate=false
D/StateMachine(  580): handleMessage: E msg.what=131155
D/StateMachine(  580): processMsg: ConnectedState
D/WifiStateMachine(  580): ConnectedState{ what=131155 when=-4ms target=Handler (com.android.internal.util.StateMachine$SmHandler) {41a048c8} arg1=63 }
D/StateMachine(  580): processMsg: L2ConnectedState
D/WifiStateMachine(  580): L2ConnectedState{ what=131155 when=-5ms target=Handler (com.android.internal.util.StateMachine$SmHandler) {41a048c8} arg1=63 }
D/WifiStateMachine(  580): fetchRssiAndLinkSpeedNative RSSI = -46
D/StateMachine(  580): handleMessage: X
D/TELEPHONY_CALLBACK(  821): @onSignalStrengthChanged: SignalStrength: 8 -1 -1 -1 -1 -1 -1 -1 -1 -1 2147483647 -1 gsm|lte
D/StatusBar.NetworkController(  821): dumpState[hasService=true ServiceState=0 home 3 3 27202  HSPA CSS not supported -1 -1 RoamInd=-1 DefRoamInd=-1EriInd= -1EriMode= -1RadioPowerSv: false EmergOnly=false PhoneType: 1 IsCdma=false SimState=UNKNOWN GprsState=0 DataState=Disconnected DataActivity=NONE NetworkType=HSPA HtcModemLinkOn=false HspaDataDistinquishable=true]
D/SIGNAL_ICON(  821): updateTelephonySignalStrength
D/SIGNAL_ICON(  821): fakeui srv=0 mTimerEnabled=false asu=8
D/SIGNAL_ICON(  821): asu=8
D/SIGNAL_ICON(  821): SUPPORT_5_LEVEL_SIGNAL
D/SIGNAL_ICON(  821): mapTelephonySignalStrength
D/SIGNAL_ICON(  821): maxLevel=5 asu=8 networkType=HSPA
D/SIGNAL_ICON(  821): return iconLevel=3
D/StatusBar.NetworkController(  821): dumpIconState[dataVisible=false dataIconId=stat_sys_data_connected_hplus signalIconId=stat_sys_5signal_3 wifiVisible=true wifiIconId=stat_sys_wifi_signal_4 airplaneMode=false]
D/PowerManagerService(  580): TPE algorithm. schedule timeout.
D/PowerManagerService(  580): ALG=2, lsvalue=10240(9th)->2600(8th), last_level=9, lValue=125->125, bValue=0, kValue=0, mPowerState=0x3, mSkippedScreenOn=false, mInitialAnimation=false, immediate=false
D/StateMachine(  580): handleMessage: E msg.what=131155
D/StateMachine(  580): processMsg: ConnectedState
D/WifiStateMachine(  580): ConnectedState{ what=131155 when=-4ms target=Handler (com.android.internal.util.StateMachine$SmHandler) {41a048c8} arg1=63 }
D/StateMachine(  580): processMsg: L2ConnectedState
D/WifiStateMachine(  580): L2ConnectedState{ what=131155 when=-5ms target=Handler (com.android.internal.util.StateMachine$SmHandler) {41a048c8} arg1=63 }
D/WifiStateMachine(  580): fetchRssiAndLinkSpeedNative RSSI = -45
D/StateMachine(  580): handleMessage: X
D/StateMachine(  580): handleMessage: E msg.what=131155
D/StateMachine(  580): processMsg: ConnectedState
D/WifiStateMachine(  580): ConnectedState{ what=131155 when=-4ms target=Handler (com.android.internal.util.StateMachine$SmHandler) {41a048c8} arg1=63 }
D/StateMachine(  580): processMsg: L2ConnectedState
D/WifiStateMachine(  580): L2ConnectedState{ what=131155 when=-5ms target=Handler (com.android.internal.util.StateMachine$SmHandler) {41a048c8} arg1=63 }
D/WifiStateMachine(  580): fetchRssiAndLinkSpeedNative RSSI = -45
D/StateMachine(  580): handleMessage: X
D/StateMachine(  580): handleMessage: E msg.what=131155
D/StateMachine(  580): processMsg: ConnectedState
D/WifiStateMachine(  580): ConnectedState{ what=131155 when=-4ms target=Handler (com.android.internal.util.StateMachine$SmHandler) {41a048c8} arg1=63 }
D/StateMachine(  580): processMsg: L2ConnectedState
D/WifiStateMachine(  580): L2ConnectedState{ what=131155 when=-6ms target=Handler (com.android.internal.util.StateMachine$SmHandler) {41a048c8} arg1=63 }
D/WifiStateMachine(  580): fetchRssiAndLinkSpeedNative RSSI = -42
D/StateMachine(  580): handleMessage: X
D/TELEPHONY_CALLBACK(  821): @onSignalStrengthChanged: SignalStrength: 7 -1 -1 -1 -1 -1 -1 -1 -1 -1 2147483647 -1 gsm|lte
D/StatusBar.NetworkController(  821): dumpState[hasService=true ServiceState=0 home 3 3 27202  HSPA CSS not supported -1 -1 RoamInd=-1 DefRoamInd=-1EriInd= -1EriMode= -1RadioPowerSv: false EmergOnly=false PhoneType: 1 IsCdma=false SimState=UNKNOWN GprsState=0 DataState=Disconnected DataActivity=NONE NetworkType=HSPA HtcModemLinkOn=false HspaDataDistinquishable=true]
D/SIGNAL_ICON(  821): updateTelephonySignalStrength
D/SIGNAL_ICON(  821): fakeui srv=0 mTimerEnabled=false asu=7
D/SIGNAL_ICON(  821): asu=7
D/SIGNAL_ICON(  821): SUPPORT_5_LEVEL_SIGNAL
D/SIGNAL_ICON(  821): mapTelephonySignalStrength
D/SIGNAL_ICON(  821): maxLevel=5 asu=7 networkType=HSPA
D/SIGNAL_ICON(  821): return iconLevel=2
D/SIGNAL_ICON(  821): refreshViews: mPhoneSignalIconId -> stat_sys_5signal_2
D/StatusBar.NetworkController(  821): dumpIconState[dataVisible=false dataIconId=stat_sys_data_connected_hplus signalIconId=stat_sys_5signal_2 wifiVisible=true wifiIconId=stat_sys_wifi_signal_4 airplaneMode=false]
D/StateMachine(  580): handleMessage: E msg.what=131155
D/StateMachine(  580): processMsg: ConnectedState
D/WifiStateMachine(  580): ConnectedState{ what=131155 when=-4ms target=Handler (com.android.internal.util.StateMachine$SmHandler) {41a048c8} arg1=63 }
D/StateMachine(  580): processMsg: L2ConnectedState
D/WifiStateMachine(  580): L2ConnectedState{ what=131155 when=-6ms target=Handler (com.android.internal.util.StateMachine$SmHandler) {41a048c8} arg1=63 }
D/WifiStateMachine(  580): fetchRssiAndLinkSpeedNative RSSI = -41
D/StateMachine(  580): handleMessage: X
D/PowerManagerService(  580): TPE algorithm. remove timeout.
D/PowerManagerService(  580): ALG=2, lsvalue=2600(8th)->1280(7th), last_level=7, lValue=125->125, bValue=0, kValue=0, mPowerState=0x3, mSkippedScreenOn=false, mInitialAnimation=false, immediate=false
D/PowerManagerService(  580): acquireWakeLock(41e9b0b0): PARTIAL_WAKE_LOCK , tag=AlarmManager, flags=0x1, pid=580, uid=1000, mUserState=0x3
D/PowerManagerService(  580): acquireWakeLock(41e717c0): PARTIAL_WAKE_LOCK , tag=SyncManagerHandleSyncAlarm, flags=0x1, pid=580, uid=1000, mUserState=0x3
V/AlarmManager(  580): sending alarm PendingIntent{412e64c8: PendingIntentRecord{418eb9c8 android broadcastIntent}}, intent=android.content.syncmanager.SYNC_ALARM, type=ELAPSED_REALTIME_WAKEUP, count=1, when=17960401, repeateInterval=0
D/PowerManagerService(  580): acquireWakeLock(41f661f0): PARTIAL_WAKE_LOCK , tag=SyncLoopWakeLock, flags=0x1, pid=580, uid=1000, mUserState=0x3
D/PowerManagerService(  580): releaseWakeLock(41e9b0b0): PARTIAL_WAKE_LOCK , tag=AlarmManager, flags=0x1
D/PowerManagerService(  580): acquireWakeLock(41d826b0): PARTIAL_WAKE_LOCK , tag=*sync*_gmail-ls_Account {name=inf*********s, type=com.google}, flags=0x1, pid=580, uid=1000, mUserState=0x3
D/PowerManagerService(  580): releaseWakeLock(41e717c0): PARTIAL_WAKE_LOCK , tag=SyncManagerHandleSyncAlarm, flags=0x1
D/PowerManagerService(  580): releaseWakeLock(41f661f0): PARTIAL_WAKE_LOCK , tag=SyncLoopWakeLock, flags=0x1
D/PowerManagerService(  580): acquireWakeLock(42198e30): PARTIAL_WAKE_LOCK , tag=SyncLoopWakeLock, flags=0x1, pid=580, uid=1000, mUserState=0x3
W/Gmail   (28512): Sync started for account: account:1482540254
I/Gmail   (28512): notifyAccountChanged
D/PowerManagerService(  580): releaseWakeLock(42198e30): PARTIAL_WAKE_LOCK , tag=SyncLoopWakeLock, flags=0x1
I/Gmail   (28512): getAccountsCursor
D/TELEPHONY_CALLBACK(  821): @onSignalStrengthChanged: SignalStrength: 7 -1 -1 -1 -1 -1 -1 -1 -1 -1 2147483647 -1 gsm|lte
D/StatusBar.NetworkController(  821): dumpState[hasService=true ServiceState=0 home 3 3 27202  HSPA CSS not supported -1 -1 RoamInd=-1 DefRoamInd=-1EriInd= -1EriMode= -1RadioPowerSv: false EmergOnly=false PhoneType: 1 IsCdma=false SimState=UNKNOWN GprsState=0 DataState=Disconnected DataActivity=NONE NetworkType=HSPA HtcModemLinkOn=false HspaDataDistinquishable=true]
D/SIGNAL_ICON(  821): updateTelephonySignalStrength
D/SIGNAL_ICON(  821): fakeui srv=0 mTimerEnabled=false asu=7
D/SIGNAL_ICON(  821): asu=7
D/SIGNAL_ICON(  821): SUPPORT_5_LEVEL_SIGNAL
D/SIGNAL_ICON(  821): mapTelephonySignalStrength
D/SIGNAL_ICON(  821): maxLevel=5 asu=7 networkType=HSPA
D/SIGNAL_ICON(  821): return iconLevel=2
D/StatusBar.NetworkController(  821): dumpIconState[dataVisible=false dataIconId=stat_sys_data_connected_hplus signalIconId=stat_sys_5signal_2 wifiVisible=true wifiIconId=stat_sys_wifi_signal_4 airplaneMode=false]
I/Gmail   (28512): MainSyncRequestProto: lowestBkwdConvoId: 0, highestHandledServerOp: 365118, normalSync: true
I/Gmail   (28512): lowestBackward conversation id 0
I/Gmail   (28512): master sync=true, engine sync=false
E/Gmail.LabelManager(28512): Unable to get label ^i for account timcallagy@gmail.com
E/Gmail   (28512): Couldn't find label: ^i
D/PowerManagerService(  580): acquireWakeLock(421c3ef0): PARTIAL_WAKE_LOCK , tag=Icing, flags=0x1, pid=1291, uid=10017, mUserState=0x3
I/Gmail   (28512): notifyAccountChanged
I/Gmail   (28512): getAccountsCursor
W/Gmail   (28512): Sync complete for account: account:1482540254
D/PowerManagerService(  580): acquireWakeLock(41b5dc90): PARTIAL_WAKE_LOCK , tag=SyncLoopWakeLock, flags=0x1, pid=580, uid=1000, mUserState=0x3
I/Gmail   (28512): master sync=true, engine sync=false
D/PowerManagerService(  580): releaseWakeLock(41d826b0): PARTIAL_WAKE_LOCK , tag=*sync*_gmail-ls_Account {name=inf*********s, type=com.google}, flags=0x1
D/PowerManagerService(  580): releaseWakeLock(41b5dc90): PARTIAL_WAKE_LOCK , tag=SyncLoopWakeLock, flags=0x1
E/Gmail.LabelManager(28512): Unable to get label ^i for account timcallagy@gmail.com
E/Gmail   (28512): Couldn't find label: ^i
I/NONPRIME(27511): <CallBackProxy> Send to WebViewClient.
D/StateMachine(  580): handleMessage: E msg.what=131155
D/StateMachine(  580): processMsg: ConnectedState
D/WifiStateMachine(  580): ConnectedState{ what=131155 when=-4ms target=Handler (com.android.internal.util.StateMachine$SmHandler) {41a048c8} arg1=63 }
D/StateMachine(  580): processMsg: L2ConnectedState
D/WifiStateMachine(  580): L2ConnectedState{ what=131155 when=-6ms target=Handler (com.android.internal.util.StateMachine$SmHandler) {41a048c8} arg1=63 }
D/WifiStateMachine(  580): fetchRssiAndLinkSpeedNative RSSI = -44
D/StateMachine(  580): handleMessage: X
I/Icing   ( 1291): Indexing E43E531BA13C11F2BF90E73ABDD8E9A75EFBB659 from com.google.android.gm
I/Icing   ( 1291): Not enough disk space for indexing trimmable
I/Icing   ( 1291): Cannot sync trimmable corpus: no trimmable
E/Icing   ( 1291): Aborting indexing of corpus E43E531BA13C11F2BF90E73ABDD8E9A75EFBB659
I/Icing   ( 1291): Indexing done E43E531BA13C11F2BF90E73ABDD8E9A75EFBB659
D/PowerManagerService(  580): releaseWakeLock(421c3ef0): PARTIAL_WAKE_LOCK , tag=Icing, flags=0x1
D/PowerManagerService(  580): acquireWakeLock(418ffe10): PARTIAL_WAKE_LOCK , tag=AlarmManager, flags=0x1, pid=580, uid=1000, mUserState=0x3
V/AlarmManager(  580): sending alarm PendingIntent{41c2f580: PendingIntentRecord{41cf7fc0 com.google.android.location broadcastIntent}}, intent=com.google.android.location.nlp.ALARM_WAKEUP_LOCATOR, type=ELAPSED_REALTIME_WAKEUP, count=1, when=17962927, repeateInterval=0
D/PowerManagerService(  580): acquireWakeLock(41ea30b8): PARTIAL_WAKE_LOCK , tag=NetworkLocationCallbackRunner, flags=0x1, pid=1068, uid=10017, mUserState=0x3
D/PowerManagerService(  580): releaseWakeLock(418ffe10): PARTIAL_WAKE_LOCK , tag=AlarmManager, flags=0x1
D/BatteryService(  580): updateBatteryStats: auto update.
D/PowerManagerService(  580): acquireWakeLock(41e64970): PARTIAL_WAKE_LOCK , tag=BatteryServiceUpdateStats, flags=0x1, pid=580, uid=1000, mUserState=0x3
D/PowerManagerService(  580): releaseWakeLock(41e64970): PARTIAL_WAKE_LOCK , tag=BatteryServiceUpdateStats, flags=0x1
D/PowerManagerService(  580): acquireWakeLock(42172ff8): PARTIAL_WAKE_LOCK , tag=NetworkLocationLocator, flags=0x1, pid=1068, uid=10017, mUserState=0x3
D/StateMachine(  580): handleMessage: E msg.what=131073
D/StateMachine(  580): processMsg: ConnectedState
D/WifiStateMachine(  580): ConnectedState{ what=131073 when=-1ms target=Handler (com.android.internal.util.StateMachine$SmHandler) {41a048c8} arg1=2 }
D/StateMachine(  580): processMsg: L2ConnectedState
D/WifiStateMachine(  580): L2ConnectedState{ what=131073 when=-2ms target=Handler (com.android.internal.util.StateMachine$SmHandler) {41a048c8} arg1=2 }
D/WifiService(  580): acquireWifiLockLocked: WifiLock{NetworkLocationLocator type=2 binder=android.os.BinderProxy@41e1e678}
D/WifiService(  580): updateWifiState(): wifiApEnabled: false, wifiApAirplaneMode: falsegetWifiEnabledState(): 3, getWifiApEnabledState: 11
D/WifiService(  580): updateWifiState(): mAirplaneModeOn.get(): false, mPersistWifiState.get(): 1
D/WifiService(  580): updateWifiState(): mEmergencyCallbackMode: false, mDeviceIdle: false, lockHeld: true, mStopWifiRequested:false
D/WifiService(  580): updateWifiState(): enable and start wifi
D/StateMachine(  580): processMsg: ConnectModeState
D/PowerManagerService(  580): releaseWakeLock(41ea30b8): PARTIAL_WAKE_LOCK , tag=NetworkLocationCallbackRunner, flags=0x1
D/WifiStateMachine(  580): ConnectModeState{ what=131073 when=-17ms target=Handler (com.android.internal.util.StateMachine$SmHandler) {41a048c8} arg1=2 }
D/StateMachine(  580): processMsg: DriverStartedState
D/WifiStateMachine(  580): DriverStartedState{ what=131073 when=-19ms target=Handler (com.android.internal.util.StateMachine$SmHandler) {41a048c8} arg1=2 }
D/StateMachine(  580): processMsg: SupplicantStartedState
D/WifiStateMachine(  580): SupplicantStartedState{ what=131073 when=-24ms target=Handler (com.android.internal.util.StateMachine$SmHandler) {41a048c8} arg1=2 }
D/StateMachine(  580): processMsg: SoftApStartedState
D/PowerManagerService(  580): acquireWakeLock(421e5ad8): PARTIAL_WAKE_LOCK , tag=RILJ, flags=0x1, pid=974, uid=1001, mUserState=0x3
D/WifiStateMachine(  580): SoftApStartedState{ what=131073 when=-25ms target=Handler (com.android.internal.util.StateMachine$SmHandler) {41a048c8} arg1=2 }
D/StateMachine(  580): processMsg: DefaultState
D/WifiStateMachine(  580): DefaultState{ what=131073 when=-25ms target=Handler (com.android.internal.util.StateMachine$SmHandler) {41a048c8} arg1=2 }
D/StateMachine(  580): handleMessage: X
D/StateMachine(  580): handleMessage: E msg.what=131083
D/StateMachine(  580): processMsg: ConnectedState
D/WifiStateMachine(  580): ConnectedState{ what=131083 when=-26ms target=Handler (com.android.internal.util.StateMachine$SmHandler) {41a048c8} }
D/StateMachine(  580): processMsg: L2ConnectedState
D/WifiStateMachine(  580): L2ConnectedState{ what=131083 when=-27ms target=Handler (com.android.internal.util.StateMachine$SmHandler) {41a048c8} }
D/StateMachine(  580): processMsg: ConnectModeState
D/WifiStateMachine(  580): ConnectModeState{ what=131083 when=-28ms target=Handler (com.android.internal.util.StateMachine$SmHandler) {41a048c8} }
D/StateMachine(  580): processMsg: DriverStartedState
D/WifiStateMachine(  580): DriverStartedState{ what=131083 when=-28ms target=Handler (com.android.internal.util.StateMachine$SmHandler) {41a048c8} }
D/StateMachine(  580): processMsg: SupplicantStartedState
D/WifiStateMachine(  580): SupplicantStartedState{ what=131083 when=-33ms target=Handler (com.android.internal.util.StateMachine$SmHandler) {41a048c8} }
D/StateMachine(  580): processMsg: SoftApStartedState
D/WifiStateMachine(  580): SoftApStartedState{ what=131083 when=-33ms target=Handler (com.android.internal.util.StateMachine$SmHandler) {41a048c8} }
D/PowerManagerService(  580): releaseWakeLock(421e5ad8): PARTIAL_WAKE_LOCK , tag=RILJ, flags=0x1
D/StateMachine(  580): processMsg: DefaultState
D/WifiStateMachine(  580): DefaultState{ what=131083 when=-36ms target=Handler (com.android.internal.util.StateMachine$SmHandler) {41a048c8} }
D/StateMachine(  580): handleMessage: X
D/StateMachine(  580): handleMessage: E msg.what=131144
D/StateMachine(  580): processMsg: ConnectedState
D/WifiStateMachine(  580): ConnectedState{ what=131144 when=-37ms target=Handler (com.android.internal.util.StateMachine$SmHandler) {41a048c8} arg1=1 }
D/StateMachine(  580): processMsg: L2ConnectedState
D/WifiStateMachine(  580): L2ConnectedState{ what=131144 when=-41ms target=Handler (com.android.internal.util.StateMachine$SmHandler) {41a048c8} arg1=1 }
D/StateMachine(  580): handleMessage: X
D/StateMachine(  580): handleMessage: E msg.what=131085
D/StateMachine(  580): processMsg: ConnectedState
D/WifiStateMachine(  580): ConnectedState{ what=131085 when=-41ms target=Handler (com.android.internal.util.StateMachine$SmHandler) {41a048c8} }
D/StateMachine(  580): processMsg: L2ConnectedState
D/WifiStateMachine(  580): L2ConnectedState{ what=131085 when=-42ms target=Handler (com.android.internal.util.StateMachine$SmHandler) {41a048c8} }
D/StateMachine(  580): processMsg: ConnectModeState
D/WifiStateMachine(  580): ConnectModeState{ what=131085 when=-42ms target=Handler (com.android.internal.util.StateMachine$SmHandler) {41a048c8} }
D/StateMachine(  580): processMsg: DriverStartedState
D/WifiStateMachine(  580): DriverStartedState{ what=131085 when=-44ms target=Handler (com.android.internal.util.StateMachine$SmHandler) {41a048c8} }
D/StateMachine(  580): handleMessage: X
D/StateMachine(  580): handleMessage: E msg.what=131149
D/StateMachine(  580): processMsg: ConnectedState
D/WifiStateMachine(  580): ConnectedState{ what=131149 when=-46ms target=Handler (com.android.internal.util.StateMachine$SmHandler) {41a048c8} }
D/StateMachine(  580): processMsg: L2ConnectedState
D/WifiStateMachine(  580): L2ConnectedState{ what=131149 when=-47ms target=Handler (com.android.internal.util.StateMachine$SmHandler) {41a048c8} }
D/StateMachine(  580): processMsg: ConnectModeState
D/WifiStateMachine(  580): ConnectModeState{ what=131149 when=-47ms target=Handler (com.android.internal.util.StateMachine$SmHandler) {41a048c8} }
D/StateMachine(  580): processMsg: DriverStartedState
D/WifiStateMachine(  580): DriverStartedState{ what=131149 when=-48ms target=Handler (com.android.internal.util.StateMachine$SmHandler) {41a048c8} }
D/StateMachine(  580): handleMessage: X
D/StateMachine(  580): handleMessage: E msg.what=131143
D/StateMachine(  580): processMsg: ConnectedState
D/WifiStateMachine(  580): ConnectedState{ what=131143 when=-46ms target=Handler (com.android.internal.util.StateMachine$SmHandler) {41a048c8} arg1=2 }
D/StateMachine(  580): processMsg: L2ConnectedState
D/WifiStateMachine(  580): L2ConnectedState{ what=131143 when=-46ms target=Handler (com.android.internal.util.StateMachine$SmHandler) {41a048c8} arg1=2 }
D/StateMachine(  580): processMsg: ConnectModeState
D/WifiStateMachine(  580): ConnectModeState{ what=131143 when=-48ms target=Handler (com.android.internal.util.StateMachine$SmHandler) {41a048c8} arg1=2 }
D/StateMachine(  580): processMsg: DriverStartedState
D/WifiStateMachine(  580): DriverStartedState{ what=131143 when=-49ms target=Handler (com.android.internal.util.StateMachine$SmHandler) {41a048c8} arg1=2 }
I/wpa_supplicant(  795): SCAN enter
I/wpa_supplicant(  795): wlan0: wpa_supplicant_scan enter
I/wpa_supplicant(  795): wlan0: wpa_supplicant_scan wpa_s->conf->ap_scan=2 , scan_req =2
I/wpa_supplicant(  795): wpa_supplicant_trigger_scan +
D/StateMachine(  580): handleMessage: X
D/BatteryService(  580): updateBatteryStats: update triggered by UEvent.
D/PowerManagerService(  580): acquireWakeLock(42194088): PARTIAL_WAKE_LOCK , tag=BatteryServiceUpdateStats, flags=0x1, pid=580, uid=1000, mUserState=0x3
D/HtcPowerSaver(  580): Received battery changed intent.
D/HtcPowerSaver(  580): Checking...
D/PowerManagerService(  580): runHtcPowerSaverCheck ======================================
I/HtcPowerSaver(  580): >> updateStatus
I/HtcPowerSaver(  580): currentStatus=8002, currentLevel=100, enableLevel=-1, enable=true, mAutoModeOn=false, popDialog=false, statusChangeTo=-1
I/HtcPowerSaver(  580): << updateStatus
D/PowerUI (  821): closing low battery warning: level=100
D/PowerUI (  821): plugged = true, health = 2, mBatteryLevel = 100, mPluggedBatteryLevel = 99, mLowBatteryWarningLevel2 = 25, mshowLowChargingWarning2 = true
D/UsbnetService(  580): BroadcastReceiver::onReceive+
D/UsbnetService(  580): onReceive BATTERY_CHANGED
D/UsbnetService(  580):  --> pluggedType = 2, mPluggedType = 0, mScreenOff = false
D/UsbnetService(  580): BroadcastReceiver::onReceive-
D/WifiService(  580): ACTION_BATTERY_CHANGED pluggedType: 2
D/NotificationService(  580): mIntentReceiver() Intent.ACTION_BATTERY_CHANGED
D/PowerManagerService(  580): releaseWakeLock(42194088): PARTIAL_WAKE_LOCK , tag=BatteryServiceUpdateStats, flags=0x1
D/SizeAdaptiveLayout(  821): com.android.internal.widget.SizeAdaptiveLayout@41275cf0child view android.widget.LinearLayout@41277c40 measured out of bounds at 95px clamped to 96px
I/wpa_supplicant(  795): wlan0: [HTC] wpa_supplicant_event():2758- Got an original EVENT_SCAN_RESULTS
I/wpa_supplicant(  795): Got an original EVENT_SCAN_RESULTS
I/wpa_supplicant(  795): _wpa_supplicant_event_scan_results -
I/wpa_supplicant(  795): [Horizon Wi-Free] 72:54:d2:ae:26:95 freq=2412 qual=0 noise=0 level=-40 flags=0xb
I/wpa_supplicant(  795): [Moulin Rouge] 70:54:d2:ae:26:93 freq=2412 qual=0 noise=0 level=-44 flags=0x2b
I/wpa_supplicant(  795): [Horizon Wi-Free] c6:27:95:bc:5c:55 freq=2412 qual=0 noise=0 level=-63 flags=0xb
I/wpa_supplicant(  795): [UPC2532832] c4:27:95:bc:5c:53 freq=2412 qual=0 noise=0 level=-63 flags=0xb
I/wpa_supplicant(  795): [pintail15] 00:1e:2a:71:4b:0a freq=2467 qual=0 noise=0 level=-86 flags=0xb
I/wpa_supplicant(  795): [UPC915228] 4c:72:b9:1f:32:60 freq=2412 qual=0 noise=0 level=-87 flags=0xb
I/wpa_supplicant(  795): [Horizon Wi-Free] 14:49:e0:ad:3d:19 freq=2462 qual=0 noise=0 level=-87 flags=0xb
D/StateMachine(  580): handleMessage: E msg.what=147461
D/StateMachine(  580): processMsg: ConnectedState
D/WifiStateMachine(  580): ConnectedState{ what=147461 when=-1ms target=Handler (com.android.internal.util.StateMachine$SmHandler) {41a048c8} }
D/StateMachine(  580): processMsg: L2ConnectedState
D/WifiStateMachine(  580): L2ConnectedState{ what=147461 when=-2ms target=Handler (com.android.internal.util.StateMachine$SmHandler) {41a048c8} }
D/StateMachine(  580): processMsg: ConnectModeState
D/WifiStateMachine(  580): ConnectModeState{ what=147461 when=-4ms target=Handler (com.android.internal.util.StateMachine$SmHandler) {41a048c8} }
D/StateMachine(  580): processMsg: DriverStartedState
D/WifiStateMachine(  580): DriverStartedState{ what=147461 when=-6ms target=Handler (com.android.internal.util.StateMachine$SmHandler) {41a048c8} }
D/StateMachine(  580): processMsg: SupplicantStartedState
D/WifiStateMachine(  580): SupplicantStartedState{ what=147461 when=-7ms target=Handler (com.android.internal.util.StateMachine$SmHandler) {41a048c8} }
D/WirelessDisplayService(  580): Receive Wifi scan results available intent.
D/WirelessDisplayService(  580): HANDLE_WIFI_SCAN_RESULT_AVAILABLE, dongle scan = 0
D/WirelessDisplayService(  580): constructDongleInfoFromWifi() dongleScan = false
D/WirelessDisplayService(  580): wfdservice: true, finger gesture: true, don't sendBroadcast
D/WirelessDisplayService(  580): getDiscoveryDongleList
D/StateMachine(  580): handleMessage: X
D/StateMachine(  580): handleMessage: E msg.what=131073
D/StateMachine(  580): processMsg: ConnectedState
D/WifiStateMachine(  580): ConnectedState{ what=131073 when=-1ms target=Handler (com.android.internal.util.StateMachine$SmHandler) {41a048c8} arg1=2 }
D/StateMachine(  580): processMsg: L2ConnectedState
D/WifiStateMachine(  580): L2ConnectedState{ what=131073 when=-1ms target=Handler (com.android.internal.util.StateMachine$SmHandler) {41a048c8} arg1=2 }
D/StateMachine(  580): processMsg: ConnectModeState
D/WifiStateMachine(  580): ConnectModeState{ what=131073 when=-2ms target=Handler (com.android.internal.util.StateMachine$SmHandler) {41a048c8} arg1=2 }
D/StateMachine(  580): processMsg: DriverStartedState
D/WifiStateMachine(  580): DriverStartedState{ what=131073 when=-2ms target=Handler (com.android.internal.util.StateMachine$SmHandler) {41a048c8} arg1=2 }
D/StateMachine(  580): processMsg: SupplicantStartedState
D/WifiStateMachine(  580): SupplicantStartedState{ what=131073 when=-3ms target=Handler (com.android.internal.util.StateMachine$SmHandler) {41a048c8} arg1=2 }
D/StateMachine(  580): processMsg: SoftApStartedState
D/WifiStateMachine(  580): SoftApStartedState{ what=131073 when=-3ms target=Handler (com.android.internal.util.StateMachine$SmHandler) {41a048c8} arg1=2 }
D/StateMachine(  580): processMsg: DefaultState
D/WifiStateMachine(  580): DefaultState{ what=131073 when=-4ms target=Handler (com.android.internal.util.StateMachine$SmHandler) {41a048c8} arg1=2 }
D/StateMachine(  580): handleMessage: X
D/StateMachine(  580): handleMessage: E msg.what=131083
D/StateMachine(  580): processMsg: ConnectedState
D/WifiStateMachine(  580): ConnectedState{ what=131083 when=-4ms target=Handler (com.android.internal.util.StateMachine$SmHandler) {41a048c8} }
D/StateMachine(  580): processMsg: L2ConnectedState
D/WifiStateMachine(  580): L2ConnectedState{ what=131083 when=-5ms target=Handler (com.android.internal.util.StateMachine$SmHandler) {41a048c8} }
D/StateMachine(  580): processMsg: ConnectModeState
D/WifiStateMachine(  580): ConnectModeState{ what=131083 when=-5ms target=Handler (com.android.internal.util.StateMachine$SmHandler) {41a048c8} }
D/WifiService(  580): releaseWifiLockLocked: WifiLock{NetworkLocationLocator type=2 binder=android.os.BinderProxy@41e1e678}
D/WifiService(  580): updateWifiState(): wifiApEnabled: false, wifiApAirplaneMode: falsegetWifiEnabledState(): 3, getWifiApEnabledState: 11
D/WifiService(  580): updateWifiState(): mAirplaneModeOn.get(): false, mPersistWifiState.get(): 1
D/WifiService(  580): updateWifiState(): mEmergencyCallbackMode: false, mDeviceIdle: false, lockHeld: true, mStopWifiRequested:false
D/WifiService(  580): updateWifiState(): enable and start wifi
D/StateMachine(  580): processMsg: DriverStartedState
D/WifiStateMachine(  580): DriverStartedState{ what=131083 when=-6ms target=Handler (com.android.internal.util.StateMachine$SmHandler) {41a048c8} }
D/StateMachine(  580): processMsg: SupplicantStartedState
D/WifiStateMachine(  580): SupplicantStartedState{ what=131083 when=-6ms target=Handler (com.android.internal.util.StateMachine$SmHandler) {41a048c8} }
D/StateMachine(  580): processMsg: SoftApStartedState
D/WifiStateMachine(  580): SoftApStartedState{ what=131083 when=-7ms target=Handler (com.android.internal.util.StateMachine$SmHandler) {41a048c8} }
D/StateMachine(  580): processMsg: DefaultState
D/WifiStateMachine(  580): DefaultState{ what=131083 when=-7ms target=Handler (com.android.internal.util.StateMachine$SmHandler) {41a048c8} }
D/StateMachine(  580): handleMessage: X
D/StateMachine(  580): handleMessage: E msg.what=131144
D/StateMachine(  580): processMsg: ConnectedState
D/WifiStateMachine(  580): ConnectedState{ what=131144 when=-8ms target=Handler (com.android.internal.util.StateMachine$SmHandler) {41a048c8} arg1=1 }
D/StateMachine(  580): processMsg: L2ConnectedState
D/WifiStateMachine(  580): L2ConnectedState{ what=131144 when=-8ms target=Handler (com.android.internal.util.StateMachine$SmHandler) {41a048c8} arg1=1 }
D/StateMachine(  580): handleMessage: X
D/StateMachine(  580): handleMessage: E msg.what=131085
D/StateMachine(  580): processMsg: ConnectedState
D/WifiStateMachine(  580): ConnectedState{ what=131085 when=-9ms target=Handler (com.android.internal.util.StateMachine$SmHandler) {41a048c8} }
D/StateMachine(  580): processMsg: L2ConnectedState
D/WifiStateMachine(  580): L2ConnectedState{ what=131085 when=-10ms target=Handler (com.android.internal.util.StateMachine$SmHandler) {41a048c8} }
D/StateMachine(  580): processMsg: ConnectModeState
D/WifiStateMachine(  580): ConnectModeState{ what=131085 when=-11ms target=Handler (com.android.internal.util.StateMachine$SmHandler) {41a048c8} }
D/StateMachine(  580): processMsg: DriverStartedState
D/WifiStateMachine(  580): DriverStartedState{ what=131085 when=-12ms target=Handler (com.android.internal.util.StateMachine$SmHandler) {41a048c8} }
D/StateMachine(  580): handleMessage: X
D/StateMachine(  580): handleMessage: E msg.what=131149
D/StateMachine(  580): processMsg: ConnectedState
D/WifiStateMachine(  580): ConnectedState{ what=131149 when=-13ms target=Handler (com.android.internal.util.StateMachine$SmHandler) {41a048c8} }
D/StateMachine(  580): processMsg: L2ConnectedState
D/WifiStateMachine(  580): L2ConnectedState{ what=131149 when=-13ms target=Handler (com.android.internal.util.StateMachine$SmHandler) {41a048c8} }
D/StateMachine(  580): processMsg: ConnectModeState
D/WifiStateMachine(  580): ConnectModeState{ what=131149 when=-14ms target=Handler (com.android.internal.util.StateMachine$SmHandler) {41a048c8} }
D/StateMachine(  580): processMsg: DriverStartedState
D/WifiStateMachine(  580): DriverStartedState{ what=131149 when=-14ms target=Handler (com.android.internal.util.StateMachine$SmHandler) {41a048c8} }
D/StateMachine(  580): handleMessage: X
D/PowerManagerService(  580): releaseWakeLock(42172ff8): PARTIAL_WAKE_LOCK , tag=NetworkLocationLocator, flags=0x1
D/HybridProvider(  580): getName
D/HybridProvider(  580): updateLocation.Not supported
D/GpsLocationProvider(  580): [handleMessage] message :7
D/GpsLocationProvider(  580): Gps MessageHandler. msg.what 7 msg.arg1:0 msg.arg2: 0
D/GpsLocationProvider(  580): [handleMessage] UPDATE_LOCATION
D/GpsLocationProvider(  580): handleUpdateLocation
D/PowerManagerService(  580): acquireWakeLock(41fd1e08): PARTIAL_WAKE_LOCK , tag=GpsLocationProvider, flags=0x1, pid=580, uid=1000, mUserState=0x3
V/LocationManagerService(  580): In handleLocationChangedLocked.For provider: network
D/QMI_FW  (  580): QCCI: QMI_CCI_TX: cntl_flag - 00, txn_id - 0134, msg_id - 0039, msg_len - 0021
D/QMI_FW  (  580): QCCI: Sent[299]: 40 bytes to port 2816
D/PowerManagerService(  580): releaseWakeLock(41fd1e08): PARTIAL_WAKE_LOCK , tag=GpsLocationProvider, flags=0x1
D/GpsLocationProvider(  580): [reportHTCStatus] eventMask = 2 , status = 0
D/GpsLocationProvider(  580): [reportHTCStatus] HTC_GPS_STATUS_INJECT_LOCATION
D/PowerManagerService(  580): acquireWakeLock(4216a2f8): PARTIAL_WAKE_LOCK , tag=LocationManagerService, flags=0x1, pid=580, uid=1000, mUserState=0x3
D/PowerManagerService(  580): releaseWakeLock(4216a2f8): PARTIAL_WAKE_LOCK , tag=LocationManagerService, flags=0x1
D/QMI_FW  (  580): QCCI: reader_thread: Received 14 bytes from 299
D/QMI_FW  (  580): QCCI: QMI_CCI_RX: cntl_flag - 02, txn_id - 0134, msg_id - 0039, msg_len - 0007
D/QMI_FW  (  580): QCCI: reader_thread: Received 14 bytes from 299
D/QMI_FW  (  580): QCCI: QMI_CCI_RX: cntl_flag - 04, txn_id - 0000, msg_id - 0039, msg_len - 0007
V/LocationManagerService(  580): In handleLocationChangedLocked.For provider: passive
D/PowerManagerService(  580): acquireWakeLock(4203f960): PARTIAL_WAKE_LOCK , tag=LocationManagerService, flags=0x1, pid=580, uid=1000, mUserState=0x3
D/PowerManagerService(  580): releaseWakeLock(4203f960): PARTIAL_WAKE_LOCK , tag=LocationManagerService, flags=0x1
D/AutoSetting(  903): service - onStartCommand() action: com.htc.app.autosetting.location
D/AutoSetting(  903): service - handleMessage() incoming message, what:1
D/AutoSetting(  903): service - handleMessage() within range
D/PowerManagerService(  580): acquireWakeLock(41ebae40): PARTIAL_WAKE_LOCK , tag=LocationManagerService, flags=0x1, pid=580, uid=1000, mUserState=0x3
D/PowerManagerService(  580): releaseWakeLock(41ebae40): PARTIAL_WAKE_LOCK , tag=LocationManagerService, flags=0x1
D/PowerManagerService(  580): acquireWakeLock(41abfa08): PARTIAL_WAKE_LOCK , tag=LocationManagerService, flags=0x1, pid=580, uid=1000, mUserState=0x3
D/PowerManagerService(  580): releaseWakeLock(41abfa08): PARTIAL_WAKE_LOCK , tag=LocationManagerService, flags=0x1
D/StateMachine(  580): handleMessage: E msg.what=131155
D/StateMachine(  580): processMsg: ConnectedState
D/WifiStateMachine(  580): ConnectedState{ what=131155 when=-1ms target=Handler (com.android.internal.util.StateMachine$SmHandler) {41a048c8} arg1=63 }
D/StateMachine(  580): processMsg: L2ConnectedState
D/WifiStateMachine(  580): L2ConnectedState{ what=131155 when=-1ms target=Handler (com.android.internal.util.StateMachine$SmHandler) {41a048c8} arg1=63 }
D/WifiStateMachine(  580): fetchRssiAndLinkSpeedNative RSSI = -41
D/StateMachine(  580): handleMessage: X
D/TELEPHONY_CALLBACK(  821): @onSignalStrengthChanged: SignalStrength: 6 -1 -1 -1 -1 -1 -1 -1 -1 -1 2147483647 -1 gsm|lte
D/StatusBar.NetworkController(  821): dumpState[hasService=true ServiceState=0 home 3 3 27202  HSPA CSS not supported -1 -1 RoamInd=-1 DefRoamInd=-1EriInd= -1EriMode= -1RadioPowerSv: false EmergOnly=false PhoneType: 1 IsCdma=false SimState=UNKNOWN GprsState=0 DataState=Disconnected DataActivity=NONE NetworkType=HSPA HtcModemLinkOn=false HspaDataDistinquishable=true]
D/SIGNAL_ICON(  821): updateTelephonySignalStrength
D/SIGNAL_ICON(  821): fakeui srv=0 mTimerEnabled=false asu=6
D/SIGNAL_ICON(  821): asu=6
D/SIGNAL_ICON(  821): SUPPORT_5_LEVEL_SIGNAL
D/SIGNAL_ICON(  821): mapTelephonySignalStrength
D/SIGNAL_ICON(  821): maxLevel=5 asu=6 networkType=HSPA
D/SIGNAL_ICON(  821): return iconLevel=2
D/StatusBar.NetworkController(  821): dumpIconState[dataVisible=false dataIconId=stat_sys_data_connected_hplus signalIconId=stat_sys_5signal_2 wifiVisible=true wifiIconId=stat_sys_wifi_signal_4 airplaneMode=false]
D/StateMachine(  580): handleMessage: E msg.what=131155
D/StateMachine(  580): processMsg: ConnectedState
D/WifiStateMachine(  580): ConnectedState{ what=131155 when=-4ms target=Handler (com.android.internal.util.StateMachine$SmHandler) {41a048c8} arg1=63 }
D/StateMachine(  580): processMsg: L2ConnectedState
D/WifiStateMachine(  580): L2ConnectedState{ what=131155 when=-7ms target=Handler (com.android.internal.util.StateMachine$SmHandler) {41a048c8} arg1=63 }
D/WifiStateMachine(  580): fetchRssiAndLinkSpeedNative RSSI = -40
D/StateMachine(  580): handleMessage: X
I/NONPRIME(27511): <CallBackProxy> Send to WebViewClient.
D/PowerManagerService(  580): acquireWakeLock(41e663d0): PARTIAL_WAKE_LOCK , tag=AlarmManager, flags=0x1, pid=580, uid=1000, mUserState=0x3
V/AlarmManager(  580): sending alarm PendingIntent{41de2598: PendingIntentRecord{41cd3338 com.instagram.android broadcastIntent}}, intent=action_batch_upload, type=ELAPSED_REALTIME_WAKEUP, count=1, when=17970253, repeateInterval=0
I/ActivityManager(  580): Start proc com.instagram.android for broadcast com.instagram.android/com.instagram.common.analytics.AnalyticsUploadAlarmReceiver: pid=28722 uid=10218 gids={1006, 3003, 1015, 1028}
E/Trace   (28722): error opening trace file: No such file or directory (2)
I/ActivityThread(28722): Pub com.instagram.contentprovider.CurrentUserProvider: com.instagram.contentprovider.CurrentUserProvider
W/dalvikvm(28722): VFY: unable to resolve virtual method 84: Landroid/app/ActivityManager;.isLowRamDevice ()Z
D/StateMachine(  580): handleMessage: E msg.what=131155
D/StateMachine(  580): processMsg: ConnectedState
D/WifiStateMachine(  580): ConnectedState{ what=131155 when=-3ms target=Handler (com.android.internal.util.StateMachine$SmHandler) {41a048c8} arg1=63 }
D/StateMachine(  580): processMsg: L2ConnectedState
D/WifiStateMachine(  580): L2ConnectedState{ what=131155 when=-4ms target=Handler (com.android.internal.util.StateMachine$SmHandler) {41a048c8} arg1=63 }
D/WifiStateMachine(  580): fetchRssiAndLinkSpeedNative RSSI = -44
D/StateMachine(  580): handleMessage: X
D/Socket_Alarm(28722): registerHTCSocketMonitorCallBack
D/Socket_Alarm(28722): set mSocketMonitor
D/Socket_Alarm(28722): HTCSocketMonitorImpl::HTCSocketMonitorImpl
W/dalvikvm(28722): VFY: unable to resolve static method 1218: Landroid/provider/Settings$Global;.getInt (Landroid/content/ContentResolver;Ljava/lang/String;I)I
D/PowerManagerService(  580): releaseWakeLock(41e663d0): PARTIAL_WAKE_LOCK , tag=AlarmManager, flags=0x1
I/PackageManager(  580):  setEnabledSetting(), pkgName=com.instagram.android, clsName=com.instagram.push.fbns.NetworkBroadcastReceiver, state=2, flag=1, pid=28722, uid=10218
I/PackageManager(  580):  setEnabledSetting(), pkgName=com.instagram.android, clsName=com.instagram.push.fbns.BootCompletedBroadcastReceiver, state=2, flag=1, pid=28722, uid=10218
I/PackageManager(  580):  setEnabledSetting(), pkgName=com.instagram.android, clsName=com.instagram.push.fbns.UserPresentBroadcastReceiver, state=2, flag=1, pid=28722, uid=10218
I/PackageManager(  580):  setEnabledSetting(), pkgName=com.instagram.android, clsName=com.instagram.push.fbns.ServiceKeepaliveReceiver, state=2, flag=1, pid=28722, uid=10218
D/TELEPHONY_CALLBACK(  821): @onSignalStrengthChanged: SignalStrength: 6 -1 -1 -1 -1 -1 -1 -1 -1 -1 2147483647 -1 gsm|lte
D/StatusBar.NetworkController(  821): dumpState[hasService=true ServiceState=0 home 3 3 27202  HSPA CSS not supported -1 -1 RoamInd=-1 DefRoamInd=-1EriInd= -1EriMode= -1RadioPowerSv: false EmergOnly=false PhoneType: 1 IsCdma=false SimState=UNKNOWN GprsState=0 DataState=Disconnected DataActivity=NONE NetworkType=HSPA HtcModemLinkOn=false HspaDataDistinquishable=true]
D/SIGNAL_ICON(  821): updateTelephonySignalStrength
D/SIGNAL_ICON(  821): fakeui srv=0 mTimerEnabled=false asu=6
D/SIGNAL_ICON(  821): asu=6
D/SIGNAL_ICON(  821): SUPPORT_5_LEVEL_SIGNAL
D/SIGNAL_ICON(  821): mapTelephonySignalStrength
D/SIGNAL_ICON(  821): maxLevel=5 asu=6 networkType=HSPA
D/SIGNAL_ICON(  821): return iconLevel=2
D/StatusBar.NetworkController(  821): dumpIconState[dataVisible=false dataIconId=stat_sys_data_connected_hplus signalIconId=stat_sys_5signal_2 wifiVisible=true wifiIconId=stat_sys_wifi_signal_4 airplaneMode=false]
D/StateMachine(  580): handleMessage: E msg.what=131155
D/StateMachine(  580): processMsg: ConnectedState
D/WifiStateMachine(  580): ConnectedState{ what=131155 when=-4ms target=Handler (com.android.internal.util.StateMachine$SmHandler) {41a048c8} arg1=63 }
D/StateMachine(  580): processMsg: L2ConnectedState
D/WifiStateMachine(  580): L2ConnectedState{ what=131155 when=-5ms target=Handler (com.android.internal.util.StateMachine$SmHandler) {41a048c8} arg1=63 }
D/WifiStateMachine(  580): fetchRssiAndLinkSpeedNative RSSI = -40
D/StateMachine(  580): handleMessage: X
D/TELEPHONY_CALLBACK(  821): @onSignalStrengthChanged: SignalStrength: 6 -1 -1 -1 -1 -1 -1 -1 -1 -1 2147483647 -1 gsm|lte
D/StatusBar.NetworkController(  821): dumpState[hasService=true ServiceState=0 home 3 3 27202  HSPA CSS not supported -1 -1 RoamInd=-1 DefRoamInd=-1EriInd= -1EriMode= -1RadioPowerSv: false EmergOnly=false PhoneType: 1 IsCdma=false SimState=UNKNOWN GprsState=0 DataState=Disconnected DataActivity=NONE NetworkType=HSPA HtcModemLinkOn=false HspaDataDistinquishable=true]
D/SIGNAL_ICON(  821): updateTelephonySignalStrength
D/SIGNAL_ICON(  821): fakeui srv=0 mTimerEnabled=false asu=6
D/SIGNAL_ICON(  821): asu=6
D/SIGNAL_ICON(  821): SUPPORT_5_LEVEL_SIGNAL
D/SIGNAL_ICON(  821): mapTelephonySignalStrength
D/SIGNAL_ICON(  821): maxLevel=5 asu=6 networkType=HSPA
