D/PowerManagerService(  580): acquireWakeLock(41ded910): PARTIAL_WAKE_LOCK , tag=RILJ, flags=0x1, pid=974, uid=1001, mUserState=0x3
D/PowerManagerService(  580): releaseWakeLock(41ded910): PARTIAL_WAKE_LOCK , tag=RILJ, flags=0x1
D/PowerManagerService(  580): acquireWakeLock(41d8db10): PARTIAL_WAKE_LOCK , tag=RILJ, flags=0x1, pid=974, uid=1001, mUserState=0x3
D/PowerManagerService(  580): releaseWakeLock(41d8db10): PARTIAL_WAKE_LOCK , tag=RILJ, flags=0x1
D/PowerManagerService(  580): TPE algorithm. remove timeout.
D/PowerManagerService(  580): ALG=2, lsvalue=2600(8th)->640(6th), last_level=6, lValue=125->125, bValue=0, kValue=0, mPowerState=0x3, mSkippedScreenOn=false, mInitialAnimation=false, immediate=false
D/TELEPHONY_CALLBACK(  821): @onSignalStrengthChanged: SignalStrength: 6 -1 -1 -1 -1 -1 -1 -1 -1 -1 2147483647 -1 gsm|lte
D/StatusBar.NetworkController(  821): dumpState[hasService=true ServiceState=0 home 3 3 27202  HSPA CSS not supported -1 -1 RoamInd=-1 DefRoamInd=-1EriInd= -1EriMode= -1RadioPowerSv: false EmergOnly=false PhoneType: 1 IsCdma=false SimState=UNKNOWN GprsState=0 DataState=Disconnected DataActivity=NONE NetworkType=HSPA HtcModemLinkOn=false HspaDataDistinquishable=true]
D/SIGNAL_ICON(  821): updateTelephonySignalStrength
D/SIGNAL_ICON(  821): fakeui srv=0 mTimerEnabled=false asu=6
D/SIGNAL_ICON(  821): asu=6
D/SIGNAL_ICON(  821): SUPPORT_5_LEVEL_SIGNAL
D/SIGNAL_ICON(  821): mapTelephonySignalStrength
D/SIGNAL_ICON(  821): maxLevel=5 asu=6 networkType=HSPA
D/SIGNAL_ICON(  821): return iconLevel=2
D/StatusBar.NetworkController(  821): dumpIconState[dataVisible=false dataIconId=stat_sys_data_connected_hplus signalIconId=stat_sys_5signal_2 wifiVisible=true wifiIconId=stat_sys_wifi_signal_4 airplaneMode=false]
D/PowerManagerService(  580): acquireWakeLock(41da61c0): PARTIAL_WAKE_LOCK , tag=RILJ, flags=0x1, pid=974, uid=1001, mUserState=0x3
D/PowerManagerService(  580): releaseWakeLock(41da61c0): PARTIAL_WAKE_LOCK , tag=RILJ, flags=0x1
D/PowerManagerService(  580): acquireWakeLock(41d17b58): PARTIAL_WAKE_LOCK , tag=RILJ, flags=0x1, pid=974, uid=1001, mUserState=0x3
D/PowerManagerService(  580): releaseWakeLock(41d17b58): PARTIAL_WAKE_LOCK , tag=RILJ, flags=0x1
D/TELEPHONY_CALLBACK(  821): @onServiceStateChanged: 0 home 3 3 27202  UMTS CSS not supported -1 -1 RoamInd=-1 DefRoamInd=-1EriInd= -1EriMode= -1RadioPowerSv: false EmergOnly=false PhoneType: 1
D/StatusBar.NetworkController(  821): dumpState[hasService=true ServiceState=0 home 3 3 27202  UMTS CSS not supported -1 -1 RoamInd=-1 DefRoamInd=-1EriInd= -1EriMode= -1RadioPowerSv: false EmergOnly=false PhoneType: 1 IsCdma=false SimState=UNKNOWN GprsState=0 DataState=Disconnected DataActivity=NONE NetworkType=HSPA HtcModemLinkOn=false HspaDataDistinquishable=true]
D/SIGNAL_ICON(  821): updateTelephonySignalStrength
D/SIGNAL_ICON(  821): fakeui srv=0 mTimerEnabled=false asu=6
D/SIGNAL_ICON(  821): asu=6
D/SIGNAL_ICON(  821): SUPPORT_5_LEVEL_SIGNAL
D/SIGNAL_ICON(  821): mapTelephonySignalStrength
D/SIGNAL_ICON(  821): maxLevel=5 asu=6 networkType=HSPA
D/SIGNAL_ICON(  821): return iconLevel=2
D/DATA_ICON(  821): updateDataNetType: networkType=HSPA
D/DATA_ICON(  821): updateDataIcon
I/TelephonyRegistry(  580): notifyDataConnection: state=0 isDataConnectivityPossible=true reason='nwTypeChanged' apn='null' apnType=default networkType=3 roaming=false errorCause=0preConn = []
D/MobileDataStateTracker(  580): default: Broadcast received: ignore android.intent.action.SERVICE_STATE
D/PowerManagerService(  580): acquireWakeLock(41dedc18): PARTIAL_WAKE_LOCK , tag=RILJ, flags=0x1, pid=974, uid=1001, mUserState=0x3
D/DATA_ICON(  821): NOP
D/StatusBar.NetworkController(  821): dumpIconState[dataVisible=false dataIconId=stat_sys_data_connected_hplus signalIconId=stat_sys_5signal_2 wifiVisible=true wifiIconId=stat_sys_wifi_signal_4 airplaneMode=false]
D/TELEPHONY_CALLBACK(  821): @onDataConnectionStateChanged: dataState=0 networkType=UMTS
D/MobileDataStateTracker(  580): mms: Broadcast received: ignore android.intent.action.SERVICE_STATE
D/PowerManagerService(  580): releaseWakeLock(41dedc18): PARTIAL_WAKE_LOCK , tag=RILJ, flags=0x1
D/StatusBar.NetworkController(  821): dumpState[hasService=true ServiceState=0 home 3 3 27202  UMTS CSS not supported -1 -1 RoamInd=-1 DefRoamInd=-1EriInd= -1EriMode= -1RadioPowerSv: false EmergOnly=false PhoneType: 1 IsCdma=false SimState=UNKNOWN GprsState=0 DataState=Disconnected DataActivity=NONE NetworkType=UMTS HtcModemLinkOn=false HspaDataDistinquishable=true]
D/DATA_ICON(  821): updateDataNetType: networkType=UMTS
D/DATA_ICON(  821): updateDataIcon
D/DATA_ICON(  821): NOP
D/StatusBar.NetworkController(  821): dumpIconState[dataVisible=false dataIconId=stat_sys_data_connected_hplus signalIconId=stat_sys_5signal_2 wifiVisible=true wifiIconId=stat_sys_wifi_signal_4 airplaneMode=false]
D/MobileDataStateTracker(  580): supl: Broadcast received: ignore android.intent.action.SERVICE_STATE
D/PowerManagerService(  580): acquireWakeLock(41d91f48): PARTIAL_WAKE_LOCK , tag=RILJ, flags=0x1, pid=974, uid=1001, mUserState=0x3
D/PowerManagerService(  580): releaseWakeLock(41d91f48): PARTIAL_WAKE_LOCK , tag=RILJ, flags=0x1
D/MobileDataStateTracker(  580): dun: Broadcast received: ignore android.intent.action.SERVICE_STATE
D/MobileDataStateTracker(  580): hipri: Broadcast received: ignore android.intent.action.SERVICE_STATE
D/MobileDataStateTracker(  580): fota: Broadcast received: ignore android.intent.action.SERVICE_STATE
D/MobileDataStateTracker(  580): ims: Broadcast received: ignore android.intent.action.SERVICE_STATE
D/MobileDataStateTracker(  580): null: Broadcast received: ignore android.intent.action.SERVICE_STATE
D/MobileDataStateTracker(  580): httpproxy: Broadcast received: ignore android.intent.action.SERVICE_STATE
D/MobileDataStateTracker(  580): admin: Broadcast received: ignore android.intent.action.SERVICE_STATE
D/MobileDataStateTracker(  580): internet: Broadcast received: ignore android.intent.action.SERVICE_STATE
D/MobileDataStateTracker(  580): null: Broadcast received: ignore android.intent.action.SERVICE_STATE
D/MobileDataStateTracker(  580): cmmail: Broadcast received: ignore android.intent.action.SERVICE_STATE
D/MobileDataStateTracker(  580): null: Broadcast received: ignore android.intent.action.SERVICE_STATE
D/MobileDataStateTracker(  580): cmail: Broadcast received: ignore android.intent.action.SERVICE_STATE
D/MobileDataStateTracker(  580): entitle: Broadcast received: ignore android.intent.action.SERVICE_STATE
D/MobileDataStateTracker(  580): null: Broadcast received: ignore android.intent.action.SERVICE_STATE
D/MobileDataStateTracker(  580): bip: Broadcast received: ignore android.intent.action.SERVICE_STATE
D/MobileDataStateTracker(  580): default: Broadcast received: ACTION_ANY_DATA_CONNECTION_STATE_CHANGED mApnType=default == received apnType=default
D/MobileDataStateTracker(  580): default: Received state=DISCONNECTED, old=DISCONNECTED, reason=nwTypeChanged
D/MobileDataStateTracker(  580): default: mMobileDataState=DISCONNECTED mTeardownRequested=true got [AnyDataCSC] : type=default state=DISCONNECTED reason=nwTypeChanged apn=null roaming=false unavailable=false NetworkType=3 NetworkTypeName=UMTS entitleError=0
D/PowerManagerService(  580): acquireWakeLock(42208b88): PARTIAL_WAKE_LOCK , tag=SWITCH_NETWORK_MODE_WAKE_LOCK, flags=0x1, pid=903, uid=10014, mUserState=0x3
D/PowerManagerService(  580): acquireWakeLock(41ea2698): PARTIAL_WAKE_LOCK , tag=RILJ, flags=0x1, pid=974, uid=1001, mUserState=0x3
D/PowerManagerService(  580): releaseWakeLock(41ea2698): PARTIAL_WAKE_LOCK , tag=RILJ, flags=0x1
D/PowerManagerService(  580): releaseWakeLock(42208b88): PARTIAL_WAKE_LOCK , tag=SWITCH_NETWORK_MODE_WAKE_LOCK, flags=0x1
D/PowerManagerService(  580): acquireWakeLock(4220ea18): PARTIAL_WAKE_LOCK , tag=RILJ, flags=0x1, pid=974, uid=1001, mUserState=0x3
D/PowerManagerService(  580): releaseWakeLock(4220ea18): PARTIAL_WAKE_LOCK , tag=RILJ, flags=0x1
D/PowerManagerService(  580): acquireWakeLock(42187968): PARTIAL_WAKE_LOCK , tag=RILJ, flags=0x1, pid=974, uid=1001, mUserState=0x3
D/PowerManagerService(  580): releaseWakeLock(42187968): PARTIAL_WAKE_LOCK , tag=RILJ, flags=0x1
V/LocationManagerService(  580): In requestLocationUpdates. provider networkminTime: 1000single shot: false Listener: android.location.ILocationListener$Stub$Proxy@41f53b38
V/LocationManagerService(  580): In requestLocationUpdatesLocked. provider: network requiredPermissions: android.permission.ACCESS_COARSE_LOCATION
I/LocationManagerService(  580): request network (pid 903) 1000 1000
V/LocationManagerService(  580): [LGPS] _requestLocationUpdates: enableLocationTracking(true)
D/LocationManagerService(  580): _requestLocationUpdates: provider = network listener = Receiver{41b41018 Listener android.os.BinderProxy@41e89df8}mUpdateRecords: {network=UpdateRecord{41fce2b8 mProvider: network mUid: 10014}}
D/PowerManagerService(  580): acquireWakeLock(41e49978): PARTIAL_WAKE_LOCK , tag=NetworkLocationLocator, flags=0x1, pid=1068, uid=10017, mUserState=0x3
D/WifiService(  580): acquireWifiLockLocked: WifiLock{NetworkLocationLocator type=2 binder=android.os.BinderProxy@41e13d28}
D/WifiService(  580): updateWifiState(): wifiApEnabled: false, wifiApAirplaneMode: falsegetWifiEnabledState(): 3, getWifiApEnabledState: 11
D/WifiService(  580): updateWifiState(): mAirplaneModeOn.get(): false, mPersistWifiState.get(): 1
D/WifiService(  580): updateWifiState(): mEmergencyCallbackMode: false, mDeviceIdle: false, lockHeld: true, mStopWifiRequested:false
D/WifiService(  580): updateWifiState(): enable and start wifi
D/PowerManagerService(  580): acquireWakeLock(41c2e108): PARTIAL_WAKE_LOCK , tag=RILJ, flags=0x1, pid=974, uid=1001, mUserState=0x3
D/PowerManagerService(  580): releaseWakeLock(41c2e108): PARTIAL_WAKE_LOCK , tag=RILJ, flags=0x1
D/PowerManagerService(  580): acquireWakeLock(41b011b8): PARTIAL_WAKE_LOCK , tag=RILJ, flags=0x1, pid=974, uid=1001, mUserState=0x3
D/PowerManagerService(  580): releaseWakeLock(41b011b8): PARTIAL_WAKE_LOCK , tag=RILJ, flags=0x1
D/PowerManagerService(  580): acquireWakeLock(41a77d20): PARTIAL_WAKE_LOCK , tag=RILJ, flags=0x1, pid=974, uid=1001, mUserState=0x3
D/PowerManagerService(  580): releaseWakeLock(41a77d20): PARTIAL_WAKE_LOCK , tag=RILJ, flags=0x1
D/PowerManagerService(  580): acquireWakeLock(41982bb8): PARTIAL_WAKE_LOCK , tag=GpsLocationProvider, flags=0x1, pid=580, uid=1000, mUserState=0x3
V/LocationManagerService(  580): In handleLocationChangedLocked.For provider: network
D/WifiService(  580): releaseWifiLockLocked: WifiLock{NetworkLocationLocator type=2 binder=android.os.BinderProxy@41e13d28}
D/WifiService(  580): updateWifiState(): wifiApEnabled: false, wifiApAirplaneMode: falsegetWifiEnabledState(): 3, getWifiApEnabledState: 11
D/WifiService(  580): updateWifiState(): mAirplaneModeOn.get(): false, mPersistWifiState.get(): 1
D/WifiService(  580): updateWifiState(): mEmergencyCallbackMode: false, mDeviceIdle: false, lockHeld: true, mStopWifiRequested:false
D/WifiService(  580): updateWifiState(): enable and start wifi
D/PowerManagerService(  580): releaseWakeLock(41e49978): PARTIAL_WAKE_LOCK , tag=NetworkLocationLocator, flags=0x1
D/QMI_FW  (  580): QCCI: QMI_CCI_TX: cntl_flag - 00, txn_id - 0132, msg_id - 0039, msg_len - 0021
D/QMI_FW  (  580): QCCI: Sent[299]: 40 bytes to port 2816
D/QMI_FW  (  580): QCCI: reader_thread: Received 14 bytes from 299
D/QMI_FW  (  580): QCCI: QMI_CCI_RX: cntl_flag - 02, txn_id - 0132, msg_id - 0039, msg_len - 0007
D/QMI_FW  (  580): QCCI: reader_thread: Received 14 bytes from 299
D/QMI_FW  (  580): QCCI: QMI_CCI_RX: cntl_flag - 04, txn_id - 0000, msg_id - 0039, msg_len - 0007
D/PowerManagerService(  580): releaseWakeLock(41982bb8): PARTIAL_WAKE_LOCK , tag=GpsLocationProvider, flags=0x1
D/PowerManagerService(  580): acquireWakeLock(41c62540): PARTIAL_WAKE_LOCK , tag=LocationManagerService, flags=0x1, pid=580, uid=1000, mUserState=0x3
V/LocationManagerService(  580): In handleLocationChangedLocked.For provider: passive
D/PowerManagerService(  580): releaseWakeLock(41c62540): PARTIAL_WAKE_LOCK , tag=LocationManagerService, flags=0x1
D/PowerManagerService(  580): acquireWakeLock(41b6dd08): PARTIAL_WAKE_LOCK , tag=LocationManagerService, flags=0x1, pid=580, uid=1000, mUserState=0x3
D/PowerManagerService(  580): releaseWakeLock(41b6dd08): PARTIAL_WAKE_LOCK , tag=LocationManagerService, flags=0x1
D/PowerManagerService(  580): acquireWakeLock(41a96e88): PARTIAL_WAKE_LOCK , tag=LocationManagerService, flags=0x1, pid=580, uid=1000, mUserState=0x3
D/PowerManagerService(  580): releaseWakeLock(41a96e88): PARTIAL_WAKE_LOCK , tag=LocationManagerService, flags=0x1
D/PowerManagerService(  580): acquireWakeLock(41985a28): PARTIAL_WAKE_LOCK , tag=LocationManagerService, flags=0x1, pid=580, uid=1000, mUserState=0x3
D/PowerManagerService(  580): releaseWakeLock(41985a28): PARTIAL_WAKE_LOCK , tag=LocationManagerService, flags=0x1
D/PowerManagerService(  580): acquireWakeLock(41da42c0): PARTIAL_WAKE_LOCK , tag=RILJ, flags=0x1, pid=974, uid=1001, mUserState=0x3
D/PowerManagerService(  580): releaseWakeLock(41da42c0): PARTIAL_WAKE_LOCK , tag=RILJ, flags=0x1
D/PowerManagerService(  580): acquireWakeLock(41894808): PARTIAL_WAKE_LOCK , tag=AlarmManager, flags=0x1, pid=580, uid=1000, mUserState=0x3
V/AlarmManager(  580): sending alarm PendingIntent{41e3f3f0: PendingIntentRecord{4191d6d8 com.google.android.gms broadcastIntent}}, intent=com.google.android.intent.action.MCS_HEARTBEAT, type=ELAPSED_REALTIME_WAKEUP, count=1, when=17926180, repeateInterval=0
D/PowerManagerService(  580): acquireWakeLock(41db8ee8): PARTIAL_WAKE_LOCK , tag=GCM_HB_ALARM, flags=0x1, pid=1068, uid=10017, mUserState=0x3
D/PowerManagerService(  580): releaseWakeLock(41db8ee8): PARTIAL_WAKE_LOCK , tag=GCM_HB_ALARM, flags=0x1
D/PowerManagerService(  580): releaseWakeLock(41894808): PARTIAL_WAKE_LOCK , tag=AlarmManager, flags=0x1
D/PowerManagerService(  580): acquireWakeLock(41ad7280): PARTIAL_WAKE_LOCK , tag=*net_scheduler*, flags=0x1, pid=1068, uid=10017, mUserState=0x3
D/PowerManagerService(  580): releaseWakeLock(41ad7280): PARTIAL_WAKE_LOCK , tag=*net_scheduler*, flags=0x1
D/PowerManagerService(  580): acquireWakeLock(41e984c8): PARTIAL_WAKE_LOCK , tag=GCM_CONN, flags=0x1, pid=1068, uid=10017, mUserState=0x3
D/ConnectivityService(  580): reportInetCondition for net 1, percentage: 100 by 1068/10017
D/ConnectivityService(  580): handleInetConditionChange: net=1, condition=100,mActiveDefaultNetwork=1
D/ConnectivityService(  580): handleInetConditionChange: starting a change hold
D/PowerManagerService(  580): acquireWakeLock(41d63e28): PARTIAL_WAKE_LOCK , tag=*net_scheduler*, flags=0x1, pid=1068, uid=10017, mUserState=0x3
D/PowerManagerService(  580): releaseWakeLock(41d63e28): PARTIAL_WAKE_LOCK , tag=*net_scheduler*, flags=0x1
D/PowerManagerService(  580): releaseWakeLock(41e984c8): PARTIAL_WAKE_LOCK , tag=GCM_CONN, flags=0x1
D/PowerManagerService(  580): acquireWakeLock(41c1cbb8): PARTIAL_WAKE_LOCK , tag=RILJ, flags=0x1, pid=974, uid=1001, mUserState=0x3
D/PowerManagerService(  580): releaseWakeLock(41c1cbb8): PARTIAL_WAKE_LOCK , tag=RILJ, flags=0x1
D/PowerManagerService(  580): acquireWakeLock(41a96b18): PARTIAL_WAKE_LOCK , tag=RILJ, flags=0x1, pid=974, uid=1001, mUserState=0x3
D/PowerManagerService(  580): releaseWakeLock(41a96b18): PARTIAL_WAKE_LOCK , tag=RILJ, flags=0x1
D/ConnectivityService(  580): handleInetConditionHoldEnd: net=1, condition=100, published condition=100
D/ConnectivityService(  580): sendStickyBroadcast: action=android.net.conn.INET_CONDITION_ACTION
D/WIFI_ICON(  821): updateConnectivity: type=1 connected=true
D/StatusBar.NetworkController(  821): dumpState[hasService=true ServiceState=0 home 3 3 27202  UMTS CSS not supported -1 -1 RoamInd=-1 DefRoamInd=-1EriInd= -1EriMode= -1RadioPowerSv: false EmergOnly=false PhoneType: 1 IsCdma=false SimState=UNKNOWN GprsState=0 DataState=Disconnected DataActivity=NONE NetworkType=UMTS HtcModemLinkOn=false HspaDataDistinquishable=true]
D/StatusBar.NetworkController(  821): dumpIconState[dataVisible=false dataIconId=stat_sys_data_connected_hplus signalIconId=stat_sys_5signal_2 wifiVisible=true wifiIconId=stat_sys_wifi_signal_4 airplaneMode=false]
D/PowerManagerService(  580): acquireWakeLock(41cf6de8): PARTIAL_WAKE_LOCK , tag=RILJ, flags=0x1, pid=974, uid=1001, mUserState=0x3
D/PowerManagerService(  580): releaseWakeLock(41cf6de8): PARTIAL_WAKE_LOCK , tag=RILJ, flags=0x1
D/PowerManagerService(  580): acquireWakeLock(41b008c8): PARTIAL_WAKE_LOCK , tag=RILJ, flags=0x1, pid=974, uid=1001, mUserState=0x3
D/PowerManagerService(  580): releaseWakeLock(41b008c8): PARTIAL_WAKE_LOCK , tag=RILJ, flags=0x1
D/PowerManagerService(  580): acquireWakeLock(4192dad0): PARTIAL_WAKE_LOCK , tag=RILJ, flags=0x1, pid=974, uid=1001, mUserState=0x3
D/PowerManagerService(  580): releaseWakeLock(4192dad0): PARTIAL_WAKE_LOCK , tag=RILJ, flags=0x1
D/PowerManagerService(  580): acquireWakeLock(420cce18): PARTIAL_WAKE_LOCK , tag=RILJ, flags=0x1, pid=974, uid=1001, mUserState=0x3
D/PowerManagerService(  580): releaseWakeLock(420cce18): PARTIAL_WAKE_LOCK , tag=RILJ, flags=0x1
D/PowerManagerService(  580): acquireWakeLock(41e0d5d0): PARTIAL_WAKE_LOCK , tag=RILJ, flags=0x1, pid=974, uid=1001, mUserState=0x3
D/PowerManagerService(  580): releaseWakeLock(41e0d5d0): PARTIAL_WAKE_LOCK , tag=RILJ, flags=0x1
D/PowerManagerService(  580): acquireWakeLock(41cfb818): PARTIAL_WAKE_LOCK , tag=RILJ, flags=0x1, pid=974, uid=1001, mUserState=0x3
D/PowerManagerService(  580): releaseWakeLock(41cfb818): PARTIAL_WAKE_LOCK , tag=RILJ, flags=0x1
D/PowerManagerService(  580): acquireWakeLock(41ad0a98): PARTIAL_WAKE_LOCK , tag=RILJ, flags=0x1, pid=974, uid=1001, mUserState=0x3
D/PowerManagerService(  580): releaseWakeLock(41ad0a98): PARTIAL_WAKE_LOCK , tag=RILJ, flags=0x1
D/PowerManagerService(  580): acquireWakeLock(41945a30): PARTIAL_WAKE_LOCK , tag=RILJ, flags=0x1, pid=974, uid=1001, mUserState=0x3
D/PowerManagerService(  580): releaseWakeLock(41945a30): PARTIAL_WAKE_LOCK , tag=RILJ, flags=0x1
D/PowerManagerService(  580): acquireWakeLock(41d653d8): PARTIAL_WAKE_LOCK , tag=RILJ, flags=0x1, pid=974, uid=1001, mUserState=0x3
D/PowerManagerService(  580): releaseWakeLock(41d653d8): PARTIAL_WAKE_LOCK , tag=RILJ, flags=0x1
D/PowerManagerService(  580): acquireWakeLock(4195b608): PARTIAL_WAKE_LOCK , tag=RILJ, flags=0x1, pid=974, uid=1001, mUserState=0x3
D/PowerManagerService(  580): releaseWakeLock(4195b608): PARTIAL_WAKE_LOCK , tag=RILJ, flags=0x1
D/PowerManagerService(  580): acquireWakeLock(41485228): PARTIAL_WAKE_LOCK , tag=RILJ, flags=0x1, pid=974, uid=1001, mUserState=0x3
D/PowerManagerService(  580): releaseWakeLock(41485228): PARTIAL_WAKE_LOCK , tag=RILJ, flags=0x1
D/PowerManagerService(  580): acquireWakeLock(41accfb8): PARTIAL_WAKE_LOCK , tag=RILJ, flags=0x1, pid=974, uid=1001, mUserState=0x3
D/PowerManagerService(  580): releaseWakeLock(41accfb8): PARTIAL_WAKE_LOCK , tag=RILJ, flags=0x1
D/TELEPHONY_CALLBACK(  821): @onServiceStateChanged: 0 home 3 3 27202  HSPA CSS not supported -1 -1 RoamInd=-1 DefRoamInd=-1EriInd= -1EriMode= -1RadioPowerSv: false EmergOnly=false PhoneType: 1
D/StatusBar.NetworkController(  821): dumpState[hasService=true ServiceState=0 home 3 3 27202  HSPA CSS not supported -1 -1 RoamInd=-1 DefRoamInd=-1EriInd= -1EriMode= -1RadioPowerSv: false EmergOnly=false PhoneType: 1 IsCdma=false SimState=UNKNOWN GprsState=0 DataState=Disconnected DataActivity=NONE NetworkType=UMTS HtcModemLinkOn=false HspaDataDistinquishable=true]
D/SIGNAL_ICON(  821): updateTelephonySignalStrength
D/SIGNAL_ICON(  821): fakeui srv=0 mTimerEnabled=false asu=6
D/SIGNAL_ICON(  821): asu=6
D/SIGNAL_ICON(  821): SUPPORT_5_LEVEL_SIGNAL
D/SIGNAL_ICON(  821): mapTelephonySignalStrength
D/SIGNAL_ICON(  821): maxLevel=5 asu=6 networkType=UMTS
D/SIGNAL_ICON(  821): return iconLevel=2
D/DATA_ICON(  821): updateDataNetType: networkType=UMTS
D/DATA_ICON(  821): updateDataIcon
D/DATA_ICON(  821): NOP
D/StatusBar.NetworkController(  821): dumpIconState[dataVisible=false dataIconId=stat_sys_data_connected_hplus signalIconId=stat_sys_5signal_2 wifiVisible=true wifiIconId=stat_sys_wifi_signal_4 airplaneMode=false]
D/MobileDataStateTracker(  580): default: Broadcast received: ignore android.intent.action.SERVICE_STATE
D/MobileDataStateTracker(  580): mms: Broadcast received: ignore android.intent.action.SERVICE_STATE
D/MobileDataStateTracker(  580): supl: Broadcast received: ignore android.intent.action.SERVICE_STATE
D/MobileDataStateTracker(  580): dun: Broadcast received: ignore android.intent.action.SERVICE_STATE
I/TelephonyRegistry(  580): notifyDataConnection: state=0 isDataConnectivityPossible=true reason='nwTypeChanged' apn='null' apnType=default networkType=10 roaming=false errorCause=0preConn = []
D/TELEPHONY_CALLBACK(  821): @onDataConnectionStateChanged: dataState=0 networkType=HSPA
D/StatusBar.NetworkController(  821): dumpState[hasService=true ServiceState=0 home 3 3 27202  HSPA CSS not supported -1 -1 RoamInd=-1 DefRoamInd=-1EriInd= -1EriMode= -1RadioPowerSv: false EmergOnly=false PhoneType: 1 IsCdma=false SimState=UNKNOWN GprsState=0 DataState=Disconnected DataActivity=NONE NetworkType=HSPA HtcModemLinkOn=false HspaDataDistinquishable=true]
D/DATA_ICON(  821): updateDataNetType: networkType=HSPA
D/DATA_ICON(  821): updateDataIcon
D/DATA_ICON(  821): NOP
D/StatusBar.NetworkController(  821): dumpIconState[dataVisible=false dataIconId=stat_sys_data_connected_hplus signalIconId=stat_sys_5signal_2 wifiVisible=true wifiIconId=stat_sys_wifi_signal_4 airplaneMode=false]
D/MobileDataStateTracker(  580): hipri: Broadcast received: ignore android.intent.action.SERVICE_STATE
D/TELEPHONY_CALLBACK(  821): @onSignalStrengthChanged: SignalStrength: 5 -1 -1 -1 -1 -1 -1 -1 -1 -1 2147483647 -1 gsm|lte
D/MobileDataStateTracker(  580): fota: Broadcast received: ignore android.intent.action.SERVICE_STATE
D/StatusBar.NetworkController(  821): dumpState[hasService=true ServiceState=0 home 3 3 27202  HSPA CSS not supported -1 -1 RoamInd=-1 DefRoamInd=-1EriInd= -1EriMode= -1RadioPowerSv: false EmergOnly=false PhoneType: 1 IsCdma=false SimState=UNKNOWN GprsState=0 DataState=Disconnected DataActivity=NONE NetworkType=HSPA HtcModemLinkOn=false HspaDataDistinquishable=true]
D/SIGNAL_ICON(  821): updateTelephonySignalStrength
D/SIGNAL_ICON(  821): fakeui srv=0 mTimerEnabled=false asu=5
D/SIGNAL_ICON(  821): asu=5
D/SIGNAL_ICON(  821): SUPPORT_5_LEVEL_SIGNAL
D/SIGNAL_ICON(  821): mapTelephonySignalStrength
D/SIGNAL_ICON(  821): maxLevel=5 asu=5 networkType=HSPA
D/SIGNAL_ICON(  821): return iconLevel=2
D/StatusBar.NetworkController(  821): dumpIconState[dataVisible=false dataIconId=stat_sys_data_connected_hplus signalIconId=stat_sys_5signal_2 wifiVisible=true wifiIconId=stat_sys_wifi_signal_4 airplaneMode=false]
D/MobileDataStateTracker(  580): ims: Broadcast received: ignore android.intent.action.SERVICE_STATE
D/PowerManagerService(  580): acquireWakeLock(41adc7a0): PARTIAL_WAKE_LOCK , tag=RILJ, flags=0x1, pid=974, uid=1001, mUserState=0x3
D/MobileDataStateTracker(  580): null: Broadcast received: ignore android.intent.action.SERVICE_STATE
D/MobileDataStateTracker(  580): httpproxy: Broadcast received: ignore android.intent.action.SERVICE_STATE
D/MobileDataStateTracker(  580): admin: Broadcast received: ignore android.intent.action.SERVICE_STATE
D/PowerManagerService(  580): releaseWakeLock(41adc7a0): PARTIAL_WAKE_LOCK , tag=RILJ, flags=0x1
D/PowerManagerService(  580): acquireWakeLock(41d0c130): PARTIAL_WAKE_LOCK , tag=RILJ, flags=0x1, pid=974, uid=1001, mUserState=0x3
D/MobileDataStateTracker(  580): internet: Broadcast received: ignore android.intent.action.SERVICE_STATE
D/MobileDataStateTracker(  580): null: Broadcast received: ignore android.intent.action.SERVICE_STATE
D/PowerManagerService(  580): releaseWakeLock(41d0c130): PARTIAL_WAKE_LOCK , tag=RILJ, flags=0x1
D/MobileDataStateTracker(  580): cmmail: Broadcast received: ignore android.intent.action.SERVICE_STATE
D/MobileDataStateTracker(  580): null: Broadcast received: ignore android.intent.action.SERVICE_STATE
D/PowerManagerService(  580): acquireWakeLock(41a65248): PARTIAL_WAKE_LOCK , tag=SWITCH_NETWORK_MODE_WAKE_LOCK, flags=0x1, pid=903, uid=10014, mUserState=0x3
D/MobileDataStateTracker(  580): cmail: Broadcast received: ignore android.intent.action.SERVICE_STATE
D/PowerManagerService(  580): acquireWakeLock(421c5570): PARTIAL_WAKE_LOCK , tag=RILJ, flags=0x1, pid=974, uid=1001, mUserState=0x3
D/MobileDataStateTracker(  580): entitle: Broadcast received: ignore android.intent.action.SERVICE_STATE
D/MobileDataStateTracker(  580): null: Broadcast received: ignore android.intent.action.SERVICE_STATE
D/PowerManagerService(  580): releaseWakeLock(41a65248): PARTIAL_WAKE_LOCK , tag=SWITCH_NETWORK_MODE_WAKE_LOCK, flags=0x1
D/MobileDataStateTracker(  580): bip: Broadcast received: ignore android.intent.action.SERVICE_STATE
D/PowerManagerService(  580): releaseWakeLock(421c5570): PARTIAL_WAKE_LOCK , tag=RILJ, flags=0x1
D/MobileDataStateTracker(  580): default: Broadcast received: ACTION_ANY_DATA_CONNECTION_STATE_CHANGED mApnType=default == received apnType=default
D/MobileDataStateTracker(  580): default: Received state=DISCONNECTED, old=DISCONNECTED, reason=nwTypeChanged
D/MobileDataStateTracker(  580): default: mMobileDataState=DISCONNECTED mTeardownRequested=true got [AnyDataCSC] : type=default state=DISCONNECTED reason=nwTypeChanged apn=null roaming=false unavailable=false NetworkType=10 NetworkTypeName=HSPA entitleError=0
D/PowerManagerService(  580): acquireWakeLock(41cfd8e0): PARTIAL_WAKE_LOCK , tag=RILJ, flags=0x1, pid=974, uid=1001, mUserState=0x3
D/PowerManagerService(  580): releaseWakeLock(41cfd8e0): PARTIAL_WAKE_LOCK , tag=RILJ, flags=0x1
D/PowerManagerService(  580): acquireWakeLock(417cb130): PARTIAL_WAKE_LOCK , tag=ActivityManager-Launch, flags=0x1, pid=580, uid=1000, mUserState=0x3
D/PowerManagerService(  580): acquireWakeLock(42200820): CPU_MIN_FREQ , tag=WindowManager-ScreenRotation-Freq, flags=0x100, pid=580, uid=1000, mUserState=0x3
D/PowerManagerService(  580): acquireWakeLock(41d27018): CPU_MIN_NUM , tag=WindowManager-ScreenRotation-Num, flags=0x400, pid=580, uid=1000, mUserState=0x3
D/PowerManagerService(  580): acquireWakeLock(420cf790): PARTIAL_WAKE_LOCK , tag=SCREEN_FROZEN, flags=0x1, pid=580, uid=1000, mUserState=0x3
I/ActivityManager(  580): Config changed: {1.0 272mcc2mnc en_FR sw360dp w360dp h566dp nrml long port finger -keyb/v/h -nav/h s.44 skin=default fontsize=3 hasNavBar=1}
D/PowerManagerService(  580): acquireWakeLock(4196b660): PARTIAL_WAKE_LOCK , tag=MetadataSyncService, flags=0x1, pid=1291, uid=10017, mUserState=0x3
D/WifiService(  580): acquireWifiLockLocked: WifiLock{MetadataSyncService type=1 binder=android.os.BinderProxy@4188e230}
D/WifiService(  580): updateWifiState(): wifiApEnabled: false, wifiApAirplaneMode: falsegetWifiEnabledState(): 3, getWifiApEnabledState: 11
D/WifiService(  580): updateWifiState(): mAirplaneModeOn.get(): false, mPersistWifiState.get(): 1
D/WifiService(  580): updateWifiState(): mEmergencyCallbackMode: false, mDeviceIdle: false, lockHeld: true, mStopWifiRequested:false
D/WifiService(  580): updateWifiState(): enable and start wifi
D/PowerManagerService(  580): acquireWakeLock(41c321e0): SCREEN_BRIGHT_WAKE_LOCK ON_AFTER_RELEASE , tag=KEEP_SCREEN_ON_FLAG, flags=0x2000000a, pid=580, uid=1000, mUserState=0x3
V/InputMethodManagerService(  580): unbindCurrentInputLocked: client = android.os.BinderProxy@419be210
I/InputMethodManagerService(  580): Disable input method client.
V/InputMethodManagerService(  580): switching to client: client = android.os.BinderProxy@41844300
I/InputMethodManagerService(  580): Enable input method client.
D/PowerManagerService(  580): acquireWakeLock(41a804c8): PARTIAL_WAKE_LOCK , tag=SyncLoopWakeLock, flags=0x1, pid=580, uid=1000, mUserState=0x3
D/PowerManagerService(  580): releaseWakeLock(417cb130): PARTIAL_WAKE_LOCK , tag=ActivityManager-Launch, flags=0x1
D/CarrierLabel(  821): CarrierLabel mIntentReceiver : android.intent.action.CONFIGURATION_CHANGED
D/CarrierLabel(  821): updateResources()
W/CarrierLabel(  821): updateNetworkNameExt: mSimState = UNKNOWN
D/CarrierLabel(  821): updateNetworkName showSpn=false spn= showPlmn=true plmn=3
V/LightsService(  580): setLight #8: color=#c8c800
D/lights  (  580): set_color_led color=13158400, mode=255, off_min=0, off_sec=0
D/lights  (  580): [LedInfo] without indicator attribute, red:c80000, green:c800, blue:0
V/NotificationService(  580): Battery Full, Charging
V/LightsService(  580): setLight #8: color=#c800
D/lights  (  580): set_color_led color=51200, mode=1, off_min=0, off_sec=0
D/lights  (  580): [LedInfo] without indicator attribute, red:0, green:c800, blue:0
D/lights  (  580): [LedInfo] write attr ok name=/sys/class/leds/amber/brightness string=0,len=1
D/lights  (  580): [LedInfo] write attr ok name=/sys/class/leds/amber/blink string=0,len=1
D/lights  (  580): [LedInfo] write attr ok name=/sys/class/leds/amber/off_timer string=0 0,len=3
D/lights  (  580): [LedInfo] write attr ok name=/sys/class/leds/green/brightness string=1,len=1
D/lights  (  580): [LedInfo] write attr ok name=/sys/class/leds/green/blink string=0,len=1
D/lights  (  580): [LedInfo] write attr ok name=/sys/class/leds/green/off_timer string=0 0,len=3
D/PowerManagerService(  580): releaseWakeLock(420cf790): PARTIAL_WAKE_LOCK , tag=SCREEN_FROZEN, flags=0x1
D/PowerManagerService(  580): acquireWakeLock(41945ea0): PARTIAL_WAKE_LOCK , tag=*sync*_gmail-ls_Account {name=inf*********s, type=com.google}, flags=0x1, pid=580, uid=1000, mUserState=0x3
D/PowerManagerService(  580): releaseWakeLock(41a804c8): PARTIAL_WAKE_LOCK , tag=SyncLoopWakeLock, flags=0x1
D/PowerManagerService(  580): acquireWakeLock(41f30590): PARTIAL_WAKE_LOCK , tag=SyncLoopWakeLock, flags=0x1, pid=580, uid=1000, mUserState=0x3
D/PowerManagerService(  580): releaseWakeLock(41f30590): PARTIAL_WAKE_LOCK , tag=SyncLoopWakeLock, flags=0x1
D/PowerManagerService(  580): acquireWakeLock(42209e18): PARTIAL_WAKE_LOCK , tag=SyncLoopWakeLock, flags=0x1, pid=580, uid=1000, mUserState=0x3
D/PowerManagerService(  580): releaseWakeLock(42209e18): PARTIAL_WAKE_LOCK , tag=SyncLoopWakeLock, flags=0x1
D/PowerManagerService(  580): acquireWakeLock(41a5f728): PARTIAL_WAKE_LOCK , tag=*net_scheduler*, flags=0x1, pid=1068, uid=10017, mUserState=0x3
D/PowerManagerService(  580): releaseWakeLock(41a5f728): PARTIAL_WAKE_LOCK , tag=*net_scheduler*, flags=0x1
D/PowerManagerService(  580): releaseWakeLock(42200820): CPU_MIN_FREQ , tag=WindowManager-ScreenRotation-Freq, flags=0x100
D/PowerManagerService(  580): releaseWakeLock(41d27018): CPU_MIN_NUM , tag=WindowManager-ScreenRotation-Num, flags=0x400
D/WifiService(  580): releaseWifiLockLocked: WifiLock{MetadataSyncService type=1 binder=android.os.BinderProxy@4188e230}
D/WifiService(  580): updateWifiState(): wifiApEnabled: false, wifiApAirplaneMode: falsegetWifiEnabledState(): 3, getWifiApEnabledState: 11
D/WifiService(  580): updateWifiState(): mAirplaneModeOn.get(): false, mPersistWifiState.get(): 1
D/WifiService(  580): updateWifiState(): mEmergencyCallbackMode: false, mDeviceIdle: false, lockHeld: true, mStopWifiRequested:false
D/WifiService(  580): updateWifiState(): enable and start wifi
D/PowerManagerService(  580): releaseWakeLock(4196b660): PARTIAL_WAKE_LOCK , tag=MetadataSyncService, flags=0x1
D/PowerManagerService(  580): acquireWakeLock(41a391e8): PARTIAL_WAKE_LOCK , tag=GCM_CONN, flags=0x1, pid=1068, uid=10017, mUserState=0x3
D/ConnectivityService(  580): reportInetCondition for net 1, percentage: 100 by 1068/10017
D/ConnectivityService(  580): handleInetConditionChange: net=1, condition=100,mActiveDefaultNetwork=1
D/ConnectivityService(  580): handleInetConditionChange: starting a change hold
D/PowerManagerService(  580): acquireWakeLock(411e67b8): PARTIAL_WAKE_LOCK , tag=GOOGLE_C2DM, flags=0x1, pid=1068, uid=10017, mUserState=0x3
D/PowerManagerService(  580): releaseWakeLock(41a391e8): PARTIAL_WAKE_LOCK , tag=GCM_CONN, flags=0x1
D/PowerManagerService(  580): acquireWakeLock(41ca1210): PARTIAL_WAKE_LOCK , tag=*net_scheduler*, flags=0x1, pid=1068, uid=10017, mUserState=0x3
D/PowerManagerService(  580): releaseWakeLock(41ca1210): PARTIAL_WAKE_LOCK , tag=*net_scheduler*, flags=0x1
D/PowerManagerService(  580): releaseWakeLock(411e67b8): PARTIAL_WAKE_LOCK , tag=GOOGLE_C2DM, flags=0x1
D/PowerManagerService(  580): acquireWakeLock(41e60490): PARTIAL_WAKE_LOCK , tag=SyncLoopWakeLock, flags=0x1, pid=580, uid=1000, mUserState=0x3
D/PowerManagerService(  580): releaseWakeLock(41e60490): PARTIAL_WAKE_LOCK , tag=SyncLoopWakeLock, flags=0x1
D/PowerManagerService(  580): acquireWakeLock(41d727b8): PARTIAL_WAKE_LOCK , tag=RILJ, flags=0x1, pid=974, uid=1001, mUserState=0x3
D/PowerManagerService(  580): releaseWakeLock(41d727b8): PARTIAL_WAKE_LOCK , tag=RILJ, flags=0x1
D/ConnectivityService(  580): handleInetConditionHoldEnd: net=1, condition=100, published condition=100
D/ConnectivityService(  580): sendStickyBroadcast: action=android.net.conn.INET_CONDITION_ACTION
D/PowerManagerService(  580): acquireWakeLock(41d52168): PARTIAL_WAKE_LOCK , tag=RILJ, flags=0x1, pid=974, uid=1001, mUserState=0x3
D/PowerManagerService(  580): releaseWakeLock(41d52168): PARTIAL_WAKE_LOCK , tag=RILJ, flags=0x1
D/PowerManagerService(  580): acquireWakeLock(41d3a9b8): PARTIAL_WAKE_LOCK , tag=RILJ, flags=0x1, pid=974, uid=1001, mUserState=0x3
D/WIFI_ICON(  821): updateConnectivity: type=1 connected=true
D/PowerManagerService(  580): releaseWakeLock(41d3a9b8): PARTIAL_WAKE_LOCK , tag=RILJ, flags=0x1
D/StatusBar.NetworkController(  821): dumpState[hasService=true ServiceState=0 home 3 3 27202  HSPA CSS not supported -1 -1 RoamInd=-1 DefRoamInd=-1EriInd= -1EriMode= -1RadioPowerSv: false EmergOnly=false PhoneType: 1 IsCdma=false SimState=UNKNOWN GprsState=0 DataState=Disconnected DataActivity=NONE NetworkType=HSPA HtcModemLinkOn=false HspaDataDistinquishable=true]
D/StatusBar.NetworkController(  821): dumpIconState[dataVisible=false dataIconId=stat_sys_data_connected_hplus signalIconId=stat_sys_5signal_2 wifiVisible=true wifiIconId=stat_sys_wifi_signal_4 airplaneMode=false]
D/PowerManagerService(  580): releaseWakeLock(41c321e0): SCREEN_BRIGHT_WAKE_LOCK ON_AFTER_RELEASE , tag=KEEP_SCREEN_ON_FLAG, flags=0x2000000a
D/PowerManagerService(  580): acquireWakeLock(420b8588): PARTIAL_WAKE_LOCK , tag=Icing, flags=0x1, pid=1291, uid=10017, mUserState=0x3
D/PowerManagerService(  580): acquireWakeLock(41e12e00): PARTIAL_WAKE_LOCK , tag=SyncLoopWakeLock, flags=0x1, pid=580, uid=1000, mUserState=0x3
D/PowerManagerService(  580): releaseWakeLock(41945ea0): PARTIAL_WAKE_LOCK , tag=*sync*_gmail-ls_Account {name=inf*********s, type=com.google}, flags=0x1
D/PowerManagerService(  580): acquireWakeLock(41b6afc0): PARTIAL_WAKE_LOCK , tag=*sync*_gmail-ls_Account {name=inf*********s, type=com.google}, flags=0x1, pid=580, uid=1000, mUserState=0x3
D/PowerManagerService(  580): releaseWakeLock(41e12e00): PARTIAL_WAKE_LOCK , tag=SyncLoopWakeLock, flags=0x1
D/PowerManagerService(  580): acquireWakeLock(41a73cb0): PARTIAL_WAKE_LOCK , tag=SyncLoopWakeLock, flags=0x1, pid=580, uid=1000, mUserState=0x3
D/PowerManagerService(  580): releaseWakeLock(41a73cb0): PARTIAL_WAKE_LOCK , tag=SyncLoopWakeLock, flags=0x1
D/PowerManagerService(  580): acquireWakeLock(4188d968): PARTIAL_WAKE_LOCK , tag=RILJ, flags=0x1, pid=974, uid=1001, mUserState=0x3
D/PowerManagerService(  580): releaseWakeLock(4188d968): PARTIAL_WAKE_LOCK , tag=RILJ, flags=0x1
D/PowerManagerService(  580): acquireWakeLock(41e4c650): PARTIAL_WAKE_LOCK , tag=RILJ, flags=0x1, pid=974, uid=1001, mUserState=0x3
D/PowerManagerService(  580): releaseWakeLock(41e4c650): PARTIAL_WAKE_LOCK , tag=RILJ, flags=0x1
D/PowerManagerService(  580): TPE algorithm. remove timeout.
D/PowerManagerService(  580): ALG=2, lsvalue=640(6th)->2600(8th), last_level=6, lValue=125->125, bValue=0, kValue=0, mPowerState=0x3, mSkippedScreenOn=false, mInitialAnimation=false, immediate=false
D/PowerManagerService(  580): acquireWakeLock(41fd5510): PARTIAL_WAKE_LOCK , tag=SyncLoopWakeLock, flags=0x1, pid=580, uid=1000, mUserState=0x3
D/PowerManagerService(  580): releaseWakeLock(41b6afc0): PARTIAL_WAKE_LOCK , tag=*sync*_gmail-ls_Account {name=inf*********s, type=com.google}, flags=0x1
D/PowerManagerService(  580): releaseWakeLock(41fd5510): PARTIAL_WAKE_LOCK , tag=SyncLoopWakeLock, flags=0x1
D/PowerManagerService(  580): releaseWakeLock(420b8588): PARTIAL_WAKE_LOCK , tag=Icing, flags=0x1
D/TELEPHONY_CALLBACK(  821): @onSignalStrengthChanged: SignalStrength: 9 -1 -1 -1 -1 -1 -1 -1 -1 -1 2147483647 -1 gsm|lte
D/StatusBar.NetworkController(  821): dumpState[hasService=true ServiceState=0 home 3 3 27202  HSPA CSS not supported -1 -1 RoamInd=-1 DefRoamInd=-1EriInd= -1EriMode= -1RadioPowerSv: false EmergOnly=false PhoneType: 1 IsCdma=false SimState=UNKNOWN GprsState=0 DataState=Disconnected DataActivity=NONE NetworkType=HSPA HtcModemLinkOn=false HspaDataDistinquishable=true]
D/SIGNAL_ICON(  821): updateTelephonySignalStrength
D/SIGNAL_ICON(  821): fakeui srv=0 mTimerEnabled=false asu=9
D/SIGNAL_ICON(  821): asu=9
D/SIGNAL_ICON(  821): SUPPORT_5_LEVEL_SIGNAL
D/SIGNAL_ICON(  821): mapTelephonySignalStrength
D/SIGNAL_ICON(  821): maxLevel=5 asu=9 networkType=HSPA
D/SIGNAL_ICON(  821): return iconLevel=3
D/SIGNAL_ICON(  821): refreshViews: mPhoneSignalIconId -> stat_sys_5signal_3
D/StatusBar.NetworkController(  821): dumpIconState[dataVisible=false dataIconId=stat_sys_data_connected_hplus signalIconId=stat_sys_5signal_3 wifiVisible=true wifiIconId=stat_sys_wifi_signal_4 airplaneMode=false]
I/ActivityManager(  580): Recipient 27566
I/ActivityManager(  580): Process com.android.vending (pid 27566) has died.
D/PowerManagerService(  580): acquireWakeLock(418b6320): PARTIAL_WAKE_LOCK , tag=RILJ, flags=0x1, pid=974, uid=1001, mUserState=0x3
D/PowerManagerService(  580): releaseWakeLock(418b6320): PARTIAL_WAKE_LOCK , tag=RILJ, flags=0x1
D/PowerManagerService(  580): acquireWakeLock(41d89de8): PARTIAL_WAKE_LOCK , tag=RILJ, flags=0x1, pid=974, uid=1001, mUserState=0x3
D/PowerManagerService(  580): releaseWakeLock(41d89de8): PARTIAL_WAKE_LOCK , tag=RILJ, flags=0x1
D/TELEPHONY_CALLBACK(  821): @onServiceStateChanged: 0 home 3 3 27202  UMTS CSS not supported -1 -1 RoamInd=-1 DefRoamInd=-1EriInd= -1EriMode= -1RadioPowerSv: false EmergOnly=false PhoneType: 1
D/StatusBar.NetworkController(  821): dumpState[hasService=true ServiceState=0 home 3 3 27202  UMTS CSS not supported -1 -1 RoamInd=-1 DefRoamInd=-1EriInd= -1EriMode= -1RadioPowerSv: false EmergOnly=false PhoneType: 1 IsCdma=false SimState=UNKNOWN GprsState=0 DataState=Disconnected DataActivity=NONE NetworkType=HSPA HtcModemLinkOn=false HspaDataDistinquishable=true]
D/SIGNAL_ICON(  821): updateTelephonySignalStrength
D/SIGNAL_ICON(  821): fakeui srv=0 mTimerEnabled=false asu=9
D/SIGNAL_ICON(  821): asu=9
D/SIGNAL_ICON(  821): SUPPORT_5_LEVEL_SIGNAL
D/SIGNAL_ICON(  821): mapTelephonySignalStrength
D/SIGNAL_ICON(  821): maxLevel=5 asu=9 networkType=HSPA
D/SIGNAL_ICON(  821): return iconLevel=3
D/DATA_ICON(  821): updateDataNetType: networkType=HSPA
D/DATA_ICON(  821): updateDataIcon
D/DATA_ICON(  821): NOP
D/StatusBar.NetworkController(  821): dumpIconState[dataVisible=false dataIconId=stat_sys_data_connected_hplus signalIconId=stat_sys_5signal_3 wifiVisible=true wifiIconId=stat_sys_wifi_signal_4 airplaneMode=false]
D/MobileDataStateTracker(  580): default: Broadcast received: ignore android.intent.action.SERVICE_STATE
I/TelephonyRegistry(  580): notifyDataConnection: state=0 isDataConnectivityPossible=true reason='nwTypeChanged' apn='null' apnType=default networkType=3 roaming=false errorCause=0preConn = []
D/MobileDataStateTracker(  580): mms: Broadcast received: ignore android.intent.action.SERVICE_STATE
D/TELEPHONY_CALLBACK(  821): @onDataConnectionStateChanged: dataState=0 networkType=UMTS
D/MobileDataStateTracker(  580): supl: Broadcast received: ignore android.intent.action.SERVICE_STATE
D/StatusBar.NetworkController(  821): dumpState[hasService=true ServiceState=0 home 3 3 27202  UMTS CSS not supported -1 -1 RoamInd=-1 DefRoamInd=-1EriInd= -1EriMode= -1RadioPowerSv: false EmergOnly=false PhoneType: 1 IsCdma=false SimState=UNKNOWN GprsState=0 DataState=Disconnected DataActivity=NONE NetworkType=UMTS HtcModemLinkOn=false HspaDataDistinquishable=true]
D/MobileDataStateTracker(  580): dun: Broadcast received: ignore android.intent.action.SERVICE_STATE
D/DATA_ICON(  821): updateDataNetType: networkType=UMTS
D/DATA_ICON(  821): updateDataIcon
D/PowerManagerService(  580): acquireWakeLock(41e40950): PARTIAL_WAKE_LOCK , tag=RILJ, flags=0x1, pid=974, uid=1001, mUserState=0x3
D/DATA_ICON(  821): NOP
D/MobileDataStateTracker(  580): hipri: Broadcast received: ignore android.intent.action.SERVICE_STATE
D/StatusBar.NetworkController(  821): dumpIconState[dataVisible=false dataIconId=stat_sys_data_connected_hplus signalIconId=stat_sys_5signal_3 wifiVisible=true wifiIconId=stat_sys_wifi_signal_4 airplaneMode=false]
D/PowerManagerService(  580): releaseWakeLock(41e40950): PARTIAL_WAKE_LOCK , tag=RILJ, flags=0x1
D/MobileDataStateTracker(  580): fota: Broadcast received: ignore android.intent.action.SERVICE_STATE
D/PowerManagerService(  580): acquireWakeLock(41d784d8): PARTIAL_WAKE_LOCK , tag=RILJ, flags=0x1, pid=974, uid=1001, mUserState=0x3
D/MobileDataStateTracker(  580): ims: Broadcast received: ignore android.intent.action.SERVICE_STATE
D/PowerManagerService(  580): releaseWakeLock(41d784d8): PARTIAL_WAKE_LOCK , tag=RILJ, flags=0x1
D/MobileDataStateTracker(  580): null: Broadcast received: ignore android.intent.action.SERVICE_STATE
D/MobileDataStateTracker(  580): httpproxy: Broadcast received: ignore android.intent.action.SERVICE_STATE
D/MobileDataStateTracker(  580): admin: Broadcast received: ignore android.intent.action.SERVICE_STATE
D/MobileDataStateTracker(  580): internet: Broadcast received: ignore android.intent.action.SERVICE_STATE
D/MobileDataStateTracker(  580): null: Broadcast received: ignore android.intent.action.SERVICE_STATE
D/PowerManagerService(  580): acquireWakeLock(418aec98): PARTIAL_WAKE_LOCK , tag=SWITCH_NETWORK_MODE_WAKE_LOCK, flags=0x1, pid=903, uid=10014, mUserState=0x3
D/MobileDataStateTracker(  580): cmmail: Broadcast received: ignore android.intent.action.SERVICE_STATE
D/MobileDataStateTracker(  580): null: Broadcast received: ignore android.intent.action.SERVICE_STATE
D/PowerManagerService(  580): acquireWakeLock(419bd650): PARTIAL_WAKE_LOCK , tag=RILJ, flags=0x1, pid=974, uid=1001, mUserState=0x3
D/PowerManagerService(  580): releaseWakeLock(419bd650): PARTIAL_WAKE_LOCK , tag=RILJ, flags=0x1
D/MobileDataStateTracker(  580): cmail: Broadcast received: ignore android.intent.action.SERVICE_STATE
D/PowerManagerService(  580): acquireWakeLock(41e5fca8): PARTIAL_WAKE_LOCK , tag=RILJ, flags=0x1, pid=974, uid=1001, mUserState=0x3
D/MobileDataStateTracker(  580): entitle: Broadcast received: ignore android.intent.action.SERVICE_STATE
D/PowerManagerService(  580): releaseWakeLock(41e5fca8): PARTIAL_WAKE_LOCK , tag=RILJ, flags=0x1
D/MobileDataStateTracker(  580): null: Broadcast received: ignore android.intent.action.SERVICE_STATE
D/PowerManagerService(  580): releaseWakeLock(418aec98): PARTIAL_WAKE_LOCK , tag=SWITCH_NETWORK_MODE_WAKE_LOCK, flags=0x1
D/MobileDataStateTracker(  580): bip: Broadcast received: ignore android.intent.action.SERVICE_STATE
D/MobileDataStateTracker(  580): default: Broadcast received: ACTION_ANY_DATA_CONNECTION_STATE_CHANGED mApnType=default == received apnType=default
D/MobileDataStateTracker(  580): default: Received state=DISCONNECTED, old=DISCONNECTED, reason=nwTypeChanged
D/MobileDataStateTracker(  580): default: mMobileDataState=DISCONNECTED mTeardownRequested=true got [AnyDataCSC] : type=default state=DISCONNECTED reason=nwTypeChanged apn=null roaming=false unavailable=false NetworkType=3 NetworkTypeName=UMTS entitleError=0
D/PowerManagerService(  580): acquireWakeLock(41decc58): PARTIAL_WAKE_LOCK , tag=RILJ, flags=0x1, pid=974, uid=1001, mUserState=0x3
D/PowerManagerService(  580): releaseWakeLock(41decc58): PARTIAL_WAKE_LOCK , tag=RILJ, flags=0x1
D/PowerManagerService(  580): acquireWakeLock(41b18850): PARTIAL_WAKE_LOCK , tag=RILJ, flags=0x1, pid=974, uid=1001, mUserState=0x3
D/PowerManagerService(  580): releaseWakeLock(41b18850): PARTIAL_WAKE_LOCK , tag=RILJ, flags=0x1
D/PowerManagerService(  580): acquireWakeLock(41ad0448): PARTIAL_WAKE_LOCK , tag=RILJ, flags=0x1, pid=974, uid=1001, mUserState=0x3
D/PowerManagerService(  580): releaseWakeLock(41ad0448): PARTIAL_WAKE_LOCK , tag=RILJ, flags=0x1
D/PowerManagerService(  580): acquireWakeLock(41e90528): PARTIAL_WAKE_LOCK , tag=RILJ, flags=0x1, pid=974, uid=1001, mUserState=0x3
D/PowerManagerService(  580): releaseWakeLock(41e90528): PARTIAL_WAKE_LOCK , tag=RILJ, flags=0x1
D/PowerManagerService(  580): acquireWakeLock(418a1260): PARTIAL_WAKE_LOCK , tag=RILJ, flags=0x1, pid=974, uid=1001, mUserState=0x3
D/PowerManagerService(  580): releaseWakeLock(418a1260): PARTIAL_WAKE_LOCK , tag=RILJ, flags=0x1
D/PowerManagerService(  580): acquireWakeLock(41d5c8a0): PARTIAL_WAKE_LOCK , tag=RILJ, flags=0x1, pid=974, uid=1001, mUserState=0x3
D/PowerManagerService(  580): releaseWakeLock(41d5c8a0): PARTIAL_WAKE_LOCK , tag=RILJ, flags=0x1
D/PowerManagerService(  580): acquireWakeLock(41edb0a8): PARTIAL_WAKE_LOCK , tag=RILJ, flags=0x1, pid=974, uid=1001, mUserState=0x3
D/PowerManagerService(  580): releaseWakeLock(41edb0a8): PARTIAL_WAKE_LOCK , tag=RILJ, flags=0x1
D/PowerManagerService(  580): acquireWakeLock(41ae84c0): PARTIAL_WAKE_LOCK , tag=RILJ, flags=0x1, pid=974, uid=1001, mUserState=0x3
D/PowerManagerService(  580): releaseWakeLock(41ae84c0): PARTIAL_WAKE_LOCK , tag=RILJ, flags=0x1
D/PowerManagerService(  580): acquireWakeLock(4225ac30): PARTIAL_WAKE_LOCK , tag=RILJ, flags=0x1, pid=974, uid=1001, mUserState=0x3
D/PowerManagerService(  580): releaseWakeLock(4225ac30): PARTIAL_WAKE_LOCK , tag=RILJ, flags=0x1
D/PowerManagerService(  580): acquireWakeLock(41a59808): PARTIAL_WAKE_LOCK , tag=RILJ, flags=0x1, pid=974, uid=1001, mUserState=0x3
D/PowerManagerService(  580): releaseWakeLock(41a59808): PARTIAL_WAKE_LOCK , tag=RILJ, flags=0x1
D/PowerManagerService(  580): acquireWakeLock(41dd68c0): PARTIAL_WAKE_LOCK , tag=RILJ, flags=0x1, pid=974, uid=1001, mUserState=0x3
D/PowerManagerService(  580): releaseWakeLock(41dd68c0): PARTIAL_WAKE_LOCK , tag=RILJ, flags=0x1
D/PowerManagerService(  580): acquireWakeLock(41aad7e8): PARTIAL_WAKE_LOCK , tag=RILJ, flags=0x1, pid=974, uid=1001, mUserState=0x3
D/PowerManagerService(  580): releaseWakeLock(41aad7e8): PARTIAL_WAKE_LOCK , tag=RILJ, flags=0x1
D/PowerManagerService(  580): acquireWakeLock(41d3bfd0): PARTIAL_WAKE_LOCK , tag=RILJ, flags=0x1, pid=974, uid=1001, mUserState=0x3
D/PowerManagerService(  580): releaseWakeLock(41d3bfd0): PARTIAL_WAKE_LOCK , tag=RILJ, flags=0x1
D/TELEPHONY_CALLBACK(  821): @onServiceStateChanged: 0 home 3 3 27202  HSPA CSS not supported -1 -1 RoamInd=-1 DefRoamInd=-1EriInd= -1EriMode= -1RadioPowerSv: false EmergOnly=false PhoneType: 1
D/StatusBar.NetworkController(  821): dumpState[hasService=true ServiceState=0 home 3 3 27202  HSPA CSS not supported -1 -1 RoamInd=-1 DefRoamInd=-1EriInd= -1EriMode= -1RadioPowerSv: false EmergOnly=false PhoneType: 1 IsCdma=false SimState=UNKNOWN GprsState=0 DataState=Disconnected DataActivity=NONE NetworkType=UMTS HtcModemLinkOn=false HspaDataDistinquishable=true]
D/SIGNAL_ICON(  821): updateTelephonySignalStrength
D/SIGNAL_ICON(  821): fakeui srv=0 mTimerEnabled=false asu=9
D/SIGNAL_ICON(  821): asu=9
D/SIGNAL_ICON(  821): SUPPORT_5_LEVEL_SIGNAL
D/SIGNAL_ICON(  821): mapTelephonySignalStrength
D/SIGNAL_ICON(  821): maxLevel=5 asu=9 networkType=UMTS
D/SIGNAL_ICON(  821): return iconLevel=3
D/DATA_ICON(  821): updateDataNetType: networkType=UMTS
D/DATA_ICON(  821): updateDataIcon
D/DATA_ICON(  821): NOP
D/StatusBar.NetworkController(  821): dumpIconState[dataVisible=false dataIconId=stat_sys_data_connected_hplus signalIconId=stat_sys_5signal_3 wifiVisible=true wifiIconId=stat_sys_wifi_signal_4 airplaneMode=false]
D/MobileDataStateTracker(  580): default: Broadcast received: ignore android.intent.action.SERVICE_STATE
D/MobileDataStateTracker(  580): mms: Broadcast received: ignore android.intent.action.SERVICE_STATE
D/MobileDataStateTracker(  580): supl: Broadcast received: ignore android.intent.action.SERVICE_STATE
D/MobileDataStateTracker(  580): dun: Broadcast received: ignore android.intent.action.SERVICE_STATE
D/MobileDataStateTracker(  580): hipri: Broadcast received: ignore android.intent.action.SERVICE_STATE
I/TelephonyRegistry(  580): notifyDataConnection: state=0 isDataConnectivityPossible=true reason='nwTypeChanged' apn='null' apnType=default networkType=10 roaming=false errorCause=0preConn = []
D/TELEPHONY_CALLBACK(  821): @onDataConnectionStateChanged: dataState=0 networkType=HSPA
D/StatusBar.NetworkController(  821): dumpState[hasService=true ServiceState=0 home 3 3 27202  HSPA CSS not supported -1 -1 RoamInd=-1 DefRoamInd=-1EriInd= -1EriMode= -1RadioPowerSv: false EmergOnly=false PhoneType: 1 IsCdma=false SimState=UNKNOWN GprsState=0 DataState=Disconnected DataActivity=NONE NetworkType=HSPA HtcModemLinkOn=false HspaDataDistinquishable=true]
D/DATA_ICON(  821): updateDataNetType: networkType=HSPA
D/DATA_ICON(  821): updateDataIcon
D/DATA_ICON(  821): NOP
D/StatusBar.NetworkController(  821): dumpIconState[dataVisible=false dataIconId=stat_sys_data_connected_hplus signalIconId=stat_sys_5signal_3 wifiVisible=true wifiIconId=stat_sys_wifi_signal_4 airplaneMode=false]
D/MobileDataStateTracker(  580): fota: Broadcast received: ignore android.intent.action.SERVICE_STATE
